Archive member included to satisfy reference by file (symbol)

C:/Users/User/OneDrive/Desktop/Tools/ARM/xpack-arm-none-eabi-gcc-13.2.1-1.1/bin/../lib/gcc/arm-none-eabi/13.2.1/../../../../arm-none-eabi/lib/thumb/v7e-m+fp/hard\libc_nano.a(libc_a-atexit.o)
                              C:/Users/User/OneDrive/Desktop/Tools/ARM/xpack-arm-none-eabi-gcc-13.2.1-1.1/bin/../lib/gcc/arm-none-eabi/13.2.1/../../../../arm-none-eabi/lib/thumb/v7e-m+fp/hard/crt0.o (atexit)
C:/Users/User/OneDrive/Desktop/Tools/ARM/xpack-arm-none-eabi-gcc-13.2.1-1.1/bin/../lib/gcc/arm-none-eabi/13.2.1/../../../../arm-none-eabi/lib/thumb/v7e-m+fp/hard\libc_nano.a(libc_a-exit.o)
                              C:/Users/User/OneDrive/Desktop/Tools/ARM/xpack-arm-none-eabi-gcc-13.2.1-1.1/bin/../lib/gcc/arm-none-eabi/13.2.1/../../../../arm-none-eabi/lib/thumb/v7e-m+fp/hard/crt0.o (exit)
C:/Users/User/OneDrive/Desktop/Tools/ARM/xpack-arm-none-eabi-gcc-13.2.1-1.1/bin/../lib/gcc/arm-none-eabi/13.2.1/../../../../arm-none-eabi/lib/thumb/v7e-m+fp/hard\libc_nano.a(libc_a-nano-vfprintf_float.o)
                              (_printf_float)
C:/Users/User/OneDrive/Desktop/Tools/ARM/xpack-arm-none-eabi-gcc-13.2.1-1.1/bin/../lib/gcc/arm-none-eabi/13.2.1/../../../../arm-none-eabi/lib/thumb/v7e-m+fp/hard\libc_nano.a(libc_a-nano-vfprintf_i.o)
                              C:/Users/User/OneDrive/Desktop/Tools/ARM/xpack-arm-none-eabi-gcc-13.2.1-1.1/bin/../lib/gcc/arm-none-eabi/13.2.1/../../../../arm-none-eabi/lib/thumb/v7e-m+fp/hard\libc_nano.a(libc_a-nano-vfprintf_float.o) (_printf_common)
C:/Users/User/OneDrive/Desktop/Tools/ARM/xpack-arm-none-eabi-gcc-13.2.1-1.1/bin/../lib/gcc/arm-none-eabi/13.2.1/../../../../arm-none-eabi/lib/thumb/v7e-m+fp/hard\libc_nano.a(libc_a-findfp.o)
                              C:/Users/User/OneDrive/Desktop/Tools/ARM/xpack-arm-none-eabi-gcc-13.2.1-1.1/bin/../lib/gcc/arm-none-eabi/13.2.1/../../../../arm-none-eabi/lib/thumb/v7e-m+fp/hard\libc_nano.a(libc_a-exit.o) (__stdio_exit_handler)
C:/Users/User/OneDrive/Desktop/Tools/ARM/xpack-arm-none-eabi-gcc-13.2.1-1.1/bin/../lib/gcc/arm-none-eabi/13.2.1/../../../../arm-none-eabi/lib/thumb/v7e-m+fp/hard\libc_nano.a(libc_a-fwalk.o)
                              C:/Users/User/OneDrive/Desktop/Tools/ARM/xpack-arm-none-eabi-gcc-13.2.1-1.1/bin/../lib/gcc/arm-none-eabi/13.2.1/../../../../arm-none-eabi/lib/thumb/v7e-m+fp/hard\libc_nano.a(libc_a-findfp.o) (_fwalk_sglue)
C:/Users/User/OneDrive/Desktop/Tools/ARM/xpack-arm-none-eabi-gcc-13.2.1-1.1/bin/../lib/gcc/arm-none-eabi/13.2.1/../../../../arm-none-eabi/lib/thumb/v7e-m+fp/hard\libc_nano.a(libc_a-sprintf.o)
                              build_F411RE/MCU6050.o (sprintf)
C:/Users/User/OneDrive/Desktop/Tools/ARM/xpack-arm-none-eabi-gcc-13.2.1-1.1/bin/../lib/gcc/arm-none-eabi/13.2.1/../../../../arm-none-eabi/lib/thumb/v7e-m+fp/hard\libc_nano.a(libc_a-stdio.o)
                              C:/Users/User/OneDrive/Desktop/Tools/ARM/xpack-arm-none-eabi-gcc-13.2.1-1.1/bin/../lib/gcc/arm-none-eabi/13.2.1/../../../../arm-none-eabi/lib/thumb/v7e-m+fp/hard\libc_nano.a(libc_a-findfp.o) (__sread)
C:/Users/User/OneDrive/Desktop/Tools/ARM/xpack-arm-none-eabi-gcc-13.2.1-1.1/bin/../lib/gcc/arm-none-eabi/13.2.1/../../../../arm-none-eabi/lib/thumb/v7e-m+fp/hard\libc_nano.a(libc_a-vsnprintf.o)
                              build_F411RE/main.o (vsnprintf)
C:/Users/User/OneDrive/Desktop/Tools/ARM/xpack-arm-none-eabi-gcc-13.2.1-1.1/bin/../lib/gcc/arm-none-eabi/13.2.1/../../../../arm-none-eabi/lib/thumb/v7e-m+fp/hard\libc_nano.a(libc_a-memset.o)
                              C:/Users/User/OneDrive/Desktop/Tools/ARM/xpack-arm-none-eabi-gcc-13.2.1-1.1/bin/../lib/gcc/arm-none-eabi/13.2.1/../../../../arm-none-eabi/lib/thumb/v7e-m+fp/hard/crt0.o (memset)
C:/Users/User/OneDrive/Desktop/Tools/ARM/xpack-arm-none-eabi-gcc-13.2.1-1.1/bin/../lib/gcc/arm-none-eabi/13.2.1/../../../../arm-none-eabi/lib/thumb/v7e-m+fp/hard\libc_nano.a(libc_a-localeconv.o)
                              C:/Users/User/OneDrive/Desktop/Tools/ARM/xpack-arm-none-eabi-gcc-13.2.1-1.1/bin/../lib/gcc/arm-none-eabi/13.2.1/../../../../arm-none-eabi/lib/thumb/v7e-m+fp/hard\libc_nano.a(libc_a-nano-vfprintf_float.o) (_localeconv_r)
C:/Users/User/OneDrive/Desktop/Tools/ARM/xpack-arm-none-eabi-gcc-13.2.1-1.1/bin/../lib/gcc/arm-none-eabi/13.2.1/../../../../arm-none-eabi/lib/thumb/v7e-m+fp/hard\libc_nano.a(libc_a-closer.o)
                              C:/Users/User/OneDrive/Desktop/Tools/ARM/xpack-arm-none-eabi-gcc-13.2.1-1.1/bin/../lib/gcc/arm-none-eabi/13.2.1/../../../../arm-none-eabi/lib/thumb/v7e-m+fp/hard\libc_nano.a(libc_a-stdio.o) (_close_r)
C:/Users/User/OneDrive/Desktop/Tools/ARM/xpack-arm-none-eabi-gcc-13.2.1-1.1/bin/../lib/gcc/arm-none-eabi/13.2.1/../../../../arm-none-eabi/lib/thumb/v7e-m+fp/hard\libc_nano.a(libc_a-reent.o)
[...]
Memory Configuration

Name             Origin             Length             Attributes
RAM              0x20000000         0x00020000         xrw
FLASH            0x08000000         0x00080000         xr
*default*        0x00000000         0xffffffff

Linker script and memory map

LOAD C:/Users/User/OneDrive/Desktop/Tools/ARM/xpack-arm-none-eabi-gcc-13.2.1-1.1/bin/../lib/gcc/arm-none-eabi/13.2.1/thumb/v7e-m+fp/hard/crti.o
LOAD C:/Users/User/OneDrive/Desktop/Tools/ARM/xpack-arm-none-eabi-gcc-13.2.1-1.1/bin/../lib/gcc/arm-none-eabi/13.2.1/thumb/v7e-m+fp/hard/crtbegin.o
LOAD C:/Users/User/OneDrive/Desktop/Tools/ARM/xpack-arm-none-eabi-gcc-13.2.1-1.1/bin/../lib/gcc/arm-none-eabi/13.2.1/../../../../arm-none-eabi/lib/thumb/v7e-m+fp/hard/crt0.o
LOAD build_F411RE/system_stm32f4xx.o
LOAD build_F411RE/syscalls.o
LOAD build_F411RE/sysmem.o
LOAD build_F411RE/main.o
LOAD build_F411RE/init.o
LOAD build_F411RE/handlers.o
LOAD build_F411RE/task.o
LOAD build_F411RE/I2C.o
LOAD build_F411RE/MCU6050.o
LOAD build_F411RE/motor.o
LOAD build_F411RE/startup_stm32f411xe.o
LOAD C:/Users/User/OneDrive/Desktop/Tools/ARM/xpack-arm-none-eabi-gcc-13.2.1-1.1/bin/../lib/gcc/arm-none-eabi/13.2.1/../../../../arm-none-eabi/lib/thumb/v7e-m+fp/hard\libc_nano.a
LOAD C:/Users/User/OneDrive/Desktop/Tools/ARM/xpack-arm-none-eabi-gcc-13.2.1-1.1/bin/../lib/gcc/arm-none-eabi/13.2.1/../../../../arm-none-eabi/lib/thumb/v7e-m+fp/hard\libm.a
LOAD C:/Users/User/OneDrive/Desktop/Tools/ARM/xpack-arm-none-eabi-gcc-13.2.1-1.1/bin/../lib/gcc/arm-none-eabi/13.2.1/../../../../arm-none-eabi/lib/thumb/v7e-m+fp/hard\libnosys.a
START GROUP
LOAD C:/Users/User/OneDrive/Desktop/Tools/ARM/xpack-arm-none-eabi-gcc-13.2.1-1.1/bin/../lib/gcc/arm-none-eabi/13.2.1/thumb/v7e-m+fp/hard\libgcc.a
LOAD C:/Users/User/OneDrive/Desktop/Tools/ARM/xpack-arm-none-eabi-gcc-13.2.1-1.1/bin/../lib/gcc/arm-none-eabi/13.2.1/../../../../arm-none-eabi/lib/thumb/v7e-m+fp/hard\libc_nano.a
END GROUP
START GROUP
LOAD C:/Users/User/OneDrive/Desktop/Tools/ARM/xpack-arm-none-eabi-gcc-13.2.1-1.1/bin/../lib/gcc/arm-none-eabi/13.2.1/thumb/v7e-m+fp/hard\libgcc.a
LOAD C:/Users/User/OneDrive/Desktop/Tools/ARM/xpack-arm-none-eabi-gcc-13.2.1-1.1/bin/../lib/gcc/arm-none-eabi/13.2.1/../../../../arm-none-eabi/lib/thumb/v7e-m+fp/hard\libc_nano.a
END GROUP
LOAD C:/Users/User/OneDrive/Desktop/Tools/ARM/xpack-arm-none-eabi-gcc-13.2.1-1.1/bin/../lib/gcc/arm-none-eabi/13.2.1/thumb/v7e-m+fp/hard/crtend.o
LOAD C:/Users/User/OneDrive/Desktop/Tools/ARM/xpack-arm-none-eabi-gcc-13.2.1-1.1/bin/../lib/gcc/arm-none-eabi/13.2.1/thumb/v7e-m+fp/hard/crtn.o
                0x20020000                        _estack = 0x20020000
                0x00000200                        _Min_Heap_Size = 0x200
                0x00000400                        _Min_Stack_Size = 0x400

.isr_vector     0x08000000      0x198
                0x08000000                        . = ALIGN (0x4)
 *(.isr_vector)
 .isr_vector    0x08000000      0x198 build_F411RE/startup_stm32f411xe.o
                0x08000000                g_pfnVectors
                0x08000198                        . = ALIGN (0x4)

.text           0x080001a0     0x48b4
                0x080001a0                        . = ALIGN (0x4)
 *(.text)
 .text          0x080001a0       0xa0 C:/Users/User/OneDrive/Desktop/Tools/ARM/xpack-arm-none-eabi-gcc-13.2.1-1.1/bin/../lib/gcc/arm-none-eabi/13.2.1/../../../../arm-none-eabi/lib/thumb/v7e-m+fp/hard\libc_nano.a(libc_a-memchr.o)
                0x080001a0                memchr
 .text          0x08000240       0x10 C:/Users/User/OneDrive/Desktop/Tools/ARM/xpack-arm-none-eabi-gcc-13.2.1-1.1/bin/../lib/gcc/arm-none-eabi/13.2.1/../../../../arm-none-eabi/lib/thumb/v7e-m+fp/hard\libc_nano.a(libc_a-strlen.o)
                0x08000240                strlen
 .text          0x08000250      0x378 C:/Users/User/OneDrive/Desktop/Tools/ARM/xpack-arm-none-eabi-gcc-13.2.1-1.1/bin/../lib/gcc/arm-none-eabi/13.2.1/thumb/v7e-m+fp/hard\libgcc.a(_arm_addsubdf3.o)
                0x08000250                __aeabi_drsub
                0x08000258                __aeabi_dsub
                0x08000258                __subdf3
                0x0800025c                __aeabi_dadd
                0x0800025c                __adddf3
                0x080004d4                __floatunsidf
                0x080004d4                __aeabi_ui2d
                0x080004f4                __floatsidf
                0x080004f4                __aeabi_i2d
                0x08000518                __aeabi_f2d
                0x08000518                __extendsfdf2
                0x0800055c                __floatundidf
                0x0800055c                __aeabi_ul2d
                0x0800056c                __floatdidf
                0x0800056c                __aeabi_l2d
 .text          0x080005c8      0x424 C:/Users/User/OneDrive/Desktop/Tools/ARM/xpack-arm-none-eabi-gcc-13.2.1-1.1/bin/../lib/gcc/arm-none-eabi/13.2.1/thumb/v7e-m+fp/hard\libgcc.a(_arm_muldivdf3.o)
                0x080005c8                __aeabi_dmul
                0x080005c8                __muldf3
                0x0800081c                __divdf3
                0x0800081c                __aeabi_ddiv
 .text          0x080009ec      0x110 C:/Users/User/OneDrive/Desktop/Tools/ARM/xpack-arm-none-eabi-gcc-13.2.1-1.1/bin/../lib/gcc/arm-none-eabi/13.2.1/thumb/v7e-m+fp/hard\libgcc.a(_arm_cmpdf2.o)
                0x080009ec                __gtdf2
                0x080009ec                __gedf2
                0x080009f4                __ltdf2
                0x080009f4                __ledf2
                0x080009fc                __nedf2
                0x080009fc                __eqdf2
                0x080009fc                __cmpdf2
                0x08000a78                __aeabi_cdrcmple
                0x08000a88                __aeabi_cdcmpeq
                0x08000a88                __aeabi_cdcmple
                0x08000a98                __aeabi_dcmpeq
                0x08000aac                __aeabi_dcmplt
                0x08000ac0                __aeabi_dcmple
                0x08000ad4                __aeabi_dcmpge
                0x08000ae8                __aeabi_dcmpgt
 .text          0x08000afc       0x2c C:/Users/User/OneDrive/Desktop/Tools/ARM/xpack-arm-none-eabi-gcc-13.2.1-1.1/bin/../lib/gcc/arm-none-eabi/13.2.1/thumb/v7e-m+fp/hard\libgcc.a(_arm_unorddf2.o)
                0x08000afc                __unorddf2
                0x08000afc                __aeabi_dcmpun
 .text          0x08000b28       0x50 C:/Users/User/OneDrive/Desktop/Tools/ARM/xpack-arm-none-eabi-gcc-13.2.1-1.1/bin/../lib/gcc/arm-none-eabi/13.2.1/thumb/v7e-m+fp/hard\libgcc.a(_arm_fixdfsi.o)
                0x08000b28                __aeabi_d2iz
                0x08000b28                __fixdfsi
 *(.text*)
 .text.__do_global_dtors_aux
                0x08000b78       0x24 C:/Users/User/OneDrive/Desktop/Tools/ARM/xpack-arm-none-eabi-gcc-13.2.1-1.1/bin/../lib/gcc/arm-none-eabi/13.2.1/thumb/v7e-m+fp/hard/crtbegin.o
 .text.frame_dummy
                0x08000b9c       0x1c C:/Users/User/OneDrive/Desktop/Tools/ARM/xpack-arm-none-eabi-gcc-13.2.1-1.1/bin/../lib/gcc/arm-none-eabi/13.2.1/thumb/v7e-m+fp/hard/crtbegin.o
 .text.SystemInit
                0x08000bb8       0x14 build_F411RE/system_stm32f4xx.o
                0x08000bb8                SystemInit
 .text._getpid  0x08000bcc        0x4 build_F411RE/syscalls.o
                0x08000bcc                _getpid
 .text._kill    0x08000bd0       0x10 build_F411RE/syscalls.o
                0x08000bd0                _kill
 .text._exit    0x08000be0        0xc build_F411RE/syscalls.o
                0x08000be0                _exit
 .text._read    0x08000bec       0x20 build_F411RE/syscalls.o
                0x08000bec                _read
 .text._write   0x08000c0c       0x1c build_F411RE/syscalls.o
                0x08000c0c                _write
 .text._close   0x08000c28        0x6 build_F411RE/syscalls.o
                0x08000c28                _close
 .text._fstat   0x08000c2e        0xa build_F411RE/syscalls.o
                0x08000c2e                _fstat
 .text._isatty  0x08000c38        0x4 build_F411RE/syscalls.o
                0x08000c38                _isatty
 .text._lseek   0x08000c3c        0x4 build_F411RE/syscalls.o
                0x08000c3c                _lseek
 .text._sbrk    0x08000c40       0x48 build_F411RE/sysmem.o
                0x08000c40                _sbrk
 .text.UART_Printf
                0x08000c88       0x26 build_F411RE/main.o
                0x08000c88                UART_Printf
 *fill*         0x08000cae        0x2 
 .text.main     0x08000cb0      0x270 build_F411RE/main.o
                0x08000cb0                main
 .text.NVIC_EncodePriority
                0x08000f20       0x3e build_F411RE/init.o
 *fill*         0x08000f5e        0x2 
 .text.GPIO_Init
                0x08000f60       0x28 build_F411RE/init.o
                0x08000f60                GPIO_Init
 .text.RCC_Init
                0x08000f88       0xf8 build_F411RE/init.o
                0x08000f88                RCC_Init
 .text.TIM10_Init
                0x08001080       0x50 build_F411RE/init.o
                0x08001080                TIM10_Init
 .text.TIM1_PWM_Init
                0x080010d0       0xd0 build_F411RE/init.o
                0x080010d0                TIM1_PWM_Init
 .text.UART2_Init
                0x080011a0       0x4c build_F411RE/init.o
                0x080011a0                UART2_Init
 .text.IRO_INInt_PB5_PB6
                0x080011ec       0x90 build_F411RE/init.o
                0x080011ec                IRO_INInt_PB5_PB6
 .text.TIM1_UP_TIM10_IRQHandler
                0x0800127c       0x50 build_F411RE/handlers.o
                0x0800127c                TIM1_UP_TIM10_IRQHandler
 .text.EXTI9_5_IRQHandler
                0x080012cc       0x60 build_F411RE/handlers.o
                0x080012cc                EXTI9_5_IRQHandler
 .text.UART_SendChar
                0x0800132c       0x14 build_F411RE/task.o
                0x0800132c                UART_SendChar
 .text.UART_SendString
                0x08001340       0x14 build_F411RE/task.o
                0x08001340                UART_SendString
 .text.I2C_WaitFlag
                0x08001354       0x22 build_F411RE/I2C.o
 *fill*         0x08001376        0x2 
 .text.I2C_Config
                0x08001378       0x90 build_F411RE/I2C.o
                0x08001378                I2C_Config
 .text.I2C_Start
                0x08001408       0x20 build_F411RE/I2C.o
                0x08001408                I2C_Start
 .text.I2C_Stop
                0x08001428       0x14 build_F411RE/I2C.o
                0x08001428                I2C_Stop
 .text.I2C_Address
                0x0800143c       0x34 build_F411RE/I2C.o
                0x0800143c                I2C_Address
 .text.I2C_Write
                0x08001470       0x34 build_F411RE/I2C.o
                0x08001470                I2C_Write
 .text.MPU_Write
                0x080014a4       0x58 build_F411RE/I2C.o
                0x080014a4                MPU_Write
 .text.MPU_Read
                0x080014fc       0xfc build_F411RE/I2C.o
                0x080014fc                MPU_Read
 .text.MPU6050_Init
                0x080015f8       0x84 build_F411RE/MCU6050.o
                0x080015f8                MPU6050_Init
 .text.MPU6050_Read_Yaw_Rate_No_Offset
                0x0800167c       0x38 build_F411RE/MCU6050.o
                0x0800167c                MPU6050_Read_Yaw_Rate_No_Offset
 .text.MPU6050_Calibrate
                0x080016b4       0x68 build_F411RE/MCU6050.o
                0x080016b4                MPU6050_Calibrate
 .text.MPU6050_Read_Yaw_Rate
                0x0800171c       0x80 build_F411RE/MCU6050.o
                0x0800171c                MPU6050_Read_Yaw_Rate
 .text.MPU6050_Update_Yaw
                0x0800179c       0xbc build_F411RE/MCU6050.o
                0x0800179c                MPU6050_Update_Yaw
 .text.MPU6050_Get_Yaw
                0x08001858        0xc build_F411RE/MCU6050.o
                0x08001858                MPU6050_Get_Yaw
 .text.MPU6050_Reset_Yaw
                0x08001864       0x14 build_F411RE/MCU6050.o
                0x08001864                MPU6050_Reset_Yaw
 .text.Motor_Set
                0x08001878       0x68 build_F411RE/motor.o
                0x08001878                Motor_Set
 .text.Course_Control_1ms
                0x080018e0      0x200 build_F411RE/motor.o
                0x080018e0                Course_Control_1ms
 .text.Rotate_Start
                0x08001ae0       0x20 build_F411RE/motor.o
                0x08001ae0                Rotate_Start
 .text.Rotate_Process_1ms
                0x08001b00      0x108 build_F411RE/motor.o
                0x08001b00                Rotate_Process_1ms
 .text.Button_Process_Main
                0x08001c08       0x50 build_F411RE/motor.o
                0x08001c08                Button_Process_Main
 .text.Reset_Distance
                0x08001c58       0x18 build_F411RE/motor.o
                0x08001c58                Reset_Distance
 .text.Get_Distance_MM
                0x08001c70       0x34 build_F411RE/motor.o
                0x08001c70                Get_Distance_MM
 .text.Drive_Start
                0x08001ca4       0x20 build_F411RE/motor.o
                0x08001ca4                Drive_Start
 .text.Drive_Process_1ms
                0x08001cc4       0x94 build_F411RE/motor.o
                0x08001cc4                Drive_Process_1ms
 .text.Reset_Handler
                0x08001d58       0x50 build_F411RE/startup_stm32f411xe.o
                0x08001d58                Reset_Handler
 .text.Default_Handler
                0x08001da8        0x2 build_F411RE/startup_stm32f411xe.o
                0x08001da8                RTC_Alarm_IRQHandler
                0x08001da8                EXTI2_IRQHandler
                0x08001da8                DebugMon_Handler
                0x08001da8                SPI4_IRQHandler
                0x08001da8                TIM1_CC_IRQHandler
                0x08001da8                DMA2_Stream5_IRQHandler
                0x08001da8                HardFault_Handler
                0x08001da8                DMA1_Stream5_IRQHandler
                0x08001da8                SysTick_Handler
                0x08001da8                PVD_IRQHandler
                0x08001da8                SDIO_IRQHandler
                0x08001da8                TAMP_STAMP_IRQHandler
                0x08001da8                PendSV_Handler
                0x08001da8                NMI_Handler
                0x08001da8                EXTI3_IRQHandler
                0x08001da8                I2C3_ER_IRQHandler
                0x08001da8                EXTI0_IRQHandler
                0x08001da8                I2C2_EV_IRQHandler
                0x08001da8                DMA1_Stream2_IRQHandler
                0x08001da8                FPU_IRQHandler
                0x08001da8                UsageFault_Handler
                0x08001da8                DMA2_Stream2_IRQHandler
                0x08001da8                SPI1_IRQHandler
                0x08001da8                TIM1_BRK_TIM9_IRQHandler
                0x08001da8                DMA2_Stream3_IRQHandler
                0x08001da8                USART6_IRQHandler
                0x08001da8                DMA2_Stream0_IRQHandler
                0x08001da8                TIM4_IRQHandler
                0x08001da8                I2C1_EV_IRQHandler
                0x08001da8                DMA1_Stream6_IRQHandler
                0x08001da8                DMA1_Stream1_IRQHandler
                0x08001da8                TIM3_IRQHandler
                0x08001da8                RCC_IRQHandler
                0x08001da8                Default_Handler
                0x08001da8                EXTI15_10_IRQHandler
                0x08001da8                ADC_IRQHandler
                0x08001da8                DMA1_Stream7_IRQHandler
                0x08001da8                SPI5_IRQHandler
                0x08001da8                TIM5_IRQHandler
                0x08001da8                DMA2_Stream7_IRQHandler
                0x08001da8                I2C3_EV_IRQHandler
                0x08001da8                RTC_WKUP_IRQHandler
                0x08001da8                SPI2_IRQHandler
                0x08001da8                MemManage_Handler
                0x08001da8                DMA1_Stream0_IRQHandler
                0x08001da8                SVC_Handler
                0x08001da8                EXTI4_IRQHandler
                0x08001da8                WWDG_IRQHandler
                0x08001da8                TIM2_IRQHandler
                0x08001da8                OTG_FS_WKUP_IRQHandler
                0x08001da8                TIM1_TRG_COM_TIM11_IRQHandler
                0x08001da8                EXTI1_IRQHandler
                0x08001da8                USART2_IRQHandler
                0x08001da8                I2C2_ER_IRQHandler
                0x08001da8                DMA2_Stream1_IRQHandler
                0x08001da8                FLASH_IRQHandler
                0x08001da8                DMA2_Stream4_IRQHandler
                0x08001da8                BusFault_Handler
                0x08001da8                USART1_IRQHandler
                0x08001da8                OTG_FS_IRQHandler
                0x08001da8                SPI3_IRQHandler
                0x08001da8                DMA1_Stream4_IRQHandler
                0x08001da8                I2C1_ER_IRQHandler
                0x08001da8                DMA2_Stream6_IRQHandler
                0x08001da8                DMA1_Stream3_IRQHandler
 .text.__cvt    0x08001daa       0xca C:/Users/User/OneDrive/Desktop/Tools/ARM/xpack-arm-none-eabi-gcc-13.2.1-1.1/bin/../lib/gcc/arm-none-eabi/13.2.1/../../../../arm-none-eabi/lib/thumb/v7e-m+fp/hard\libc_nano.a(libc_a-nano-vfprintf_float.o)
                0x08001daa                __cvt
 .text.__exponent
                0x08001e74       0x74 C:/Users/User/OneDrive/Desktop/Tools/ARM/xpack-arm-none-eabi-gcc-13.2.1-1.1/bin/../lib/gcc/arm-none-eabi/13.2.1/../../../../arm-none-eabi/lib/thumb/v7e-m+fp/hard\libc_nano.a(libc_a-nano-vfprintf_float.o)
                0x08001e74                __exponent
 .text._printf_float
                0x08001ee8      0x454 C:/Users/User/OneDrive/Desktop/Tools/ARM/xpack-arm-none-eabi-gcc-13.2.1-1.1/bin/../lib/gcc/arm-none-eabi/13.2.1/../../../../arm-none-eabi/lib/thumb/v7e-m+fp/hard\libc_nano.a(libc_a-nano-vfprintf_float.o)
                0x08001ee8                _printf_float
 .text._printf_common
                0x0800233c       0xda C:/Users/User/OneDrive/Desktop/Tools/ARM/xpack-arm-none-eabi-gcc-13.2.1-1.1/bin/../lib/gcc/arm-none-eabi/13.2.1/../../../../arm-none-eabi/lib/thumb/v7e-m+fp/hard\libc_nano.a(libc_a-nano-vfprintf_i.o)
                0x0800233c                _printf_common
 *fill*         0x08002416        0x2 
 .text._printf_i
                0x08002418      0x23c C:/Users/User/OneDrive/Desktop/Tools/ARM/xpack-arm-none-eabi-gcc-13.2.1-1.1/bin/../lib/gcc/arm-none-eabi/13.2.1/../../../../arm-none-eabi/lib/thumb/v7e-m+fp/hard\libc_nano.a(libc_a-nano-vfprintf_i.o)
                0x08002418                _printf_i
 .text.std      0x08002654       0x6c C:/Users/User/OneDrive/Desktop/Tools/ARM/xpack-arm-none-eabi-gcc-13.2.1-1.1/bin/../lib/gcc/arm-none-eabi/13.2.1/../../../../arm-none-eabi/lib/thumb/v7e-m+fp/hard\libc_nano.a(libc_a-findfp.o)
 .text.stdio_exit_handler
                0x080026c0       0x18 C:/Users/User/OneDrive/Desktop/Tools/ARM/xpack-arm-none-eabi-gcc-13.2.1-1.1/bin/../lib/gcc/arm-none-eabi/13.2.1/../../../../arm-none-eabi/lib/thumb/v7e-m+fp/hard\libc_nano.a(libc_a-findfp.o)
 .text.cleanup_stdio
                0x080026d8       0x40 C:/Users/User/OneDrive/Desktop/Tools/ARM/xpack-arm-none-eabi-gcc-13.2.1-1.1/bin/../lib/gcc/arm-none-eabi/13.2.1/../../../../arm-none-eabi/lib/thumb/v7e-m+fp/hard\libc_nano.a(libc_a-findfp.o)
 .text.global_stdio_init.part.0
                0x08002718       0x3c C:/Users/User/OneDrive/Desktop/Tools/ARM/xpack-arm-none-eabi-gcc-13.2.1-1.1/bin/../lib/gcc/arm-none-eabi/13.2.1/../../../../arm-none-eabi/lib/thumb/v7e-m+fp/hard\libc_nano.a(libc_a-findfp.o)
 .text.__sfp_lock_acquire
                0x08002754        0xc C:/Users/User/OneDrive/Desktop/Tools/ARM/xpack-arm-none-eabi-gcc-13.2.1-1.1/bin/../lib/gcc/arm-none-eabi/13.2.1/../../../../arm-none-eabi/lib/thumb/v7e-m+fp/hard\libc_nano.a(libc_a-findfp.o)
                0x08002754                __sfp_lock_acquire
 .text.__sfp_lock_release
                0x08002760        0xc C:/Users/User/OneDrive/Desktop/Tools/ARM/xpack-arm-none-eabi-gcc-13.2.1-1.1/bin/../lib/gcc/arm-none-eabi/13.2.1/../../../../arm-none-eabi/lib/thumb/v7e-m+fp/hard\libc_nano.a(libc_a-findfp.o)
                0x08002760                __sfp_lock_release
 .text.__sinit  0x0800276c       0x30 C:/Users/User/OneDrive/Desktop/Tools/ARM/xpack-arm-none-eabi-gcc-13.2.1-1.1/bin/../lib/gcc/arm-none-eabi/13.2.1/../../../../arm-none-eabi/lib/thumb/v7e-m+fp/hard\libc_nano.a(libc_a-findfp.o)
                0x0800276c                __sinit
 .text._fwalk_sglue
                0x0800279c       0x3c C:/Users/User/OneDrive/Desktop/Tools/ARM/xpack-arm-none-eabi-gcc-13.2.1-1.1/bin/../lib/gcc/arm-none-eabi/13.2.1/../../../../arm-none-eabi/lib/thumb/v7e-m+fp/hard\libc_nano.a(libc_a-fwalk.o)
                0x0800279c                _fwalk_sglue
 .text.__sread  0x080027d8       0x22 C:/Users/User/OneDrive/Desktop/Tools/ARM/xpack-arm-none-eabi-gcc-13.2.1-1.1/bin/../lib/gcc/arm-none-eabi/13.2.1/../../../../arm-none-eabi/lib/thumb/v7e-m+fp/hard\libc_nano.a(libc_a-stdio.o)
                0x080027d8                __sread
 .text.__swrite
                0x080027fa       0x38 C:/Users/User/OneDrive/Desktop/Tools/ARM/xpack-arm-none-eabi-gcc-13.2.1-1.1/bin/../lib/gcc/arm-none-eabi/13.2.1/../../../../arm-none-eabi/lib/thumb/v7e-m+fp/hard\libc_nano.a(libc_a-stdio.o)
                0x080027fa                __swrite
 .text.__sseek  0x08002832       0x24 C:/Users/User/OneDrive/Desktop/Tools/ARM/xpack-arm-none-eabi-gcc-13.2.1-1.1/bin/../lib/gcc/arm-none-eabi/13.2.1/../../../../arm-none-eabi/lib/thumb/v7e-m+fp/hard\libc_nano.a(libc_a-stdio.o)
                0x08002832                __sseek
 .text.__sclose
                0x08002856        0x8 C:/Users/User/OneDrive/Desktop/Tools/ARM/xpack-arm-none-eabi-gcc-13.2.1-1.1/bin/../lib/gcc/arm-none-eabi/13.2.1/../../../../arm-none-eabi/lib/thumb/v7e-m+fp/hard\libc_nano.a(libc_a-stdio.o)
                0x08002856                __sclose
 .text._vsnprintf_r
                0x0800285e       0x56 C:/Users/User/OneDrive/Desktop/Tools/ARM/xpack-arm-none-eabi-gcc-13.2.1-1.1/bin/../lib/gcc/arm-none-eabi/13.2.1/../../../../arm-none-eabi/lib/thumb/v7e-m+fp/hard\libc_nano.a(libc_a-vsnprintf.o)
                0x0800285e                _vsniprintf_r
                0x0800285e                _vsnprintf_r
 .text.vsnprintf
                0x080028b4       0x1c C:/Users/User/OneDrive/Desktop/Tools/ARM/xpack-arm-none-eabi-gcc-13.2.1-1.1/bin/../lib/gcc/arm-none-eabi/13.2.1/../../../../arm-none-eabi/lib/thumb/v7e-m+fp/hard\libc_nano.a(libc_a-vsnprintf.o)
                0x080028b4                vsniprintf
                0x080028b4                vsnprintf
 .text.memset   0x080028d0       0x10 C:/Users/User/OneDrive/Desktop/Tools/ARM/xpack-arm-none-eabi-gcc-13.2.1-1.1/bin/../lib/gcc/arm-none-eabi/13.2.1/../../../../arm-none-eabi/lib/thumb/v7e-m+fp/hard\libc_nano.a(libc_a-memset.o)
                0x080028d0                memset
 .text._localeconv_r
                0x080028e0        0x8 C:/Users/User/OneDrive/Desktop/Tools/ARM/xpack-arm-none-eabi-gcc-13.2.1-1.1/bin/../lib/gcc/arm-none-eabi/13.2.1/../../../../arm-none-eabi/lib/thumb/v7e-m+fp/hard\libc_nano.a(libc_a-localeconv.o)
                0x080028e0                _localeconv_r
 .text._close_r
                0x080028e8       0x20 C:/Users/User/OneDrive/Desktop/Tools/ARM/xpack-arm-none-eabi-gcc-13.2.1-1.1/bin/../lib/gcc/arm-none-eabi/13.2.1/../../../../arm-none-eabi/lib/thumb/v7e-m+fp/hard\libc_nano.a(libc_a-closer.o)
                0x080028e8                _close_r
 .text._lseek_r
                0x08002908       0x24 C:/Users/User/OneDrive/Desktop/Tools/ARM/xpack-arm-none-eabi-gcc-13.2.1-1.1/bin/../lib/gcc/arm-none-eabi/13.2.1/../../../../arm-none-eabi/lib/thumb/v7e-m+fp/hard\libc_nano.a(libc_a-lseekr.o)
                0x08002908                _lseek_r
 .text._read_r  0x0800292c       0x24 C:/Users/User/OneDrive/Desktop/Tools/ARM/xpack-arm-none-eabi-gcc-13.2.1-1.1/bin/../lib/gcc/arm-none-eabi/13.2.1/../../../../arm-none-eabi/lib/thumb/v7e-m+fp/hard\libc_nano.a(libc_a-readr.o)
                0x0800292c                _read_r
 .text._write_r
                0x08002950       0x24 C:/Users/User/OneDrive/Desktop/Tools/ARM/xpack-arm-none-eabi-gcc-13.2.1-1.1/bin/../lib/gcc/arm-none-eabi/13.2.1/../../../../arm-none-eabi/lib/thumb/v7e-m+fp/hard\libc_nano.a(libc_a-writer.o)
                0x08002950                _write_r
 .text.__errno  0x08002974        0xc C:/Users/User/OneDrive/Desktop/Tools/ARM/xpack-arm-none-eabi-gcc-13.2.1-1.1/bin/../lib/gcc/arm-none-eabi/13.2.1/../../../../arm-none-eabi/lib/thumb/v7e-m+fp/hard\libc_nano.a(libc_a-errno.o)
                0x08002974                __errno
 .text.__libc_init_array
                0x08002980       0x48 C:/Users/User/OneDrive/Desktop/Tools/ARM/xpack-arm-none-eabi-gcc-13.2.1-1.1/bin/../lib/gcc/arm-none-eabi/13.2.1/../../../../arm-none-eabi/lib/thumb/v7e-m+fp/hard\libc_nano.a(libc_a-init.o)
                0x08002980                __libc_init_array
 .text.__retarget_lock_init_recursive
                0x080029c8        0x2 C:/Users/User/OneDrive/Desktop/Tools/ARM/xpack-arm-none-eabi-gcc-13.2.1-1.1/bin/../lib/gcc/arm-none-eabi/13.2.1/../../../../arm-none-eabi/lib/thumb/v7e-m+fp/hard\libc_nano.a(libc_a-lock.o)
                0x080029c8                __retarget_lock_init_recursive
 .text.__retarget_lock_acquire_recursive
                0x080029ca        0x2 C:/Users/User/OneDrive/Desktop/Tools/ARM/xpack-arm-none-eabi-gcc-13.2.1-1.1/bin/../lib/gcc/arm-none-eabi/13.2.1/../../../../arm-none-eabi/lib/thumb/v7e-m+fp/hard\libc_nano.a(libc_a-lock.o)
                0x080029ca                __retarget_lock_acquire_recursive
 .text.__retarget_lock_release_recursive
                0x080029cc        0x2 C:/Users/User/OneDrive/Desktop/Tools/ARM/xpack-arm-none-eabi-gcc-13.2.1-1.1/bin/../lib/gcc/arm-none-eabi/13.2.1/../../../../arm-none-eabi/lib/thumb/v7e-m+fp/hard\libc_nano.a(libc_a-lock.o)
                0x080029cc                __retarget_lock_release_recursive
 .text.quorem   0x080029ce      0x110 C:/Users/User/OneDrive/Desktop/Tools/ARM/xpack-arm-none-eabi-gcc-13.2.1-1.1/bin/../lib/gcc/arm-none-eabi/13.2.1/../../../../arm-none-eabi/lib/thumb/v7e-m+fp/hard\libc_nano.a(libc_a-dtoa.o)
 *fill*         0x08002ade        0x2 
 .text._dtoa_r  0x08002ae0      0xb74 C:/Users/User/OneDrive/Desktop/Tools/ARM/xpack-arm-none-eabi-gcc-13.2.1-1.1/bin/../lib/gcc/arm-none-eabi/13.2.1/../../../../arm-none-eabi/lib/thumb/v7e-m+fp/hard\libc_nano.a(libc_a-dtoa.o)
                0x08002ae0                _dtoa_r
 .text._free_r  0x08003654       0x94 C:/Users/User/OneDrive/Desktop/Tools/ARM/xpack-arm-none-eabi-gcc-13.2.1-1.1/bin/../lib/gcc/arm-none-eabi/13.2.1/../../../../arm-none-eabi/lib/thumb/v7e-m+fp/hard\libc_nano.a(libc_a-freer.o)
                0x08003654                _free_r
 .text.malloc   0x080036e8       0x10 C:/Users/User/OneDrive/Desktop/Tools/ARM/xpack-arm-none-eabi-gcc-13.2.1-1.1/bin/../lib/gcc/arm-none-eabi/13.2.1/../../../../arm-none-eabi/lib/thumb/v7e-m+fp/hard\libc_nano.a(libc_a-malloc.o)
                0x080036e8                malloc
 .text.sbrk_aligned
                0x080036f8       0x44 C:/Users/User/OneDrive/Desktop/Tools/ARM/xpack-arm-none-eabi-gcc-13.2.1-1.1/bin/../lib/gcc/arm-none-eabi/13.2.1/../../../../arm-none-eabi/lib/thumb/v7e-m+fp/hard\libc_nano.a(libc_a-mallocr.o)
 .text._malloc_r
                0x0800373c      0x100 C:/Users/User/OneDrive/Desktop/Tools/ARM/xpack-arm-none-eabi-gcc-13.2.1-1.1/bin/../lib/gcc/arm-none-eabi/13.2.1/../../../../arm-none-eabi/lib/thumb/v7e-m+fp/hard\libc_nano.a(libc_a-mallocr.o)
                0x0800373c                _malloc_r
 .text.__malloc_lock
                0x0800383c        0xc C:/Users/User/OneDrive/Desktop/Tools/ARM/xpack-arm-none-eabi-gcc-13.2.1-1.1/bin/../lib/gcc/arm-none-eabi/13.2.1/../../../../arm-none-eabi/lib/thumb/v7e-m+fp/hard\libc_nano.a(libc_a-mlock.o)
                0x0800383c                __malloc_lock
 .text.__malloc_unlock
                0x08003848        0xc C:/Users/User/OneDrive/Desktop/Tools/ARM/xpack-arm-none-eabi-gcc-13.2.1-1.1/bin/../lib/gcc/arm-none-eabi/13.2.1/../../../../arm-none-eabi/lib/thumb/v7e-m+fp/hard\libc_nano.a(libc_a-mlock.o)
                0x08003848                __malloc_unlock
 .text._Balloc  0x08003854       0x80 C:/Users/User/OneDrive/Desktop/Tools/ARM/xpack-arm-none-eabi-gcc-13.2.1-1.1/bin/../lib/gcc/arm-none-eabi/13.2.1/../../../../arm-none-eabi/lib/thumb/v7e-m+fp/hard\libc_nano.a(libc_a-mprec.o)
                0x08003854                _Balloc
 .text._Bfree   0x080038d4       0x44 C:/Users/User/OneDrive/Desktop/Tools/ARM/xpack-arm-none-eabi-gcc-13.2.1-1.1/bin/../lib/gcc/arm-none-eabi/13.2.1/../../../../arm-none-eabi/lib/thumb/v7e-m+fp/hard\libc_nano.a(libc_a-mprec.o)
                0x080038d4                _Bfree
 .text.__multadd
                0x08003918       0x8c C:/Users/User/OneDrive/Desktop/Tools/ARM/xpack-arm-none-eabi-gcc-13.2.1-1.1/bin/../lib/gcc/arm-none-eabi/13.2.1/../../../../arm-none-eabi/lib/thumb/v7e-m+fp/hard\libc_nano.a(libc_a-mprec.o)
                0x08003918                __multadd
 .text.__hi0bits
                0x080039a4       0x3e C:/Users/User/OneDrive/Desktop/Tools/ARM/xpack-arm-none-eabi-gcc-13.2.1-1.1/bin/../lib/gcc/arm-none-eabi/13.2.1/../../../../arm-none-eabi/lib/thumb/v7e-m+fp/hard\libc_nano.a(libc_a-mprec.o)
                0x080039a4                __hi0bits
 .text.__lo0bits
                0x080039e2       0x5a C:/Users/User/OneDrive/Desktop/Tools/ARM/xpack-arm-none-eabi-gcc-13.2.1-1.1/bin/../lib/gcc/arm-none-eabi/13.2.1/../../../../arm-none-eabi/lib/thumb/v7e-m+fp/hard\libc_nano.a(libc_a-mprec.o)
                0x080039e2                __lo0bits
 .text.__i2b    0x08003a3c       0x2c C:/Users/User/OneDrive/Desktop/Tools/ARM/xpack-arm-none-eabi-gcc-13.2.1-1.1/bin/../lib/gcc/arm-none-eabi/13.2.1/../../../../arm-none-eabi/lib/thumb/v7e-m+fp/hard\libc_nano.a(libc_a-mprec.o)
                0x08003a3c                __i2b
 .text.__multiply
                0x08003a68      0x144 C:/Users/User/OneDrive/Desktop/Tools/ARM/xpack-arm-none-eabi-gcc-13.2.1-1.1/bin/../lib/gcc/arm-none-eabi/13.2.1/../../../../arm-none-eabi/lib/thumb/v7e-m+fp/hard\libc_nano.a(libc_a-mprec.o)
                0x08003a68                __multiply
 .text.__pow5mult
                0x08003bac       0xb4 C:/Users/User/OneDrive/Desktop/Tools/ARM/xpack-arm-none-eabi-gcc-13.2.1-1.1/bin/../lib/gcc/arm-none-eabi/13.2.1/../../../../arm-none-eabi/lib/thumb/v7e-m+fp/hard\libc_nano.a(libc_a-mprec.o)
                0x08003bac                __pow5mult
 .text.__lshift
                0x08003c60       0xd8 C:/Users/User/OneDrive/Desktop/Tools/ARM/xpack-arm-none-eabi-gcc-13.2.1-1.1/bin/../lib/gcc/arm-none-eabi/13.2.1/../../../../arm-none-eabi/lib/thumb/v7e-m+fp/hard\libc_nano.a(libc_a-mprec.o)
                0x08003c60                __lshift
 .text.__mcmp   0x08003d38       0x36 C:/Users/User/OneDrive/Desktop/Tools/ARM/xpack-arm-none-eabi-gcc-13.2.1-1.1/bin/../lib/gcc/arm-none-eabi/13.2.1/../../../../arm-none-eabi/lib/thumb/v7e-m+fp/hard\libc_nano.a(libc_a-mprec.o)
                0x08003d38                __mcmp
 *fill*         0x08003d6e        0x2 
 .text.__mdiff  0x08003d70      0x128 C:/Users/User/OneDrive/Desktop/Tools/ARM/xpack-arm-none-eabi-gcc-13.2.1-1.1/bin/../lib/gcc/arm-none-eabi/13.2.1/../../../../arm-none-eabi/lib/thumb/v7e-m+fp/hard\libc_nano.a(libc_a-mprec.o)
                0x08003d70                __mdiff
 .text.__d2b    0x08003e98       0xb0 C:/Users/User/OneDrive/Desktop/Tools/ARM/xpack-arm-none-eabi-gcc-13.2.1-1.1/bin/../lib/gcc/arm-none-eabi/13.2.1/../../../../arm-none-eabi/lib/thumb/v7e-m+fp/hard\libc_nano.a(libc_a-mprec.o)
                0x08003e98                __d2b
 .text.__ssputs_r
                0x08003f48       0xb6 C:/Users/User/OneDrive/Desktop/Tools/ARM/xpack-arm-none-eabi-gcc-13.2.1-1.1/bin/../lib/gcc/arm-none-eabi/13.2.1/../../../../arm-none-eabi/lib/thumb/v7e-m+fp/hard\libc_nano.a(libc_a-nano-svfprintf.o)
                0x08003f48                __ssputs_r
 *fill*         0x08003ffe        0x2 
 .text._svfprintf_r
                0x08004000      0x1f8 C:/Users/User/OneDrive/Desktop/Tools/ARM/xpack-arm-none-eabi-gcc-13.2.1-1.1/bin/../lib/gcc/arm-none-eabi/13.2.1/../../../../arm-none-eabi/lib/thumb/v7e-m+fp/hard\libc_nano.a(libc_a-nano-svfprintf.o)
                0x08004000                _svfiprintf_r
                0x08004000                _svfprintf_r
 .text.__sflush_r
                0x080041f8      0x108 C:/Users/User/OneDrive/Desktop/Tools/ARM/xpack-arm-none-eabi-gcc-13.2.1-1.1/bin/../lib/gcc/arm-none-eabi/13.2.1/../../../../arm-none-eabi/lib/thumb/v7e-m+fp/hard\libc_nano.a(libc_a-fflush.o)
                0x080041f8                __sflush_r
 .text._fflush_r
                0x08004300       0x50 C:/Users/User/OneDrive/Desktop/Tools/ARM/xpack-arm-none-eabi-gcc-13.2.1-1.1/bin/../lib/gcc/arm-none-eabi/13.2.1/../../../../arm-none-eabi/lib/thumb/v7e-m+fp/hard\libc_nano.a(libc_a-fflush.o)
                0x08004300                _fflush_r
 .text.memmove  0x08004350       0x34 C:/Users/User/OneDrive/Desktop/Tools/ARM/xpack-arm-none-eabi-gcc-13.2.1-1.1/bin/../lib/gcc/arm-none-eabi/13.2.1/../../../../arm-none-eabi/lib/thumb/v7e-m+fp/hard\libc_nano.a(libc_a-memmove.o)
                0x08004350                memmove
 .text._sbrk_r  0x08004384       0x20 C:/Users/User/OneDrive/Desktop/Tools/ARM/xpack-arm-none-eabi-gcc-13.2.1-1.1/bin/../lib/gcc/arm-none-eabi/13.2.1/../../../../arm-none-eabi/lib/thumb/v7e-m+fp/hard\libc_nano.a(libc_a-sbrkr.o)
                0x08004384                _sbrk_r
 .text.memcpy   0x080043a4       0x1c C:/Users/User/OneDrive/Desktop/Tools/ARM/xpack-arm-none-eabi-gcc-13.2.1-1.1/bin/../lib/gcc/arm-none-eabi/13.2.1/../../../../arm-none-eabi/lib/thumb/v7e-m+fp/hard\libc_nano.a(libc_a-memcpy-stub.o)
                0x080043a4                memcpy
 .text.__assert_func
                0x080043c0       0x3c C:/Users/User/OneDrive/Desktop/Tools/ARM/xpack-arm-none-eabi-gcc-13.2.1-1.1/bin/../lib/gcc/arm-none-eabi/13.2.1/../../../../arm-none-eabi/lib/thumb/v7e-m+fp/hard\libc_nano.a(libc_a-assert.o)
                0x080043c0                __assert_func
 .text._calloc_r
                0x080043fc       0x28 C:/Users/User/OneDrive/Desktop/Tools/ARM/xpack-arm-none-eabi-gcc-13.2.1-1.1/bin/../lib/gcc/arm-none-eabi/13.2.1/../../../../arm-none-eabi/lib/thumb/v7e-m+fp/hard\libc_nano.a(libc_a-callocr.o)
                0x080043fc                _calloc_r
 .text.__ascii_mbtowc
                0x08004424       0x24 C:/Users/User/OneDrive/Desktop/Tools/ARM/xpack-arm-none-eabi-gcc-13.2.1-1.1/bin/../lib/gcc/arm-none-eabi/13.2.1/../../../../arm-none-eabi/lib/thumb/v7e-m+fp/hard\libc_nano.a(libc_a-mbtowc_r.o)
                0x08004424                __ascii_mbtowc
 .text._realloc_r
                0x08004448       0x5c C:/Users/User/OneDrive/Desktop/Tools/ARM/xpack-arm-none-eabi-gcc-13.2.1-1.1/bin/../lib/gcc/arm-none-eabi/13.2.1/../../../../arm-none-eabi/lib/thumb/v7e-m+fp/hard\libc_nano.a(libc_a-reallocr.o)
                0x08004448                _realloc_r
 .text.__ascii_wctomb
                0x080044a4       0x1a C:/Users/User/OneDrive/Desktop/Tools/ARM/xpack-arm-none-eabi-gcc-13.2.1-1.1/bin/../lib/gcc/arm-none-eabi/13.2.1/../../../../arm-none-eabi/lib/thumb/v7e-m+fp/hard\libc_nano.a(libc_a-wctomb_r.o)
                0x080044a4                __ascii_wctomb
 *fill*         0x080044be        0x2 
 .text.fprintf  0x080044c0       0x24 C:/Users/User/OneDrive/Desktop/Tools/ARM/xpack-arm-none-eabi-gcc-13.2.1-1.1/bin/../lib/gcc/arm-none-eabi/13.2.1/../../../../arm-none-eabi/lib/thumb/v7e-m+fp/hard\libc_nano.a(libc_a-fprintf.o)
                0x080044c0                fiprintf
                0x080044c0                fprintf
 .text.abort    0x080044e4        0xe C:/Users/User/OneDrive/Desktop/Tools/ARM/xpack-arm-none-eabi-gcc-13.2.1-1.1/bin/../lib/gcc/arm-none-eabi/13.2.1/../../../../arm-none-eabi/lib/thumb/v7e-m+fp/hard\libc_nano.a(libc_a-abort.o)
                0x080044e4                abort
 .text._malloc_usable_size_r
                0x080044f2       0x10 C:/Users/User/OneDrive/Desktop/Tools/ARM/xpack-arm-none-eabi-gcc-13.2.1-1.1/bin/../lib/gcc/arm-none-eabi/13.2.1/../../../../arm-none-eabi/lib/thumb/v7e-m+fp/hard\libc_nano.a(libc_a-msizer.o)
                0x080044f2                _malloc_usable_size_r
 .text.__sfputc_r
                0x08004502       0x2e C:/Users/User/OneDrive/Desktop/Tools/ARM/xpack-arm-none-eabi-gcc-13.2.1-1.1/bin/../lib/gcc/arm-none-eabi/13.2.1/../../../../arm-none-eabi/lib/thumb/v7e-m+fp/hard\libc_nano.a(libc_a-nano-vfprintf.o)
 .text.__sfputs_r
                0x08004530       0x24 C:/Users/User/OneDrive/Desktop/Tools/ARM/xpack-arm-none-eabi-gcc-13.2.1-1.1/bin/../lib/gcc/arm-none-eabi/13.2.1/../../../../arm-none-eabi/lib/thumb/v7e-m+fp/hard\libc_nano.a(libc_a-nano-vfprintf.o)
                0x08004530                __sfputs_r
 .text._vfprintf_r
                0x08004554      0x230 C:/Users/User/OneDrive/Desktop/Tools/ARM/xpack-arm-none-eabi-gcc-13.2.1-1.1/bin/../lib/gcc/arm-none-eabi/13.2.1/../../../../arm-none-eabi/lib/thumb/v7e-m+fp/hard\libc_nano.a(libc_a-nano-vfprintf.o)
                0x08004554                _vfprintf_r
                0x08004554                _vfiprintf_r
 .text.__swbuf_r
                0x08004784       0x7c C:/Users/User/OneDrive/Desktop/Tools/ARM/xpack-arm-none-eabi-gcc-13.2.1-1.1/bin/../lib/gcc/arm-none-eabi/13.2.1/../../../../arm-none-eabi/lib/thumb/v7e-m+fp/hard\libc_nano.a(libc_a-wbuf.o)
                0x08004784                __swbuf_r
 .text.__swsetup_r
                0x08004800       0xac C:/Users/User/OneDrive/Desktop/Tools/ARM/xpack-arm-none-eabi-gcc-13.2.1-1.1/bin/../lib/gcc/arm-none-eabi/13.2.1/../../../../arm-none-eabi/lib/thumb/v7e-m+fp/hard\libc_nano.a(libc_a-wsetup.o)
                0x08004800                __swsetup_r
 .text._raise_r
                0x080048ac       0x50 C:/Users/User/OneDrive/Desktop/Tools/ARM/xpack-arm-none-eabi-gcc-13.2.1-1.1/bin/../lib/gcc/arm-none-eabi/13.2.1/../../../../arm-none-eabi/lib/thumb/v7e-m+fp/hard\libc_nano.a(libc_a-signal.o)
                0x080048ac                _raise_r
 .text.raise    0x080048fc       0x10 C:/Users/User/OneDrive/Desktop/Tools/ARM/xpack-arm-none-eabi-gcc-13.2.1-1.1/bin/../lib/gcc/arm-none-eabi/13.2.1/../../../../arm-none-eabi/lib/thumb/v7e-m+fp/hard\libc_nano.a(libc_a-signal.o)
                0x080048fc                raise
 .text._kill_r  0x0800490c       0x24 C:/Users/User/OneDrive/Desktop/Tools/ARM/xpack-arm-none-eabi-gcc-13.2.1-1.1/bin/../lib/gcc/arm-none-eabi/13.2.1/../../../../arm-none-eabi/lib/thumb/v7e-m+fp/hard\libc_nano.a(libc_a-signalr.o)
                0x0800490c                _kill_r
 .text._getpid_r
                0x08004930        0x4 C:/Users/User/OneDrive/Desktop/Tools/ARM/xpack-arm-none-eabi-gcc-13.2.1-1.1/bin/../lib/gcc/arm-none-eabi/13.2.1/../../../../arm-none-eabi/lib/thumb/v7e-m+fp/hard\libc_nano.a(libc_a-signalr.o)
                0x08004930                _getpid_r
 .text.__swhatbuf_r
                0x08004934       0x4c C:/Users/User/OneDrive/Desktop/Tools/ARM/xpack-arm-none-eabi-gcc-13.2.1-1.1/bin/../lib/gcc/arm-none-eabi/13.2.1/../../../../arm-none-eabi/lib/thumb/v7e-m+fp/hard\libc_nano.a(libc_a-makebuf.o)
                0x08004934                __swhatbuf_r
 .text.__smakebuf_r
                0x08004980       0x78 C:/Users/User/OneDrive/Desktop/Tools/ARM/xpack-arm-none-eabi-gcc-13.2.1-1.1/bin/../lib/gcc/arm-none-eabi/13.2.1/../../../../arm-none-eabi/lib/thumb/v7e-m+fp/hard\libc_nano.a(libc_a-makebuf.o)
                0x08004980                __smakebuf_r
 .text._fstat_r
                0x080049f8       0x24 C:/Users/User/OneDrive/Desktop/Tools/ARM/xpack-arm-none-eabi-gcc-13.2.1-1.1/bin/../lib/gcc/arm-none-eabi/13.2.1/../../../../arm-none-eabi/lib/thumb/v7e-m+fp/hard\libc_nano.a(libc_a-fstatr.o)
                0x080049f8                _fstat_r
 .text._isatty_r
                0x08004a1c       0x20 C:/Users/User/OneDrive/Desktop/Tools/ARM/xpack-arm-none-eabi-gcc-13.2.1-1.1/bin/../lib/gcc/arm-none-eabi/13.2.1/../../../../arm-none-eabi/lib/thumb/v7e-m+fp/hard\libc_nano.a(libc_a-isattyr.o)
                0x08004a1c                _isatty_r
 *(.glue_7)
 .glue_7        0x08004a3c        0x0 linker stubs
 *(.glue_7t)
 .glue_7t       0x08004a3c        0x0 linker stubs
 *(.eh_frame)
 .eh_frame      0x08004a3c        0x0 C:/Users/User/OneDrive/Desktop/Tools/ARM/xpack-arm-none-eabi-gcc-13.2.1-1.1/bin/../lib/gcc/arm-none-eabi/13.2.1/thumb/v7e-m+fp/hard/crtbegin.o
 *(.init)
 .init          0x08004a3c        0x4 C:/Users/User/OneDrive/Desktop/Tools/ARM/xpack-arm-none-eabi-gcc-13.2.1-1.1/bin/../lib/gcc/arm-none-eabi/13.2.1/thumb/v7e-m+fp/hard/crti.o
                0x08004a3c                _init
 .init          0x08004a40        0x8 C:/Users/User/OneDrive/Desktop/Tools/ARM/xpack-arm-none-eabi-gcc-13.2.1-1.1/bin/../lib/gcc/arm-none-eabi/13.2.1/thumb/v7e-m+fp/hard/crtn.o
 *(.fini)
 .fini          0x08004a48        0x4 C:/Users/User/OneDrive/Desktop/Tools/ARM/xpack-arm-none-eabi-gcc-13.2.1-1.1/bin/../lib/gcc/arm-none-eabi/13.2.1/thumb/v7e-m+fp/hard/crti.o
                0x08004a48                _fini
 .fini          0x08004a4c        0x8 C:/Users/User/OneDrive/Desktop/Tools/ARM/xpack-arm-none-eabi-gcc-13.2.1-1.1/bin/../lib/gcc/arm-none-eabi/13.2.1/thumb/v7e-m+fp/hard/crtn.o
                0x08004a54                        . = ALIGN (0x4)
                0x08004a54                        _etext = .

.vfp11_veneer   0x08004a54        0x0
 .vfp11_veneer  0x08004a54        0x0 linker stubs

.v4_bx          0x08004a54        0x0
 .v4_bx         0x08004a54        0x0 linker stubs

.iplt           0x08004a54        0x0
 .iplt          0x08004a54        0x0 C:/Users/User/OneDrive/Desktop/Tools/ARM/xpack-arm-none-eabi-gcc-13.2.1-1.1/bin/../lib/gcc/arm-none-eabi/13.2.1/thumb/v7e-m+fp/hard/crtbegin.o

.rodata         0x08004a58      0x4bc
                0x08004a58                        . = ALIGN (0x4)
 *(.rodata)
 *(.rodata*)
 .rodata.main.str1.4
                0x08004a58      0x111 build_F411RE/main.o
 .rodata._printf_float.str1.1
                0x08004b69      0x1ab C:/Users/User/OneDrive/Desktop/Tools/ARM/xpack-arm-none-eabi-gcc-13.2.1-1.1/bin/../lib/gcc/arm-none-eabi/13.2.1/../../../../arm-none-eabi/lib/thumb/v7e-m+fp/hard\libc_nano.a(libc_a-nano-vfprintf_float.o)
                                 0x12 (size before relaxing)
 .rodata._printf_i.str1.1
                0x08004d14       0x22 C:/Users/User/OneDrive/Desktop/Tools/ARM/xpack-arm-none-eabi-gcc-13.2.1-1.1/bin/../lib/gcc/arm-none-eabi/13.2.1/../../../../arm-none-eabi/lib/thumb/v7e-m+fp/hard\libc_nano.a(libc_a-nano-vfprintf_i.o)
 .rodata._dtoa_r.str1.1
                0x08004d14       0xac C:/Users/User/OneDrive/Desktop/Tools/ARM/xpack-arm-none-eabi-gcc-13.2.1-1.1/bin/../lib/gcc/arm-none-eabi/13.2.1/../../../../arm-none-eabi/lib/thumb/v7e-m+fp/hard\libc_nano.a(libc_a-dtoa.o)
 .rodata._Balloc.str1.1
                0x08004d14       0x8d C:/Users/User/OneDrive/Desktop/Tools/ARM/xpack-arm-none-eabi-gcc-13.2.1-1.1/bin/../lib/gcc/arm-none-eabi/13.2.1/../../../../arm-none-eabi/lib/thumb/v7e-m+fp/hard\libc_nano.a(libc_a-mprec.o)
 .rodata.__multadd.str1.1
                0x08004d14       0x11 C:/Users/User/OneDrive/Desktop/Tools/ARM/xpack-arm-none-eabi-gcc-13.2.1-1.1/bin/../lib/gcc/arm-none-eabi/13.2.1/../../../../arm-none-eabi/lib/thumb/v7e-m+fp/hard\libc_nano.a(libc_a-mprec.o)
 .rodata.p05.0  0x08004d14        0xc C:/Users/User/OneDrive/Desktop/Tools/ARM/xpack-arm-none-eabi-gcc-13.2.1-1.1/bin/../lib/gcc/arm-none-eabi/13.2.1/../../../../arm-none-eabi/lib/thumb/v7e-m+fp/hard\libc_nano.a(libc_a-mprec.o)
 .rodata.__mprec_bigtens
                0x08004d20       0x28 C:/Users/User/OneDrive/Desktop/Tools/ARM/xpack-arm-none-eabi-gcc-13.2.1-1.1/bin/../lib/gcc/arm-none-eabi/13.2.1/../../../../arm-none-eabi/lib/thumb/v7e-m+fp/hard\libc_nano.a(libc_a-mprec.o)
                0x08004d20                __mprec_bigtens
 .rodata.__mprec_tens
                0x08004d48       0xc8 C:/Users/User/OneDrive/Desktop/Tools/ARM/xpack-arm-none-eabi-gcc-13.2.1-1.1/bin/../lib/gcc/arm-none-eabi/13.2.1/../../../../arm-none-eabi/lib/thumb/v7e-m+fp/hard\libc_nano.a(libc_a-mprec.o)
                0x08004d48                __mprec_tens
 .rodata._svfprintf_r.str1.1
                0x08004e10       0x11 C:/Users/User/OneDrive/Desktop/Tools/ARM/xpack-arm-none-eabi-gcc-13.2.1-1.1/bin/../lib/gcc/arm-none-eabi/13.2.1/../../../../arm-none-eabi/lib/thumb/v7e-m+fp/hard\libc_nano.a(libc_a-nano-svfprintf.o)
 .rodata._setlocale_r.str1.1
                0x08004e10        0x9 C:/Users/User/OneDrive/Desktop/Tools/ARM/xpack-arm-none-eabi-gcc-13.2.1-1.1/bin/../lib/gcc/arm-none-eabi/13.2.1/../../../../arm-none-eabi/lib/thumb/v7e-m+fp/hard\libc_nano.a(libc_a-locale.o)
 .rodata.str1.1
                0x08004e10        0x2 C:/Users/User/OneDrive/Desktop/Tools/ARM/xpack-arm-none-eabi-gcc-13.2.1-1.1/bin/../lib/gcc/arm-none-eabi/13.2.1/../../../../arm-none-eabi/lib/thumb/v7e-m+fp/hard\libc_nano.a(libc_a-locale.o)
 .rodata.__assert_func.str1.1
                0x08004e10       0x3d C:/Users/User/OneDrive/Desktop/Tools/ARM/xpack-arm-none-eabi-gcc-13.2.1-1.1/bin/../lib/gcc/arm-none-eabi/13.2.1/../../../../arm-none-eabi/lib/thumb/v7e-m+fp/hard\libc_nano.a(libc_a-assert.o)
 .rodata._ctype_
                0x08004e10      0x101 C:/Users/User/OneDrive/Desktop/Tools/ARM/xpack-arm-none-eabi-gcc-13.2.1-1.1/bin/../lib/gcc/arm-none-eabi/13.2.1/../../../../arm-none-eabi/lib/thumb/v7e-m+fp/hard\libc_nano.a(libc_a-ctype_.o)
                0x08004e10                _ctype_
 .rodata._vfprintf_r.str1.1
                0x08004f11       0x11 C:/Users/User/OneDrive/Desktop/Tools/ARM/xpack-arm-none-eabi-gcc-13.2.1-1.1/bin/../lib/gcc/arm-none-eabi/13.2.1/../../../../arm-none-eabi/lib/thumb/v7e-m+fp/hard\libc_nano.a(libc_a-nano-vfprintf.o)
                0x08004f24                        . = ALIGN (0x4)
 *fill*         0x08004f11        0x3 

.ARM.extab
 *(.ARM.extab* .gnu.linkonce.armextab.*)

.ARM            0x08004f14        0x8
                0x08004f14                        __exidx_start = .
 *(.ARM.exidx*)
 .ARM.exidx     0x08004f14        0x8 C:/Users/User/OneDrive/Desktop/Tools/ARM/xpack-arm-none-eabi-gcc-13.2.1-1.1/bin/../lib/gcc/arm-none-eabi/13.2.1/../../../../arm-none-eabi/lib/thumb/v7e-m+fp/hard\libc_nano.a(libc_a-memchr.o)
 .ARM.exidx     0x08004f1c        0x0 C:/Users/User/OneDrive/Desktop/Tools/ARM/xpack-arm-none-eabi-gcc-13.2.1-1.1/bin/../lib/gcc/arm-none-eabi/13.2.1/../../../../arm-none-eabi/lib/thumb/v7e-m+fp/hard\libc_nano.a(libc_a-strlen.o)
                                  0x8 (size before relaxing)
                0x08004f1c                        __exidx_end = .

.rel.dyn        0x08004f1c        0x0
 .rel.iplt      0x08004f1c        0x0 C:/Users/User/OneDrive/Desktop/Tools/ARM/xpack-arm-none-eabi-gcc-13.2.1-1.1/bin/../lib/gcc/arm-none-eabi/13.2.1/thumb/v7e-m+fp/hard/crtbegin.o

.preinit_array  0x08004f1c        0x0
                0x08004f1c                        PROVIDE (__preinit_array_start = .)
 *(.preinit_array*)
                0x08004f1c                        PROVIDE (__preinit_array_end = .)

.init_array     0x08004f1c        0x4
                0x08004f1c                        PROVIDE (__init_array_start = .)
 *(SORT_BY_NAME(.init_array.*))
 *(.init_array*)
 .init_array    0x08004f1c        0x4 C:/Users/User/OneDrive/Desktop/Tools/ARM/xpack-arm-none-eabi-gcc-13.2.1-1.1/bin/../lib/gcc/arm-none-eabi/13.2.1/thumb/v7e-m+fp/hard/crtbegin.o
                0x08004f20                        PROVIDE (__init_array_end = .)

.fini_array     0x08004f20        0x4
                0x08004f20                        PROVIDE (__fini_array_start = .)
 *(SORT_BY_NAME(.fini_array.*))
 *(.fini_array*)
 .fini_array    0x08004f20        0x4 C:/Users/User/OneDrive/Desktop/Tools/ARM/xpack-arm-none-eabi-gcc-13.2.1-1.1/bin/../lib/gcc/arm-none-eabi/13.2.1/thumb/v7e-m+fp/hard/crtbegin.o
                0x08004f24                        PROVIDE (__fini_array_end = .)
                0x08004f24                        _sidata = LOADADDR (.data)

.data           0x20000000      0x21c load address 0x08004f24
                0x20000000                        . = ALIGN (0x4)
                0x20000000                        _sdata = .
 *(.data)
 *(.data*)
 .data.route    0x20000000       0x50 build_F411RE/main.o
                0x20000000                route
 .data.btn_prev
                0x20000050        0x1 build_F411RE/main.o
                0x20000050                btn_prev
 *fill*         0x20000051        0x1 
 .data.base_speed
                0x20000052        0x2 build_F411RE/main.o
                0x20000052                base_speed
 .data.__sglue  0x20000054        0xc C:/Users/User/OneDrive/Desktop/Tools/ARM/xpack-arm-none-eabi-gcc-13.2.1-1.1/bin/../lib/gcc/arm-none-eabi/13.2.1/../../../../arm-none-eabi/lib/thumb/v7e-m+fp/hard\libc_nano.a(libc_a-findfp.o)
                0x20000054                __sglue
 .data._impure_ptr
                0x20000060        0x4 C:/Users/User/OneDrive/Desktop/Tools/ARM/xpack-arm-none-eabi-gcc-13.2.1-1.1/bin/../lib/gcc/arm-none-eabi/13.2.1/../../../../arm-none-eabi/lib/thumb/v7e-m+fp/hard\libc_nano.a(libc_a-impure.o)
                0x20000060                _impure_ptr
 .data._impure_data
                0x20000064       0x4c C:/Users/User/OneDrive/Desktop/Tools/ARM/xpack-arm-none-eabi-gcc-13.2.1-1.1/bin/../lib/gcc/arm-none-eabi/13.2.1/../../../../arm-none-eabi/lib/thumb/v7e-m+fp/hard\libc_nano.a(libc_a-impure.o)
                0x20000064                _impure_data
 .data.__global_locale
                0x200000b0      0x16c C:/Users/User/OneDrive/Desktop/Tools/ARM/xpack-arm-none-eabi-gcc-13.2.1-1.1/bin/../lib/gcc/arm-none-eabi/13.2.1/../../../../arm-none-eabi/lib/thumb/v7e-m+fp/hard\libc_nano.a(libc_a-locale.o)
                0x200000b0                __global_locale
                0x2000021c                        . = ALIGN (0x4)
                0x2000021c                        _edata = .

.igot.plt       0x2000021c        0x0 load address 0x08005140
 .igot.plt      0x2000021c        0x0 C:/Users/User/OneDrive/Desktop/Tools/ARM/xpack-arm-none-eabi-gcc-13.2.1-1.1/bin/../lib/gcc/arm-none-eabi/13.2.1/thumb/v7e-m+fp/hard/crtbegin.o
                0x2000021c                        . = ALIGN (0x4)

.bss            0x2000021c      0x200 load address 0x08005140
                0x2000021c                        _sbss = .
                0x2000021c                        __bss_start__ = _sbss
 *(.bss)
 *(.bss*)
 .bss.completed.1
                0x2000021c        0x1 C:/Users/User/OneDrive/Desktop/Tools/ARM/xpack-arm-none-eabi-gcc-13.2.1-1.1/bin/../lib/gcc/arm-none-eabi/13.2.1/thumb/v7e-m+fp/hard/crtbegin.o
 *fill*         0x2000021d        0x3 
 .bss.object.0  0x20000220       0x18 C:/Users/User/OneDrive/Desktop/Tools/ARM/xpack-arm-none-eabi-gcc-13.2.1-1.1/bin/../lib/gcc/arm-none-eabi/13.2.1/thumb/v7e-m+fp/hard/crtbegin.o
 .bss.__sbrk_heap_end
                0x20000238        0x4 build_F411RE/sysmem.o
 .bss.last_turn_dbg.0
                0x2000023c        0x4 build_F411RE/main.o
 .bss.last_debug.1
                0x20000240        0x4 build_F411RE/main.o
 .bss.last_ctrl.2
                0x20000244        0x4 build_F411RE/main.o
 .bss.route_idx
                0x20000248        0x1 build_F411RE/main.o
                0x20000248                route_idx
 *fill*         0x20000249        0x3 
 .bss.turn_target
                0x2000024c        0x4 build_F411RE/main.o
                0x2000024c                turn_target
 .bss.turning   0x20000250        0x1 build_F411RE/main.o
                0x20000250                turning
 *fill*         0x20000251        0x3 
 .bss.yaw_i     0x20000254        0x4 build_F411RE/main.o
                0x20000254                yaw_i
 .bss.yaw_target
                0x20000258        0x4 build_F411RE/main.o
                0x20000258                yaw_target
 .bss.btn_time  0x2000025c        0x4 build_F411RE/main.o
                0x2000025c                btn_time
 .bss.robot_started
                0x20000260        0x1 build_F411RE/main.o
                0x20000260                robot_started
 *fill*         0x20000261        0x3 
 .bss.gz_offset
                0x20000264        0x4 build_F411RE/main.o
                0x20000264                gz_offset
 .bss.drive_target_mm
                0x20000268        0x4 build_F411RE/main.o
                0x20000268                drive_target_mm
 .bss.driving   0x2000026c        0x1 build_F411RE/main.o
                0x2000026c                driving
 .bss.encoder2_delay
                0x2000026d        0x1 build_F411RE/main.o
                0x2000026d                encoder2_delay
 .bss.encoder1_delay
                0x2000026e        0x1 build_F411RE/main.o
                0x2000026e                encoder1_delay
 *fill*         0x2000026f        0x1 
 .bss.encoder2_count
                0x20000270        0x4 build_F411RE/main.o
                0x20000270                encoder2_count
 .bss.encoder1_count
                0x20000274        0x4 build_F411RE/main.o
                0x20000274                encoder1_count
 .bss.tick_count
                0x20000278        0x4 build_F411RE/main.o
                0x20000278                tick_count
 .bss.buffer.1  0x2000027c       0x28 build_F411RE/MCU6050.o
 .bss.idx.2     0x200002a4        0x1 build_F411RE/MCU6050.o
 *fill*         0x200002a5        0x3 
 .bss.sum.3     0x200002a8        0x4 build_F411RE/MCU6050.o
 .bss.last_update
                0x200002ac        0x4 build_F411RE/MCU6050.o
 .bss.yaw_angle
                0x200002b0        0x4 build_F411RE/MCU6050.o
 .bss.gz_filtered
                0x200002b4        0x4 build_F411RE/MCU6050.o
 .bss.MPU6050   0x200002b8        0xc build_F411RE/MCU6050.o
                0x200002b8                MPU6050
 .bss.e2_prev.0
                0x200002c4        0x4 build_F411RE/motor.o
 .bss.e1_prev.1
                0x200002c8        0x4 build_F411RE/motor.o
 .bss.yaw_rate_filtered
                0x200002cc        0x4 build_F411RE/motor.o
 .bss.__sf      0x200002d0      0x138 C:/Users/User/OneDrive/Desktop/Tools/ARM/xpack-arm-none-eabi-gcc-13.2.1-1.1/bin/../lib/gcc/arm-none-eabi/13.2.1/../../../../arm-none-eabi/lib/thumb/v7e-m+fp/hard\libc_nano.a(libc_a-findfp.o)
                0x200002d0                __sf
 .bss.__stdio_exit_handler
                0x20000408        0x4 C:/Users/User/OneDrive/Desktop/Tools/ARM/xpack-arm-none-eabi-gcc-13.2.1-1.1/bin/../lib/gcc/arm-none-eabi/13.2.1/../../../../arm-none-eabi/lib/thumb/v7e-m+fp/hard\libc_nano.a(libc_a-findfp.o)
                0x20000408                __stdio_exit_handler
 .bss.errno     0x2000040c        0x4 C:/Users/User/OneDrive/Desktop/Tools/ARM/xpack-arm-none-eabi-gcc-13.2.1-1.1/bin/../lib/gcc/arm-none-eabi/13.2.1/../../../../arm-none-eabi/lib/thumb/v7e-m+fp/hard\libc_nano.a(libc_a-reent.o)
                0x2000040c                errno
 .bss.__lock___malloc_recursive_mutex
                0x20000410        0x1 C:/Users/User/OneDrive/Desktop/Tools/ARM/xpack-arm-none-eabi-gcc-13.2.1-1.1/bin/../lib/gcc/arm-none-eabi/13.2.1/../../../../arm-none-eabi/lib/thumb/v7e-m+fp/hard\libc_nano.a(libc_a-lock.o)
                0x20000410                __lock___malloc_recursive_mutex
 .bss.__lock___sfp_recursive_mutex
                0x20000411        0x1 C:/Users/User/OneDrive/Desktop/Tools/ARM/xpack-arm-none-eabi-gcc-13.2.1-1.1/bin/../lib/gcc/arm-none-eabi/13.2.1/../../../../arm-none-eabi/lib/thumb/v7e-m+fp/hard\libc_nano.a(libc_a-lock.o)
                0x20000411                __lock___sfp_recursive_mutex
 *fill*         0x20000412        0x2 
 .bss.__malloc_sbrk_start
                0x20000414        0x4 C:/Users/User/OneDrive/Desktop/Tools/ARM/xpack-arm-none-eabi-gcc-13.2.1-1.1/bin/../lib/gcc/arm-none-eabi/13.2.1/../../../../arm-none-eabi/lib/thumb/v7e-m+fp/hard\libc_nano.a(libc_a-mallocr.o)
                0x20000414                __malloc_sbrk_start
 .bss.__malloc_free_list
                0x20000418        0x4 C:/Users/User/OneDrive/Desktop/Tools/ARM/xpack-arm-none-eabi-gcc-13.2.1-1.1/bin/../lib/gcc/arm-none-eabi/13.2.1/../../../../arm-none-eabi/lib/thumb/v7e-m+fp/hard\libc_nano.a(libc_a-mallocr.o)
                0x20000418                __malloc_free_list
 *(COMMON)
                0x2000041c                        . = ALIGN (0x4)
                0x2000041c                        _ebss = .
                0x2000041c                        __bss_end__ = _ebss

._user_heap_stack
                0x2000041c      0x604 load address 0x08005140
                0x20000420                        . = ALIGN (0x8)
 *fill*         0x2000041c        0x4 
                [!provide]                        PROVIDE (end = .)
                0x20000420                        PROVIDE (_end = .)
                0x20000620                        . = (. + _Min_Heap_Size)
 *fill*         0x20000420      0x200 
                0x20000a20                        . = (. + _Min_Stack_Size)
 *fill*         0x20000620      0x400 
                0x20000a20                        . = ALIGN (0x8)

/DISCARD/
 libc.a(*)
 libm.a(*)
 libgcc.a(*)

.ARM.attributes
                0x00000000       0x30
 *(.ARM.attributes)
 .ARM.attributes
                0x00000000       0x22 C:/Users/User/OneDrive/Desktop/Tools/ARM/xpack-arm-none-eabi-gcc-13.2.1-1.1/bin/../lib/gcc/arm-none-eabi/13.2.1/thumb/v7e-m+fp/hard/crti.o
 .ARM.attributes
                0x00000022       0x34 C:/Users/User/OneDrive/Desktop/Tools/ARM/xpack-arm-none-eabi-gcc-13.2.1-1.1/bin/../lib/gcc/arm-none-eabi/13.2.1/thumb/v7e-m+fp/hard/crtbegin.o
 .ARM.attributes
                0x00000056       0x34 build_F411RE/system_stm32f4xx.o
 .ARM.attributes
                0x0000008a       0x34 build_F411RE/syscalls.o
 .ARM.attributes
                0x000000be       0x34 build_F411RE/sysmem.o
 .ARM.attributes
                0x000000f2       0x34 build_F411RE/main.o
 .ARM.attributes
                0x00000126       0x34 build_F411RE/init.o
 .ARM.attributes
                0x0000015a       0x34 build_F411RE/handlers.o
 .ARM.attributes
                0x0000018e       0x34 build_F411RE/task.o
 .ARM.attributes
                0x000001c2       0x34 build_F411RE/I2C.o
 .ARM.attributes
                0x000001f6       0x34 build_F411RE/MCU6050.o
 .ARM.attributes
                0x0000022a       0x34 build_F411RE/motor.o
 .ARM.attributes
                0x0000025e       0x21 build_F411RE/startup_stm32f411xe.o
 .ARM.attributes
                0x0000027f       0x34 C:/Users/User/OneDrive/Desktop/Tools/ARM/xpack-arm-none-eabi-gcc-13.2.1-1.1/bin/../lib/gcc/arm-none-eabi/13.2.1/../../../../arm-none-eabi/lib/thumb/v7e-m+fp/hard\libc_nano.a(libc_a-nano-vfprintf_float.o)
 .ARM.attributes
                0x000002b3       0x34 C:/Users/User/OneDrive/Desktop/Tools/ARM/xpack-arm-none-eabi-gcc-13.2.1-1.1/bin/../lib/gcc/arm-none-eabi/13.2.1/../../../../arm-none-eabi/lib/thumb/v7e-m+fp/hard\libc_nano.a(libc_a-nano-vfprintf_i.o)
 .ARM.attributes
                0x000002e7       0x34 C:/Users/User/OneDrive/Desktop/Tools/ARM/xpack-arm-none-eabi-gcc-13.2.1-1.1/bin/../lib/gcc/arm-none-eabi/13.2.1/../../../../arm-none-eabi/lib/thumb/v7e-m+fp/hard\libc_nano.a(libc_a-findfp.o)
 .ARM.attributes
                0x0000031b       0x34 C:/Users/User/OneDrive/Desktop/Tools/ARM/xpack-arm-none-eabi-gcc-13.2.1-1.1/bin/../lib/gcc/arm-none-eabi/13.2.1/../../../../arm-none-eabi/lib/thumb/v7e-m+fp/hard\libc_nano.a(libc_a-fwalk.o)
 .ARM.attributes
                0x0000034f       0x34 C:/Users/User/OneDrive/Desktop/Tools/ARM/xpack-arm-none-eabi-gcc-13.2.1-1.1/bin/../lib/gcc/arm-none-eabi/13.2.1/../../../../arm-none-eabi/lib/thumb/v7e-m+fp/hard\libc_nano.a(libc_a-stdio.o)
 .ARM.attributes
                0x00000383       0x34 C:/Users/User/OneDrive/Desktop/Tools/ARM/xpack-arm-none-eabi-gcc-13.2.1-1.1/bin/../lib/gcc/arm-none-eabi/13.2.1/../../../../arm-none-eabi/lib/thumb/v7e-m+fp/hard\libc_nano.a(libc_a-vsnprintf.o)
 .ARM.attributes
                0x000003b7       0x34 C:/Users/User/OneDrive/Desktop/Tools/ARM/xpack-arm-none-eabi-gcc-13.2.1-1.1/bin/../lib/gcc/arm-none-eabi/13.2.1/../../../../arm-none-eabi/lib/thumb/v7e-m+fp/hard\libc_nano.a(libc_a-memset.o)
 .ARM.attributes
                0x000003eb       0x34 C:/Users/User/OneDrive/Desktop/Tools/ARM/xpack-arm-none-eabi-gcc-13.2.1-1.1/bin/../lib/gcc/arm-none-eabi/13.2.1/../../../../arm-none-eabi/lib/thumb/v7e-m+fp/hard\libc_nano.a(libc_a-localeconv.o)
 .ARM.attributes
                0x0000041f       0x34 C:/Users/User/OneDrive/Desktop/Tools/ARM/xpack-arm-none-eabi-gcc-13.2.1-1.1/bin/../lib/gcc/arm-none-eabi/13.2.1/../../../../arm-none-eabi/lib/thumb/v7e-m+fp/hard\libc_nano.a(libc_a-closer.o)
 .ARM.attributes
                0x00000453       0x34 C:/Users/User/OneDrive/Desktop/Tools/ARM/xpack-arm-none-eabi-gcc-13.2.1-1.1/bin/../lib/gcc/arm-none-eabi/13.2.1/../../../../arm-none-eabi/lib/thumb/v7e-m+fp/hard\libc_nano.a(libc_a-reent.o)
 .ARM.attributes
                0x00000487       0x34 C:/Users/User/OneDrive/Desktop/Tools/ARM/xpack-arm-none-eabi-gcc-13.2.1-1.1/bin/../lib/gcc/arm-none-eabi/13.2.1/../../../../arm-none-eabi/lib/thumb/v7e-m+fp/hard\libc_nano.a(libc_a-impure.o)
 .ARM.attributes
                0x000004bb       0x34 C:/Users/User/OneDrive/Desktop/Tools/ARM/xpack-arm-none-eabi-gcc-13.2.1-1.1/bin/../lib/gcc/arm-none-eabi/13.2.1/../../../../arm-none-eabi/lib/thumb/v7e-m+fp/hard\libc_nano.a(libc_a-lseekr.o)
 .ARM.attributes
                0x000004ef       0x34 C:/Users/User/OneDrive/Desktop/Tools/ARM/xpack-arm-none-eabi-gcc-13.2.1-1.1/bin/../lib/gcc/arm-none-eabi/13.2.1/../../../../arm-none-eabi/lib/thumb/v7e-m+fp/hard\libc_nano.a(libc_a-readr.o)
 .ARM.attributes
                0x00000523       0x34 C:/Users/User/OneDrive/Desktop/Tools/ARM/xpack-arm-none-eabi-gcc-13.2.1-1.1/bin/../lib/gcc/arm-none-eabi/13.2.1/../../../../arm-none-eabi/lib/thumb/v7e-m+fp/hard\libc_nano.a(libc_a-writer.o)
 .ARM.attributes
                0x00000557       0x34 C:/Users/User/OneDrive/Desktop/Tools/ARM/xpack-arm-none-eabi-gcc-13.2.1-1.1/bin/../lib/gcc/arm-none-eabi/13.2.1/../../../../arm-none-eabi/lib/thumb/v7e-m+fp/hard\libc_nano.a(libc_a-errno.o)
 .ARM.attributes
                0x0000058b       0x34 C:/Users/User/OneDrive/Desktop/Tools/ARM/xpack-arm-none-eabi-gcc-13.2.1-1.1/bin/../lib/gcc/arm-none-eabi/13.2.1/../../../../arm-none-eabi/lib/thumb/v7e-m+fp/hard\libc_nano.a(libc_a-init.o)
 .ARM.attributes
                0x000005bf       0x34 C:/Users/User/OneDrive/Desktop/Tools/ARM/xpack-arm-none-eabi-gcc-13.2.1-1.1/bin/../lib/gcc/arm-none-eabi/13.2.1/../../../../arm-none-eabi/lib/thumb/v7e-m+fp/hard\libc_nano.a(libc_a-lock.o)
 .ARM.attributes
                0x000005f3       0x1c C:/Users/User/OneDrive/Desktop/Tools/ARM/xpack-arm-none-eabi-gcc-13.2.1-1.1/bin/../lib/gcc/arm-none-eabi/13.2.1/../../../../arm-none-eabi/lib/thumb/v7e-m+fp/hard\libc_nano.a(libc_a-memchr.o)
 .ARM.attributes
                0x0000060f       0x17 C:/Users/User/OneDrive/Desktop/Tools/ARM/xpack-arm-none-eabi-gcc-13.2.1-1.1/bin/../lib/gcc/arm-none-eabi/13.2.1/../../../../arm-none-eabi/lib/thumb/v7e-m+fp/hard\libc_nano.a(libc_a-strlen.o)
 .ARM.attributes
                0x00000626       0x34 C:/Users/User/OneDrive/Desktop/Tools/ARM/xpack-arm-none-eabi-gcc-13.2.1-1.1/bin/../lib/gcc/arm-none-eabi/13.2.1/../../../../arm-none-eabi/lib/thumb/v7e-m+fp/hard\libc_nano.a(libc_a-dtoa.o)
 .ARM.attributes
                0x0000065a       0x34 C:/Users/User/OneDrive/Desktop/Tools/ARM/xpack-arm-none-eabi-gcc-13.2.1-1.1/bin/../lib/gcc/arm-none-eabi/13.2.1/../../../../arm-none-eabi/lib/thumb/v7e-m+fp/hard\libc_nano.a(libc_a-freer.o)
 .ARM.attributes
                0x0000068e       0x34 C:/Users/User/OneDrive/Desktop/Tools/ARM/xpack-arm-none-eabi-gcc-13.2.1-1.1/bin/../lib/gcc/arm-none-eabi/13.2.1/../../../../arm-none-eabi/lib/thumb/v7e-m+fp/hard\libc_nano.a(libc_a-malloc.o)
 .ARM.attributes
                0x000006c2       0x34 C:/Users/User/OneDrive/Desktop/Tools/ARM/xpack-arm-none-eabi-gcc-13.2.1-1.1/bin/../lib/gcc/arm-none-eabi/13.2.1/../../../../arm-none-eabi/lib/thumb/v7e-m+fp/hard\libc_nano.a(libc_a-mallocr.o)
 .ARM.attributes
                0x000006f6       0x34 C:/Users/User/OneDrive/Desktop/Tools/ARM/xpack-arm-none-eabi-gcc-13.2.1-1.1/bin/../lib/gcc/arm-none-eabi/13.2.1/../../../../arm-none-eabi/lib/thumb/v7e-m+fp/hard\libc_nano.a(libc_a-mlock.o)
 .ARM.attributes
                0x0000072a       0x34 C:/Users/User/OneDrive/Desktop/Tools/ARM/xpack-arm-none-eabi-gcc-13.2.1-1.1/bin/../lib/gcc/arm-none-eabi/13.2.1/../../../../arm-none-eabi/lib/thumb/v7e-m+fp/hard\libc_nano.a(libc_a-mprec.o)
 .ARM.attributes
                0x0000075e       0x34 C:/Users/User/OneDrive/Desktop/Tools/ARM/xpack-arm-none-eabi-gcc-13.2.1-1.1/bin/../lib/gcc/arm-none-eabi/13.2.1/../../../../arm-none-eabi/lib/thumb/v7e-m+fp/hard\libc_nano.a(libc_a-nano-svfprintf.o)
 .ARM.attributes
                0x00000792       0x34 C:/Users/User/OneDrive/Desktop/Tools/ARM/xpack-arm-none-eabi-gcc-13.2.1-1.1/bin/../lib/gcc/arm-none-eabi/13.2.1/../../../../arm-none-eabi/lib/thumb/v7e-m+fp/hard\libc_nano.a(libc_a-fflush.o)
 .ARM.attributes
                0x000007c6       0x34 C:/Users/User/OneDrive/Desktop/Tools/ARM/xpack-arm-none-eabi-gcc-13.2.1-1.1/bin/../lib/gcc/arm-none-eabi/13.2.1/../../../../arm-none-eabi/lib/thumb/v7e-m+fp/hard\libc_nano.a(libc_a-memmove.o)
 .ARM.attributes
                0x000007fa       0x34 C:/Users/User/OneDrive/Desktop/Tools/ARM/xpack-arm-none-eabi-gcc-13.2.1-1.1/bin/../lib/gcc/arm-none-eabi/13.2.1/../../../../arm-none-eabi/lib/thumb/v7e-m+fp/hard\libc_nano.a(libc_a-locale.o)
 .ARM.attributes
                0x0000082e       0x34 C:/Users/User/OneDrive/Desktop/Tools/ARM/xpack-arm-none-eabi-gcc-13.2.1-1.1/bin/../lib/gcc/arm-none-eabi/13.2.1/../../../../arm-none-eabi/lib/thumb/v7e-m+fp/hard\libc_nano.a(libc_a-sbrkr.o)
 .ARM.attributes
                0x00000862       0x34 C:/Users/User/OneDrive/Desktop/Tools/ARM/xpack-arm-none-eabi-gcc-13.2.1-1.1/bin/../lib/gcc/arm-none-eabi/13.2.1/../../../../arm-none-eabi/lib/thumb/v7e-m+fp/hard\libc_nano.a(libc_a-memcpy-stub.o)
 .ARM.attributes
                0x00000896       0x34 C:/Users/User/OneDrive/Desktop/Tools/ARM/xpack-arm-none-eabi-gcc-13.2.1-1.1/bin/../lib/gcc/arm-none-eabi/13.2.1/../../../../arm-none-eabi/lib/thumb/v7e-m+fp/hard\libc_nano.a(libc_a-assert.o)
 .ARM.attributes
                0x000008ca       0x34 C:/Users/User/OneDrive/Desktop/Tools/ARM/xpack-arm-none-eabi-gcc-13.2.1-1.1/bin/../lib/gcc/arm-none-eabi/13.2.1/../../../../arm-none-eabi/lib/thumb/v7e-m+fp/hard\libc_nano.a(libc_a-callocr.o)
 .ARM.attributes
                0x000008fe       0x34 C:/Users/User/OneDrive/Desktop/Tools/ARM/xpack-arm-none-eabi-gcc-13.2.1-1.1/bin/../lib/gcc/arm-none-eabi/13.2.1/../../../../arm-none-eabi/lib/thumb/v7e-m+fp/hard\libc_nano.a(libc_a-mbtowc_r.o)
 .ARM.attributes
                0x00000932       0x34 C:/Users/User/OneDrive/Desktop/Tools/ARM/xpack-arm-none-eabi-gcc-13.2.1-1.1/bin/../lib/gcc/arm-none-eabi/13.2.1/../../../../arm-none-eabi/lib/thumb/v7e-m+fp/hard\libc_nano.a(libc_a-reallocr.o)
 .ARM.attributes
                0x00000966       0x34 C:/Users/User/OneDrive/Desktop/Tools/ARM/xpack-arm-none-eabi-gcc-13.2.1-1.1/bin/../lib/gcc/arm-none-eabi/13.2.1/../../../../arm-none-eabi/lib/thumb/v7e-m+fp/hard\libc_nano.a(libc_a-wctomb_r.o)
 .ARM.attributes
                0x0000099a       0x34 C:/Users/User/OneDrive/Desktop/Tools/ARM/xpack-arm-none-eabi-gcc-13.2.1-1.1/bin/../lib/gcc/arm-none-eabi/13.2.1/../../../../arm-none-eabi/lib/thumb/v7e-m+fp/hard\libc_nano.a(libc_a-ctype_.o)
 .ARM.attributes
                0x000009ce       0x34 C:/Users/User/OneDrive/Desktop/Tools/ARM/xpack-arm-none-eabi-gcc-13.2.1-1.1/bin/../lib/gcc/arm-none-eabi/13.2.1/../../../../arm-none-eabi/lib/thumb/v7e-m+fp/hard\libc_nano.a(libc_a-fprintf.o)
 .ARM.attributes
                0x00000a02       0x34 C:/Users/User/OneDrive/Desktop/Tools/ARM/xpack-arm-none-eabi-gcc-13.2.1-1.1/bin/../lib/gcc/arm-none-eabi/13.2.1/../../../../arm-none-eabi/lib/thumb/v7e-m+fp/hard\libc_nano.a(libc_a-abort.o)
 .ARM.attributes
                0x00000a36       0x34 C:/Users/User/OneDrive/Desktop/Tools/ARM/xpack-arm-none-eabi-gcc-13.2.1-1.1/bin/../lib/gcc/arm-none-eabi/13.2.1/../../../../arm-none-eabi/lib/thumb/v7e-m+fp/hard\libc_nano.a(libc_a-msizer.o)
 .ARM.attributes
                0x00000a6a       0x34 C:/Users/User/OneDrive/Desktop/Tools/ARM/xpack-arm-none-eabi-gcc-13.2.1-1.1/bin/../lib/gcc/arm-none-eabi/13.2.1/../../../../arm-none-eabi/lib/thumb/v7e-m+fp/hard\libc_nano.a(libc_a-nano-vfprintf.o)
 .ARM.attributes
                0x00000a9e       0x34 C:/Users/User/OneDrive/Desktop/Tools/ARM/xpack-arm-none-eabi-gcc-13.2.1-1.1/bin/../lib/gcc/arm-none-eabi/13.2.1/../../../../arm-none-eabi/lib/thumb/v7e-m+fp/hard\libc_nano.a(libc_a-wbuf.o)
 .ARM.attributes
                0x00000ad2       0x34 C:/Users/User/OneDrive/Desktop/Tools/ARM/xpack-arm-none-eabi-gcc-13.2.1-1.1/bin/../lib/gcc/arm-none-eabi/13.2.1/../../../../arm-none-eabi/lib/thumb/v7e-m+fp/hard\libc_nano.a(libc_a-wsetup.o)
 .ARM.attributes
                0x00000b06       0x34 C:/Users/User/OneDrive/Desktop/Tools/ARM/xpack-arm-none-eabi-gcc-13.2.1-1.1/bin/../lib/gcc/arm-none-eabi/13.2.1/../../../../arm-none-eabi/lib/thumb/v7e-m+fp/hard\libc_nano.a(libc_a-signal.o)
 .ARM.attributes
                0x00000b3a       0x34 C:/Users/User/OneDrive/Desktop/Tools/ARM/xpack-arm-none-eabi-gcc-13.2.1-1.1/bin/../lib/gcc/arm-none-eabi/13.2.1/../../../../arm-none-eabi/lib/thumb/v7e-m+fp/hard\libc_nano.a(libc_a-signalr.o)
 .ARM.attributes
                0x00000b6e       0x34 C:/Users/User/OneDrive/Desktop/Tools/ARM/xpack-arm-none-eabi-gcc-13.2.1-1.1/bin/../lib/gcc/arm-none-eabi/13.2.1/../../../../arm-none-eabi/lib/thumb/v7e-m+fp/hard\libc_nano.a(libc_a-makebuf.o)
 .ARM.attributes
                0x00000ba2       0x34 C:/Users/User/OneDrive/Desktop/Tools/ARM/xpack-arm-none-eabi-gcc-13.2.1-1.1/bin/../lib/gcc/arm-none-eabi/13.2.1/../../../../arm-none-eabi/lib/thumb/v7e-m+fp/hard\libc_nano.a(libc_a-fstatr.o)
 .ARM.attributes
                0x00000bd6       0x34 C:/Users/User/OneDrive/Desktop/Tools/ARM/xpack-arm-none-eabi-gcc-13.2.1-1.1/bin/../lib/gcc/arm-none-eabi/13.2.1/../../../../arm-none-eabi/lib/thumb/v7e-m+fp/hard\libc_nano.a(libc_a-isattyr.o)
 .ARM.attributes
                0x00000c0a       0x22 C:/Users/User/OneDrive/Desktop/Tools/ARM/xpack-arm-none-eabi-gcc-13.2.1-1.1/bin/../lib/gcc/arm-none-eabi/13.2.1/thumb/v7e-m+fp/hard\libgcc.a(_arm_addsubdf3.o)
 .ARM.attributes
                0x00000c2c       0x22 C:/Users/User/OneDrive/Desktop/Tools/ARM/xpack-arm-none-eabi-gcc-13.2.1-1.1/bin/../lib/gcc/arm-none-eabi/13.2.1/thumb/v7e-m+fp/hard\libgcc.a(_arm_muldivdf3.o)
 .ARM.attributes
                0x00000c4e       0x22 C:/Users/User/OneDrive/Desktop/Tools/ARM/xpack-arm-none-eabi-gcc-13.2.1-1.1/bin/../lib/gcc/arm-none-eabi/13.2.1/thumb/v7e-m+fp/hard\libgcc.a(_arm_cmpdf2.o)
 .ARM.attributes
                0x00000c70       0x22 C:/Users/User/OneDrive/Desktop/Tools/ARM/xpack-arm-none-eabi-gcc-13.2.1-1.1/bin/../lib/gcc/arm-none-eabi/13.2.1/thumb/v7e-m+fp/hard\libgcc.a(_arm_unorddf2.o)
 .ARM.attributes
                0x00000c92       0x22 C:/Users/User/OneDrive/Desktop/Tools/ARM/xpack-arm-none-eabi-gcc-13.2.1-1.1/bin/../lib/gcc/arm-none-eabi/13.2.1/thumb/v7e-m+fp/hard\libgcc.a(_arm_fixdfsi.o)
 .ARM.attributes
                0x00000cb4       0x22 C:/Users/User/OneDrive/Desktop/Tools/ARM/xpack-arm-none-eabi-gcc-13.2.1-1.1/bin/../lib/gcc/arm-none-eabi/13.2.1/thumb/v7e-m+fp/hard/crtn.o
OUTPUT(build_F411RE/STM32F411RE.elf elf32-littlearm)
LOAD linker stubs
LOAD C:/Users/User/OneDrive/Desktop/Tools/ARM/xpack-arm-none-eabi-gcc-13.2.1-1.1/bin/../lib/gcc/arm-none-eabi/13.2.1/../../../../arm-none-eabi/lib/thumb/v7e-m+fp/hard\libc.a
LOAD C:/Users/User/OneDrive/Desktop/Tools/ARM/xpack-arm-none-eabi-gcc-13.2.1-1.1/bin/../lib/gcc/arm-none-eabi/13.2.1/../../../../arm-none-eabi/lib/thumb/v7e-m+fp/hard\libm.a
LOAD C:/Users/User/OneDrive/Desktop/Tools/ARM/xpack-arm-none-eabi-gcc-13.2.1-1.1/bin/../lib/gcc/arm-none-eabi/13.2.1/thumb/v7e-m+fp/hard\libgcc.a

.comment        0x00000000       0x39
 .comment       0x00000000       0x39 C:/Users/User/OneDrive/Desktop/Tools/ARM/xpack-arm-none-eabi-gcc-13.2.1-1.1/bin/../lib/gcc/arm-none-eabi/13.2.1/thumb/v7e-m+fp/hard/crtbegin.o
                                 0x3a (size before relaxing)
 .comment       0x00000039       0x3a build_F411RE/system_stm32f4xx.o
 .comment       0x00000039       0x3a build_F411RE/syscalls.o
 .comment       0x00000039       0x3a build_F411RE/sysmem.o
 .comment       0x00000039       0x3a build_F411RE/main.o
 .comment       0x00000039       0x3a build_F411RE/init.o
 .comment       0x00000039       0x3a build_F411RE/handlers.o
 .comment       0x00000039       0x3a build_F411RE/task.o
 .comment       0x00000039       0x3a build_F411RE/I2C.o
 .comment       0x00000039       0x3a build_F411RE/MCU6050.o
 .comment       0x00000039       0x3a build_F411RE/motor.o
 .comment       0x00000039       0x3a C:/Users/User/OneDrive/Desktop/Tools/ARM/xpack-arm-none-eabi-gcc-13.2.1-1.1/bin/../lib/gcc/arm-none-eabi/13.2.1/../../../../arm-none-eabi/lib/thumb/v7e-m+fp/hard\libc_nano.a(libc_a-nano-vfprintf_float.o)
 .comment       0x00000039       0x3a C:/Users/User/OneDrive/Desktop/Tools/ARM/xpack-arm-none-eabi-gcc-13.2.1-1.1/bin/../lib/gcc/arm-none-eabi/13.2.1/../../../../arm-none-eabi/lib/thumb/v7e-m+fp/hard\libc_nano.a(libc_a-nano-vfprintf_i.o)
 .comment       0x00000039       0x3a C:/Users/User/OneDrive/Desktop/Tools/ARM/xpack-arm-none-eabi-gcc-13.2.1-1.1/bin/../lib/gcc/arm-none-eabi/13.2.1/../../../../arm-none-eabi/lib/thumb/v7e-m+fp/hard\libc_nano.a(libc_a-findfp.o)
 .comment       0x00000039       0x3a C:/Users/User/OneDrive/Desktop/Tools/ARM/xpack-arm-none-eabi-gcc-13.2.1-1.1/bin/../lib/gcc/arm-none-eabi/13.2.1/../../../../arm-none-eabi/lib/thumb/v7e-m+fp/hard\libc_nano.a(libc_a-fwalk.o)
 .comment       0x00000039       0x3a C:/Users/User/OneDrive/Desktop/Tools/ARM/xpack-arm-none-eabi-gcc-13.2.1-1.1/bin/../lib/gcc/arm-none-eabi/13.2.1/../../../../arm-none-eabi/lib/thumb/v7e-m+fp/hard\libc_nano.a(libc_a-stdio.o)
 .comment       0x00000039       0x3a C:/Users/User/OneDrive/Desktop/Tools/ARM/xpack-arm-none-eabi-gcc-13.2.1-1.1/bin/../lib/gcc/arm-none-eabi/13.2.1/../../../../arm-none-eabi/lib/thumb/v7e-m+fp/hard\libc_nano.a(libc_a-vsnprintf.o)
 .comment       0x00000039       0x3a C:/Users/User/OneDrive/Desktop/Tools/ARM/xpack-arm-none-eabi-gcc-13.2.1-1.1/bin/../lib/gcc/arm-none-eabi/13.2.1/../../../../arm-none-eabi/lib/thumb/v7e-m+fp/hard\libc_nano.a(libc_a-memset.o)
 .comment       0x00000039       0x3a C:/Users/User/OneDrive/Desktop/Tools/ARM/xpack-arm-none-eabi-gcc-13.2.1-1.1/bin/../lib/gcc/arm-none-eabi/13.2.1/../../../../arm-none-eabi/lib/thumb/v7e-m+fp/hard\libc_nano.a(libc_a-localeconv.o)
 .comment       0x00000039       0x3a C:/Users/User/OneDrive/Desktop/Tools/ARM/xpack-arm-none-eabi-gcc-13.2.1-1.1/bin/../lib/gcc/arm-none-eabi/13.2.1/../../../../arm-none-eabi/lib/thumb/v7e-m+fp/hard\libc_nano.a(libc_a-closer.o)
 .comment       0x00000039       0x3a C:/Users/User/OneDrive/Desktop/Tools/ARM/xpack-arm-none-eabi-gcc-13.2.1-1.1/bin/../lib/gcc/arm-none-eabi/13.2.1/../../../../arm-none-eabi/lib/thumb/v7e-m+fp/hard\libc_nano.a(libc_a-reent.o)
 .comment       0x00000039       0x3a C:/Users/User/OneDrive/Desktop/Tools/ARM/xpack-arm-none-eabi-gcc-13.2.1-1.1/bin/../lib/gcc/arm-none-eabi/13.2.1/../../../../arm-none-eabi/lib/thumb/v7e-m+fp/hard\libc_nano.a(libc_a-impure.o)
 .comment       0x00000039       0x3a C:/Users/User/OneDrive/Desktop/Tools/ARM/xpack-arm-none-eabi-gcc-13.2.1-1.1/bin/../lib/gcc/arm-none-eabi/13.2.1/../../../../arm-none-eabi/lib/thumb/v7e-m+fp/hard\libc_nano.a(libc_a-lseekr.o)
 .comment       0x00000039       0x3a C:/Users/User/OneDrive/Desktop/Tools/ARM/xpack-arm-none-eabi-gcc-13.2.1-1.1/bin/../lib/gcc/arm-none-eabi/13.2.1/../../../../arm-none-eabi/lib/thumb/v7e-m+fp/hard\libc_nano.a(libc_a-readr.o)
 .comment       0x00000039       0x3a C:/Users/User/OneDrive/Desktop/Tools/ARM/xpack-arm-none-eabi-gcc-13.2.1-1.1/bin/../lib/gcc/arm-none-eabi/13.2.1/../../../../arm-none-eabi/lib/thumb/v7e-m+fp/hard\libc_nano.a(libc_a-writer.o)
 .comment       0x00000039       0x3a C:/Users/User/OneDrive/Desktop/Tools/ARM/xpack-arm-none-eabi-gcc-13.2.1-1.1/bin/../lib/gcc/arm-none-eabi/13.2.1/../../../../arm-none-eabi/lib/thumb/v7e-m+fp/hard\libc_nano.a(libc_a-errno.o)
 .comment       0x00000039       0x3a C:/Users/User/OneDrive/Desktop/Tools/ARM/xpack-arm-none-eabi-gcc-13.2.1-1.1/bin/../lib/gcc/arm-none-eabi/13.2.1/../../../../arm-none-eabi/lib/thumb/v7e-m+fp/hard\libc_nano.a(libc_a-init.o)
 .comment       0x00000039       0x3a C:/Users/User/OneDrive/Desktop/Tools/ARM/xpack-arm-none-eabi-gcc-13.2.1-1.1/bin/../lib/gcc/arm-none-eabi/13.2.1/../../../../arm-none-eabi/lib/thumb/v7e-m+fp/hard\libc_nano.a(libc_a-lock.o)
 .comment       0x00000039       0x3a C:/Users/User/OneDrive/Desktop/Tools/ARM/xpack-arm-none-eabi-gcc-13.2.1-1.1/bin/../lib/gcc/arm-none-eabi/13.2.1/../../../../arm-none-eabi/lib/thumb/v7e-m+fp/hard\libc_nano.a(libc_a-dtoa.o)
 .comment       0x00000039       0x3a C:/Users/User/OneDrive/Desktop/Tools/ARM/xpack-arm-none-eabi-gcc-13.2.1-1.1/bin/../lib/gcc/arm-none-eabi/13.2.1/../../../../arm-none-eabi/lib/thumb/v7e-m+fp/hard\libc_nano.a(libc_a-freer.o)
 .comment       0x00000039       0x3a C:/Users/User/OneDrive/Desktop/Tools/ARM/xpack-arm-none-eabi-gcc-13.2.1-1.1/bin/../lib/gcc/arm-none-eabi/13.2.1/../../../../arm-none-eabi/lib/thumb/v7e-m+fp/hard\libc_nano.a(libc_a-malloc.o)
 .comment       0x00000039       0x3a C:/Users/User/OneDrive/Desktop/Tools/ARM/xpack-arm-none-eabi-gcc-13.2.1-1.1/bin/../lib/gcc/arm-none-eabi/13.2.1/../../../../arm-none-eabi/lib/thumb/v7e-m+fp/hard\libc_nano.a(libc_a-mallocr.o)
 .comment       0x00000039       0x3a C:/Users/User/OneDrive/Desktop/Tools/ARM/xpack-arm-none-eabi-gcc-13.2.1-1.1/bin/../lib/gcc/arm-none-eabi/13.2.1/../../../../arm-none-eabi/lib/thumb/v7e-m+fp/hard\libc_nano.a(libc_a-mlock.o)
 .comment       0x00000039       0x3a C:/Users/User/OneDrive/Desktop/Tools/ARM/xpack-arm-none-eabi-gcc-13.2.1-1.1/bin/../lib/gcc/arm-none-eabi/13.2.1/../../../../arm-none-eabi/lib/thumb/v7e-m+fp/hard\libc_nano.a(libc_a-mprec.o)
 .comment       0x00000039       0x3a C:/Users/User/OneDrive/Desktop/Tools/ARM/xpack-arm-none-eabi-gcc-13.2.1-1.1/bin/../lib/gcc/arm-none-eabi/13.2.1/../../../../arm-none-eabi/lib/thumb/v7e-m+fp/hard\libc_nano.a(libc_a-nano-svfprintf.o)
 .comment       0x00000039       0x3a C:/Users/User/OneDrive/Desktop/Tools/ARM/xpack-arm-none-eabi-gcc-13.2.1-1.1/bin/../lib/gcc/arm-none-eabi/13.2.1/../../../../arm-none-eabi/lib/thumb/v7e-m+fp/hard\libc_nano.a(libc_a-fflush.o)
 .comment       0x00000039       0x3a C:/Users/User/OneDrive/Desktop/Tools/ARM/xpack-arm-none-eabi-gcc-13.2.1-1.1/bin/../lib/gcc/arm-none-eabi/13.2.1/../../../../arm-none-eabi/lib/thumb/v7e-m+fp/hard\libc_nano.a(libc_a-memmove.o)
 .comment       0x00000039       0x3a C:/Users/User/OneDrive/Desktop/Tools/ARM/xpack-arm-none-eabi-gcc-13.2.1-1.1/bin/../lib/gcc/arm-none-eabi/13.2.1/../../../../arm-none-eabi/lib/thumb/v7e-m+fp/hard\libc_nano.a(libc_a-locale.o)
 .comment       0x00000039       0x3a C:/Users/User/OneDrive/Desktop/Tools/ARM/xpack-arm-none-eabi-gcc-13.2.1-1.1/bin/../lib/gcc/arm-none-eabi/13.2.1/../../../../arm-none-eabi/lib/thumb/v7e-m+fp/hard\libc_nano.a(libc_a-sbrkr.o)
 .comment       0x00000039       0x3a C:/Users/User/OneDrive/Desktop/Tools/ARM/xpack-arm-none-eabi-gcc-13.2.1-1.1/bin/../lib/gcc/arm-none-eabi/13.2.1/../../../../arm-none-eabi/lib/thumb/v7e-m+fp/hard\libc_nano.a(libc_a-memcpy-stub.o)
 .comment       0x00000039       0x3a C:/Users/User/OneDrive/Desktop/Tools/ARM/xpack-arm-none-eabi-gcc-13.2.1-1.1/bin/../lib/gcc/arm-none-eabi/13.2.1/../../../../arm-none-eabi/lib/thumb/v7e-m+fp/hard\libc_nano.a(libc_a-assert.o)
 .comment       0x00000039       0x3a C:/Users/User/OneDrive/Desktop/Tools/ARM/xpack-arm-none-eabi-gcc-13.2.1-1.1/bin/../lib/gcc/arm-none-eabi/13.2.1/../../../../arm-none-eabi/lib/thumb/v7e-m+fp/hard\libc_nano.a(libc_a-callocr.o)
 .comment       0x00000039       0x3a C:/Users/User/OneDrive/Desktop/Tools/ARM/xpack-arm-none-eabi-gcc-13.2.1-1.1/bin/../lib/gcc/arm-none-eabi/13.2.1/../../../../arm-none-eabi/lib/thumb/v7e-m+fp/hard\libc_nano.a(libc_a-mbtowc_r.o)
 .comment       0x00000039       0x3a C:/Users/User/OneDrive/Desktop/Tools/ARM/xpack-arm-none-eabi-gcc-13.2.1-1.1/bin/../lib/gcc/arm-none-eabi/13.2.1/../../../../arm-none-eabi/lib/thumb/v7e-m+fp/hard\libc_nano.a(libc_a-reallocr.o)
 .comment       0x00000039       0x3a C:/Users/User/OneDrive/Desktop/Tools/ARM/xpack-arm-none-eabi-gcc-13.2.1-1.1/bin/../lib/gcc/arm-none-eabi/13.2.1/../../../../arm-none-eabi/lib/thumb/v7e-m+fp/hard\libc_nano.a(libc_a-wctomb_r.o)
 .comment       0x00000039       0x3a C:/Users/User/OneDrive/Desktop/Tools/ARM/xpack-arm-none-eabi-gcc-13.2.1-1.1/bin/../lib/gcc/arm-none-eabi/13.2.1/../../../../arm-none-eabi/lib/thumb/v7e-m+fp/hard\libc_nano.a(libc_a-ctype_.o)
 .comment       0x00000039       0x3a C:/Users/User/OneDrive/Desktop/Tools/ARM/xpack-arm-none-eabi-gcc-13.2.1-1.1/bin/../lib/gcc/arm-none-eabi/13.2.1/../../../../arm-none-eabi/lib/thumb/v7e-m+fp/hard\libc_nano.a(libc_a-fprintf.o)
 .comment       0x00000039       0x3a C:/Users/User/OneDrive/Desktop/Tools/ARM/xpack-arm-none-eabi-gcc-13.2.1-1.1/bin/../lib/gcc/arm-none-eabi/13.2.1/../../../../arm-none-eabi/lib/thumb/v7e-m+fp/hard\libc_nano.a(libc_a-abort.o)
 .comment       0x00000039       0x3a C:/Users/User/OneDrive/Desktop/Tools/ARM/xpack-arm-none-eabi-gcc-13.2.1-1.1/bin/../lib/gcc/arm-none-eabi/13.2.1/../../../../arm-none-eabi/lib/thumb/v7e-m+fp/hard\libc_nano.a(libc_a-msizer.o)
 .comment       0x00000039       0x3a C:/Users/User/OneDrive/Desktop/Tools/ARM/xpack-arm-none-eabi-gcc-13.2.1-1.1/bin/../lib/gcc/arm-none-eabi/13.2.1/../../../../arm-none-eabi/lib/thumb/v7e-m+fp/hard\libc_nano.a(libc_a-nano-vfprintf.o)
 .comment       0x00000039       0x3a C:/Users/User/OneDrive/Desktop/Tools/ARM/xpack-arm-none-eabi-gcc-13.2.1-1.1/bin/../lib/gcc/arm-none-eabi/13.2.1/../../../../arm-none-eabi/lib/thumb/v7e-m+fp/hard\libc_nano.a(libc_a-wbuf.o)
 .comment       0x00000039       0x3a C:/Users/User/OneDrive/Desktop/Tools/ARM/xpack-arm-none-eabi-gcc-13.2.1-1.1/bin/../lib/gcc/arm-none-eabi/13.2.1/../../../../arm-none-eabi/lib/thumb/v7e-m+fp/hard\libc_nano.a(libc_a-wsetup.o)
 .comment       0x00000039       0x3a C:/Users/User/OneDrive/Desktop/Tools/ARM/xpack-arm-none-eabi-gcc-13.2.1-1.1/bin/../lib/gcc/arm-none-eabi/13.2.1/../../../../arm-none-eabi/lib/thumb/v7e-m+fp/hard\libc_nano.a(libc_a-signal.o)
 .comment       0x00000039       0x3a C:/Users/User/OneDrive/Desktop/Tools/ARM/xpack-arm-none-eabi-gcc-13.2.1-1.1/bin/../lib/gcc/arm-none-eabi/13.2.1/../../../../arm-none-eabi/lib/thumb/v7e-m+fp/hard\libc_nano.a(libc_a-signalr.o)
 .comment       0x00000039       0x3a C:/Users/User/OneDrive/Desktop/Tools/ARM/xpack-arm-none-eabi-gcc-13.2.1-1.1/bin/../lib/gcc/arm-none-eabi/13.2.1/../../../../arm-none-eabi/lib/thumb/v7e-m+fp/hard\libc_nano.a(libc_a-makebuf.o)
 .comment       0x00000039       0x3a C:/Users/User/OneDrive/Desktop/Tools/ARM/xpack-arm-none-eabi-gcc-13.2.1-1.1/bin/../lib/gcc/arm-none-eabi/13.2.1/../../../../arm-none-eabi/lib/thumb/v7e-m+fp/hard\libc_nano.a(libc_a-fstatr.o)
 .comment       0x00000039       0x3a C:/Users/User/OneDrive/Desktop/Tools/ARM/xpack-arm-none-eabi-gcc-13.2.1-1.1/bin/../lib/gcc/arm-none-eabi/13.2.1/../../../../arm-none-eabi/lib/thumb/v7e-m+fp/hard\libc_nano.a(libc_a-isattyr.o)

.debug_info     0x00000000     0x463e
 .debug_info    0x00000000      0x5de build_F411RE/system_stm32f4xx.o
 .debug_info    0x000005de      0x848 build_F411RE/syscalls.o
 .debug_info    0x00000e26      0x18c build_F411RE/sysmem.o
 .debug_info    0x00000fb2      0x885 build_F411RE/main.o
 .debug_info    0x00001837      0xe28 build_F411RE/init.o
 .debug_info    0x0000265f      0x2f1 build_F411RE/handlers.o
 .debug_info    0x00002950      0x19a build_F411RE/task.o
 .debug_info    0x00002aea      0x81e build_F411RE/I2C.o
 .debug_info    0x00003308      0x607 build_F411RE/MCU6050.o
 .debug_info    0x0000390f      0xa7e build_F411RE/motor.o
 .debug_info    0x0000438d       0x30 build_F411RE/startup_stm32f411xe.o
 .debug_info    0x000043bd       0xd3 C:/Users/User/OneDrive/Desktop/Tools/ARM/xpack-arm-none-eabi-gcc-13.2.1-1.1/bin/../lib/gcc/arm-none-eabi/13.2.1/thumb/v7e-m+fp/hard\libgcc.a(_arm_addsubdf3.o)
 .debug_info    0x00004490       0x57 C:/Users/User/OneDrive/Desktop/Tools/ARM/xpack-arm-none-eabi-gcc-13.2.1-1.1/bin/../lib/gcc/arm-none-eabi/13.2.1/thumb/v7e-m+fp/hard\libgcc.a(_arm_muldivdf3.o)
 .debug_info    0x000044e7       0xdf C:/Users/User/OneDrive/Desktop/Tools/ARM/xpack-arm-none-eabi-gcc-13.2.1-1.1/bin/../lib/gcc/arm-none-eabi/13.2.1/thumb/v7e-m+fp/hard\libgcc.a(_arm_cmpdf2.o)
 .debug_info    0x000045c6       0x3c C:/Users/User/OneDrive/Desktop/Tools/ARM/xpack-arm-none-eabi-gcc-13.2.1-1.1/bin/../lib/gcc/arm-none-eabi/13.2.1/thumb/v7e-m+fp/hard\libgcc.a(_arm_unorddf2.o)
 .debug_info    0x00004602       0x3c C:/Users/User/OneDrive/Desktop/Tools/ARM/xpack-arm-none-eabi-gcc-13.2.1-1.1/bin/../lib/gcc/arm-none-eabi/13.2.1/thumb/v7e-m+fp/hard\libgcc.a(_arm_fixdfsi.o)

.debug_abbrev   0x00000000     0x10e0
 .debug_abbrev  0x00000000      0x11b build_F411RE/system_stm32f4xx.o
 .debug_abbrev  0x0000011b      0x1e3 build_F411RE/syscalls.o
 .debug_abbrev  0x000002fe       0xeb build_F411RE/sysmem.o
 .debug_abbrev  0x000003e9      0x22a build_F411RE/main.o
 .debug_abbrev  0x00000613      0x244 build_F411RE/init.o
 .debug_abbrev  0x00000857       0xe0 build_F411RE/handlers.o
 .debug_abbrev  0x00000937       0xe0 build_F411RE/task.o
 .debug_abbrev  0x00000a17      0x1b7 build_F411RE/I2C.o
 .debug_abbrev  0x00000bce      0x1e9 build_F411RE/MCU6050.o
 .debug_abbrev  0x00000db7      0x244 build_F411RE/motor.o
 .debug_abbrev  0x00000ffb       0x1d build_F411RE/startup_stm32f411xe.o
 .debug_abbrev  0x00001018       0x28 C:/Users/User/OneDrive/Desktop/Tools/ARM/xpack-arm-none-eabi-gcc-13.2.1-1.1/bin/../lib/gcc/arm-none-eabi/13.2.1/thumb/v7e-m+fp/hard\libgcc.a(_arm_addsubdf3.o)
 .debug_abbrev  0x00001040       0x28 C:/Users/User/OneDrive/Desktop/Tools/ARM/xpack-arm-none-eabi-gcc-13.2.1-1.1/bin/../lib/gcc/arm-none-eabi/13.2.1/thumb/v7e-m+fp/hard\libgcc.a(_arm_muldivdf3.o)
 .debug_abbrev  0x00001068       0x28 C:/Users/User/OneDrive/Desktop/Tools/ARM/xpack-arm-none-eabi-gcc-13.2.1-1.1/bin/../lib/gcc/arm-none-eabi/13.2.1/thumb/v7e-m+fp/hard\libgcc.a(_arm_cmpdf2.o)
 .debug_abbrev  0x00001090       0x28 C:/Users/User/OneDrive/Desktop/Tools/ARM/xpack-arm-none-eabi-gcc-13.2.1-1.1/bin/../lib/gcc/arm-none-eabi/13.2.1/thumb/v7e-m+fp/hard\libgcc.a(_arm_unorddf2.o)
 .debug_abbrev  0x000010b8       0x28 C:/Users/User/OneDrive/Desktop/Tools/ARM/xpack-arm-none-eabi-gcc-13.2.1-1.1/bin/../lib/gcc/arm-none-eabi/13.2.1/thumb/v7e-m+fp/hard\libgcc.a(_arm_fixdfsi.o)

.debug_loc      0x00000000     0x1a34
 .debug_loc     0x00000000      0x181 build_F411RE/system_stm32f4xx.o
 .debug_loc     0x00000181      0x583 build_F411RE/syscalls.o
 .debug_loc     0x00000704       0x90 build_F411RE/sysmem.o
 .debug_loc     0x00000794      0x1ed build_F411RE/main.o
 .debug_loc     0x00000981      0x196 build_F411RE/init.o
 .debug_loc     0x00000b17       0x57 build_F411RE/task.o
 .debug_loc     0x00000b6e      0x374 build_F411RE/I2C.o
 .debug_loc     0x00000ee2      0x2c7 build_F411RE/MCU6050.o
 .debug_loc     0x000011a9      0x88b build_F411RE/motor.o

.debug_aranges  0x00000000      0x390
 .debug_aranges
                0x00000000       0x28 build_F411RE/system_stm32f4xx.o
 .debug_aranges
                0x00000028       0xa8 build_F411RE/syscalls.o
 .debug_aranges
                0x000000d0       0x20 build_F411RE/sysmem.o
 .debug_aranges
                0x000000f0       0x28 build_F411RE/main.o
 .debug_aranges
                0x00000118       0x50 build_F411RE/init.o
 .debug_aranges
                0x00000168       0x28 build_F411RE/handlers.o
 .debug_aranges
                0x00000190       0x28 build_F411RE/task.o
 .debug_aranges
                0x000001b8       0x58 build_F411RE/I2C.o
 .debug_aranges
                0x00000210       0x58 build_F411RE/MCU6050.o
 .debug_aranges
                0x00000268       0x60 build_F411RE/motor.o
 .debug_aranges
                0x000002c8       0x28 build_F411RE/startup_stm32f411xe.o
 .debug_aranges
                0x000002f0       0x20 C:/Users/User/OneDrive/Desktop/Tools/ARM/xpack-arm-none-eabi-gcc-13.2.1-1.1/bin/../lib/gcc/arm-none-eabi/13.2.1/thumb/v7e-m+fp/hard\libgcc.a(_arm_addsubdf3.o)
 .debug_aranges
                0x00000310       0x20 C:/Users/User/OneDrive/Desktop/Tools/ARM/xpack-arm-none-eabi-gcc-13.2.1-1.1/bin/../lib/gcc/arm-none-eabi/13.2.1/thumb/v7e-m+fp/hard\libgcc.a(_arm_muldivdf3.o)
 .debug_aranges
                0x00000330       0x20 C:/Users/User/OneDrive/Desktop/Tools/ARM/xpack-arm-none-eabi-gcc-13.2.1-1.1/bin/../lib/gcc/arm-none-eabi/13.2.1/thumb/v7e-m+fp/hard\libgcc.a(_arm_cmpdf2.o)
 .debug_aranges
                0x00000350       0x20 C:/Users/User/OneDrive/Desktop/Tools/ARM/xpack-arm-none-eabi-gcc-13.2.1-1.1/bin/../lib/gcc/arm-none-eabi/13.2.1/thumb/v7e-m+fp/hard\libgcc.a(_arm_unorddf2.o)
 .debug_aranges
                0x00000370       0x20 C:/Users/User/OneDrive/Desktop/Tools/ARM/xpack-arm-none-eabi-gcc-13.2.1-1.1/bin/../lib/gcc/arm-none-eabi/13.2.1/thumb/v7e-m+fp/hard\libgcc.a(_arm_fixdfsi.o)

.debug_ranges   0x00000000      0x2f8
 .debug_ranges  0x00000000       0x18 build_F411RE/system_stm32f4xx.o
 .debug_ranges  0x00000018       0x98 build_F411RE/syscalls.o
 .debug_ranges  0x000000b0       0x10 build_F411RE/sysmem.o
 .debug_ranges  0x000000c0       0x30 build_F411RE/main.o
 .debug_ranges  0x000000f0       0x40 build_F411RE/init.o
 .debug_ranges  0x00000130       0x18 build_F411RE/handlers.o
 .debug_ranges  0x00000148       0x18 build_F411RE/task.o
 .debug_ranges  0x00000160       0x68 build_F411RE/I2C.o
 .debug_ranges  0x000001c8       0x48 build_F411RE/MCU6050.o
 .debug_ranges  0x00000210       0xc8 build_F411RE/motor.o
 .debug_ranges  0x000002d8       0x20 build_F411RE/startup_stm32f411xe.o

.debug_line     0x00000000     0x29d3
 .debug_line    0x00000000      0x269 build_F411RE/system_stm32f4xx.o
 .debug_line    0x00000269      0x3d7 build_F411RE/syscalls.o
 .debug_line    0x00000640      0x1ba build_F411RE/sysmem.o
 .debug_line    0x000007fa      0x428 build_F411RE/main.o
 .debug_line    0x00000c22      0x41f build_F411RE/init.o
 .debug_line    0x00001041      0x209 build_F411RE/handlers.o
 .debug_line    0x0000124a      0x185 build_F411RE/task.o
 .debug_line    0x000013cf      0x57d build_F411RE/I2C.o
 .debug_line    0x0000194c      0x442 build_F411RE/MCU6050.o
 .debug_line    0x00001d8e      0x769 build_F411RE/motor.o
 .debug_line    0x000024f7       0x8a build_F411RE/startup_stm32f411xe.o
 .debug_line    0x00002581      0x16f C:/Users/User/OneDrive/Desktop/Tools/ARM/xpack-arm-none-eabi-gcc-13.2.1-1.1/bin/../lib/gcc/arm-none-eabi/13.2.1/thumb/v7e-m+fp/hard\libgcc.a(_arm_addsubdf3.o)
 .debug_line    0x000026f0      0x184 C:/Users/User/OneDrive/Desktop/Tools/ARM/xpack-arm-none-eabi-gcc-13.2.1-1.1/bin/../lib/gcc/arm-none-eabi/13.2.1/thumb/v7e-m+fp/hard\libgcc.a(_arm_muldivdf3.o)
 .debug_line    0x00002874       0xa6 C:/Users/User/OneDrive/Desktop/Tools/ARM/xpack-arm-none-eabi-gcc-13.2.1-1.1/bin/../lib/gcc/arm-none-eabi/13.2.1/thumb/v7e-m+fp/hard\libgcc.a(_arm_cmpdf2.o)
 .debug_line    0x0000291a       0x57 C:/Users/User/OneDrive/Desktop/Tools/ARM/xpack-arm-none-eabi-gcc-13.2.1-1.1/bin/../lib/gcc/arm-none-eabi/13.2.1/thumb/v7e-m+fp/hard\libgcc.a(_arm_unorddf2.o)
 .debug_line    0x00002971       0x62 C:/Users/User/OneDrive/Desktop/Tools/ARM/xpack-arm-none-eabi-gcc-13.2.1-1.1/bin/../lib/gcc/arm-none-eabi/13.2.1/thumb/v7e-m+fp/hard\libgcc.a(_arm_fixdfsi.o)

.debug_str      0x00000000     0x1464
 .debug_str     0x00000000     0x1464 build_F411RE/system_stm32f4xx.o
                                0x35d (size before relaxing)
 .debug_str     0x00001464      0x3d1 build_F411RE/syscalls.o
 .debug_str     0x00001464      0x1fd build_F411RE/sysmem.o
 .debug_str     0x00001464      0x4b5 build_F411RE/main.o
 .debug_str     0x00001464      0x8c3 build_F411RE/init.o
 .debug_str     0x00001464      0x24d build_F411RE/handlers.o
 .debug_str     0x00001464      0x1aa build_F411RE/task.o
 .debug_str     0x00001464      0x33f build_F411RE/I2C.o
 .debug_str     0x00001464      0x32a build_F411RE/MCU6050.o
 .debug_str     0x00001464      0x493 build_F411RE/motor.o
 .debug_str     0x00001464       0x6f build_F411RE/startup_stm32f411xe.o
 .debug_str     0x00001464      0x1d1 C:/Users/User/OneDrive/Desktop/Tools/ARM/xpack-arm-none-eabi-gcc-13.2.1-1.1/bin/../lib/gcc/arm-none-eabi/13.2.1/thumb/v7e-m+fp/hard\libgcc.a(_arm_addsubdf3.o)
 .debug_str     0x00001464      0x151 C:/Users/User/OneDrive/Desktop/Tools/ARM/xpack-arm-none-eabi-gcc-13.2.1-1.1/bin/../lib/gcc/arm-none-eabi/13.2.1/thumb/v7e-m+fp/hard\libgcc.a(_arm_muldivdf3.o)
 .debug_str     0x00001464      0x1da C:/Users/User/OneDrive/Desktop/Tools/ARM/xpack-arm-none-eabi-gcc-13.2.1-1.1/bin/../lib/gcc/arm-none-eabi/13.2.1/thumb/v7e-m+fp/hard\libgcc.a(_arm_cmpdf2.o)
 .debug_str     0x00001464      0x13f C:/Users/User/OneDrive/Desktop/Tools/ARM/xpack-arm-none-eabi-gcc-13.2.1-1.1/bin/../lib/gcc/arm-none-eabi/13.2.1/thumb/v7e-m+fp/hard\libgcc.a(_arm_unorddf2.o)
 .debug_str     0x00001464      0x13c C:/Users/User/OneDrive/Desktop/Tools/ARM/xpack-arm-none-eabi-gcc-13.2.1-1.1/bin/../lib/gcc/arm-none-eabi/13.2.1/thumb/v7e-m+fp/hard\libgcc.a(_arm_fixdfsi.o)

.debug_frame    0x00000000      0x7ec
 .debug_frame   0x00000000       0x30 build_F411RE/system_stm32f4xx.o
 .debug_frame   0x00000030      0x190 build_F411RE/syscalls.o
 .debug_frame   0x000001c0       0x28 build_F411RE/sysmem.o
 .debug_frame   0x000001e8       0x74 build_F411RE/main.o