Archive member included to satisfy reference by file (symbol)

C:/Users/Daiana/Desktop/Tools/GCC/xpack-arm-none-eabi-gcc-13.2.1-1.1/bin/../lib/gcc/arm-none-eabi/13.2.1/../../../../arm-none-eabi/lib/thumb/v7e-m+fp/hard\libc_nano.a(libc_a-atexit.o)
                              C:/Users/Daiana/Desktop/Tools/GCC/xpack-arm-none-eabi-gcc-13.2.1-1.1/bin/../lib/gcc/arm-none-eabi/13.2.1/../../../../arm-none-eabi/lib/thumb/v7e-m+fp/hard/crt0.o (atexit)
C:/Users/Daiana/Desktop/Tools/GCC/xpack-arm-none-eabi-gcc-13.2.1-1.1/bin/../lib/gcc/arm-none-eabi/13.2.1/../../../../arm-none-eabi/lib/thumb/v7e-m+fp/hard\libc_nano.a(libc_a-exit.o)
                              C:/Users/Daiana/Desktop/Tools/GCC/xpack-arm-none-eabi-gcc-13.2.1-1.1/bin/../lib/gcc/arm-none-eabi/13.2.1/../../../../arm-none-eabi/lib/thumb/v7e-m+fp/hard/crt0.o (exit)
C:/Users/Daiana/Desktop/Tools/GCC/xpack-arm-none-eabi-gcc-13.2.1-1.1/bin/../lib/gcc/arm-none-eabi/13.2.1/../../../../arm-none-eabi/lib/thumb/v7e-m+fp/hard\libc_nano.a(libc_a-nano-vfprintf_float.o)
                              (_printf_float)
C:/Users/Daiana/Desktop/Tools/GCC/xpack-arm-none-eabi-gcc-13.2.1-1.1/bin/../lib/gcc/arm-none-eabi/13.2.1/../../../../arm-none-eabi/lib/thumb/v7e-m+fp/hard\libc_nano.a(libc_a-nano-vfprintf_i.o)
                              C:/Users/Daiana/Desktop/Tools/GCC/xpack-arm-none-eabi-gcc-13.2.1-1.1/bin/../lib/gcc/arm-none-eabi/13.2.1/../../../../arm-none-eabi/lib/thumb/v7e-m+fp/hard\libc_nano.a(libc_a-nano-vfprintf_float.o) (_printf_common)
C:/Users/Daiana/Desktop/Tools/GCC/xpack-arm-none-eabi-gcc-13.2.1-1.1/bin/../lib/gcc/arm-none-eabi/13.2.1/../../../../arm-none-eabi/lib/thumb/v7e-m+fp/hard\libc_nano.a(libc_a-findfp.o)
                              C:/Users/Daiana/Desktop/Tools/GCC/xpack-arm-none-eabi-gcc-13.2.1-1.1/bin/../lib/gcc/arm-none-eabi/13.2.1/../../../../arm-none-eabi/lib/thumb/v7e-m+fp/hard\libc_nano.a(libc_a-exit.o) (__stdio_exit_handler)
C:/Users/Daiana/Desktop/Tools/GCC/xpack-arm-none-eabi-gcc-13.2.1-1.1/bin/../lib/gcc/arm-none-eabi/13.2.1/../../../../arm-none-eabi/lib/thumb/v7e-m+fp/hard\libc_nano.a(libc_a-fwalk.o)
                              C:/Users/Daiana/Desktop/Tools/GCC/xpack-arm-none-eabi-gcc-13.2.1-1.1/bin/../lib/gcc/arm-none-eabi/13.2.1/../../../../arm-none-eabi/lib/thumb/v7e-m+fp/hard\libc_nano.a(libc_a-findfp.o) (_fwalk_sglue)
C:/Users/Daiana/Desktop/Tools/GCC/xpack-arm-none-eabi-gcc-13.2.1-1.1/bin/../lib/gcc/arm-none-eabi/13.2.1/../../../../arm-none-eabi/lib/thumb/v7e-m+fp/hard\libc_nano.a(libc_a-stdio.o)
                              C:/Users/Daiana/Desktop/Tools/GCC/xpack-arm-none-eabi-gcc-13.2.1-1.1/bin/../lib/gcc/arm-none-eabi/13.2.1/../../../../arm-none-eabi/lib/thumb/v7e-m+fp/hard\libc_nano.a(libc_a-findfp.o) (__sread)
C:/Users/Daiana/Desktop/Tools/GCC/xpack-arm-none-eabi-gcc-13.2.1-1.1/bin/../lib/gcc/arm-none-eabi/13.2.1/../../../../arm-none-eabi/lib/thumb/v7e-m+fp/hard\libc_nano.a(libc_a-memset.o)
                              C:/Users/Daiana/Desktop/Tools/GCC/xpack-arm-none-eabi-gcc-13.2.1-1.1/bin/../lib/gcc/arm-none-eabi/13.2.1/../../../../arm-none-eabi/lib/thumb/v7e-m+fp/hard/crt0.o (memset)
C:/Users/Daiana/Desktop/Tools/GCC/xpack-arm-none-eabi-gcc-13.2.1-1.1/bin/../lib/gcc/arm-none-eabi/13.2.1/../../../../arm-none-eabi/lib/thumb/v7e-m+fp/hard\libc_nano.a(libc_a-localeconv.o)
                              C:/Users/Daiana/Desktop/Tools/GCC/xpack-arm-none-eabi-gcc-13.2.1-1.1/bin/../lib/gcc/arm-none-eabi/13.2.1/../../../../arm-none-eabi/lib/thumb/v7e-m+fp/hard\libc_nano.a(libc_a-nano-vfprintf_float.o) (_localeconv_r)
C:/Users/Daiana/Desktop/Tools/GCC/xpack-arm-none-eabi-gcc-13.2.1-1.1/bin/../lib/gcc/arm-none-eabi/13.2.1/../../../../arm-none-eabi/lib/thumb/v7e-m+fp/hard\libc_nano.a(libc_a-closer.o)
                              C:/Users/Daiana/Desktop/Tools/GCC/xpack-arm-none-eabi-gcc-13.2.1-1.1/bin/../lib/gcc/arm-none-eabi/13.2.1/../../../../arm-none-eabi/lib/thumb/v7e-m+fp/hard\libc_nano.a(libc_a-stdio.o) (_close_r)
C:/Users/Daiana/Desktop/Tools/GCC/xpack-arm-none-eabi-gcc-13.2.1-1.1/bin/../lib/gcc/arm-none-eabi/13.2.1/../../../../arm-none-eabi/lib/thumb/v7e-m+fp/hard\libc_nano.a(libc_a-reent.o)
                              C:/Users/Daiana/Desktop/Tools/GCC/xpack-arm-none-eabi-gcc-13.2.1-1.1/bin/../lib/gcc/arm-none-eabi/13.2.1/../../../../arm-none-eabi/lib/thumb/v7e-m+fp/hard\libc_nano.a(libc_a-closer.o) (errno)
C:/Users/Daiana/Desktop/Tools/GCC/xpack-arm-none-eabi-gcc-13.2.1-1.1/bin/../lib/gcc/arm-none-eabi/13.2.1/../../../../arm-none-eabi/lib/thumb/v7e-m+fp/hard\libc_nano.a(libc_a-impure.o)
                              C:/Users/Daiana/Desktop/Tools/GCC/xpack-arm-none-eabi-gcc-13.2.1-1.1/bin/../lib/gcc/arm-none-eabi/13.2.1/../../../../arm-none-eabi/lib/thumb/v7e-m+fp/hard\libc_nano.a(libc_a-reent.o) (_impure_ptr)
C:/Users/Daiana/Desktop/Tools/GCC/xpack-arm-none-eabi-gcc-13.2.1-1.1/bin/../lib/gcc/arm-none-eabi/13.2.1/../../../../arm-none-eabi/lib/thumb/v7e-m+fp/hard\libc_nano.a(libc_a-lseekr.o)
[...]
Memory Configuration

Name             Origin             Length             Attributes
RAM              0x20000000         0x00020000         xrw
FLASH            0x08000000         0x00080000         xr
*default*        0x00000000         0xffffffff

Linker script and memory map

LOAD C:/Users/Daiana/Desktop/Tools/GCC/xpack-arm-none-eabi-gcc-13.2.1-1.1/bin/../lib/gcc/arm-none-eabi/13.2.1/thumb/v7e-m+fp/hard/crti.o
LOAD C:/Users/Daiana/Desktop/Tools/GCC/xpack-arm-none-eabi-gcc-13.2.1-1.1/bin/../lib/gcc/arm-none-eabi/13.2.1/thumb/v7e-m+fp/hard/crtbegin.o
LOAD C:/Users/Daiana/Desktop/Tools/GCC/xpack-arm-none-eabi-gcc-13.2.1-1.1/bin/../lib/gcc/arm-none-eabi/13.2.1/../../../../arm-none-eabi/lib/thumb/v7e-m+fp/hard/crt0.o
LOAD build_F411RE/system_stm32f4xx.o
LOAD build_F411RE/syscalls.o
LOAD build_F411RE/sysmem.o
LOAD build_F411RE/main.o
LOAD build_F411RE/init.o
LOAD build_F411RE/motor.o
LOAD build_F411RE/travel.o
LOAD build_F411RE/interrupt.o
LOAD build_F411RE/sensors.o
LOAD build_F411RE/startup_stm32f411xe.o
LOAD C:/Users/Daiana/Desktop/Tools/GCC/xpack-arm-none-eabi-gcc-13.2.1-1.1/bin/../lib/gcc/arm-none-eabi/13.2.1/../../../../arm-none-eabi/lib/thumb/v7e-m+fp/hard\libc_nano.a
LOAD C:/Users/Daiana/Desktop/Tools/GCC/xpack-arm-none-eabi-gcc-13.2.1-1.1/bin/../lib/gcc/arm-none-eabi/13.2.1/../../../../arm-none-eabi/lib/thumb/v7e-m+fp/hard\libm.a
LOAD C:/Users/Daiana/Desktop/Tools/GCC/xpack-arm-none-eabi-gcc-13.2.1-1.1/bin/../lib/gcc/arm-none-eabi/13.2.1/../../../../arm-none-eabi/lib/thumb/v7e-m+fp/hard\libnosys.a
START GROUP
LOAD C:/Users/Daiana/Desktop/Tools/GCC/xpack-arm-none-eabi-gcc-13.2.1-1.1/bin/../lib/gcc/arm-none-eabi/13.2.1/thumb/v7e-m+fp/hard\libgcc.a
LOAD C:/Users/Daiana/Desktop/Tools/GCC/xpack-arm-none-eabi-gcc-13.2.1-1.1/bin/../lib/gcc/arm-none-eabi/13.2.1/../../../../arm-none-eabi/lib/thumb/v7e-m+fp/hard\libc_nano.a
END GROUP
START GROUP
LOAD C:/Users/Daiana/Desktop/Tools/GCC/xpack-arm-none-eabi-gcc-13.2.1-1.1/bin/../lib/gcc/arm-none-eabi/13.2.1/thumb/v7e-m+fp/hard\libgcc.a
LOAD C:/Users/Daiana/Desktop/Tools/GCC/xpack-arm-none-eabi-gcc-13.2.1-1.1/bin/../lib/gcc/arm-none-eabi/13.2.1/../../../../arm-none-eabi/lib/thumb/v7e-m+fp/hard\libc_nano.a
END GROUP
LOAD C:/Users/Daiana/Desktop/Tools/GCC/xpack-arm-none-eabi-gcc-13.2.1-1.1/bin/../lib/gcc/arm-none-eabi/13.2.1/thumb/v7e-m+fp/hard/crtend.o
LOAD C:/Users/Daiana/Desktop/Tools/GCC/xpack-arm-none-eabi-gcc-13.2.1-1.1/bin/../lib/gcc/arm-none-eabi/13.2.1/thumb/v7e-m+fp/hard/crtn.o
                0x20020000                        _estack = 0x20020000
                0x00000200                        _Min_Heap_Size = 0x200
                0x00000400                        _Min_Stack_Size = 0x400

.isr_vector     0x08000000      0x198
                0x08000000                        . = ALIGN (0x4)
 *(.isr_vector)
 .isr_vector    0x08000000      0x198 build_F411RE/startup_stm32f411xe.o
                0x08000000                g_pfnVectors
                0x08000198                        . = ALIGN (0x4)

.text           0x080001a0     0x39bc
                0x080001a0                        . = ALIGN (0x4)
 *(.text)
 .text          0x080001a0       0xa0 C:/Users/Daiana/Desktop/Tools/GCC/xpack-arm-none-eabi-gcc-13.2.1-1.1/bin/../lib/gcc/arm-none-eabi/13.2.1/../../../../arm-none-eabi/lib/thumb/v7e-m+fp/hard\libc_nano.a(libc_a-memchr.o)
                0x080001a0                memchr
 .text          0x08000240       0x10 C:/Users/Daiana/Desktop/Tools/GCC/xpack-arm-none-eabi-gcc-13.2.1-1.1/bin/../lib/gcc/arm-none-eabi/13.2.1/../../../../arm-none-eabi/lib/thumb/v7e-m+fp/hard\libc_nano.a(libc_a-strlen.o)
                0x08000240                strlen
 .text          0x08000250      0x378 C:/Users/Daiana/Desktop/Tools/GCC/xpack-arm-none-eabi-gcc-13.2.1-1.1/bin/../lib/gcc/arm-none-eabi/13.2.1/thumb/v7e-m+fp/hard\libgcc.a(_arm_addsubdf3.o)
                0x08000250                __aeabi_drsub
                0x08000258                __aeabi_dsub
                0x08000258                __subdf3
                0x0800025c                __aeabi_dadd
                0x0800025c                __adddf3
                0x080004d4                __floatunsidf
                0x080004d4                __aeabi_ui2d
                0x080004f4                __floatsidf
                0x080004f4                __aeabi_i2d
                0x08000518                __aeabi_f2d
                0x08000518                __extendsfdf2
                0x0800055c                __floatundidf
                0x0800055c                __aeabi_ul2d
                0x0800056c                __floatdidf
                0x0800056c                __aeabi_l2d
 .text          0x080005c8      0x424 C:/Users/Daiana/Desktop/Tools/GCC/xpack-arm-none-eabi-gcc-13.2.1-1.1/bin/../lib/gcc/arm-none-eabi/13.2.1/thumb/v7e-m+fp/hard\libgcc.a(_arm_muldivdf3.o)
                0x080005c8                __aeabi_dmul
                0x080005c8                __muldf3
                0x0800081c                __divdf3
                0x0800081c                __aeabi_ddiv
 .text          0x080009ec      0x110 C:/Users/Daiana/Desktop/Tools/GCC/xpack-arm-none-eabi-gcc-13.2.1-1.1/bin/../lib/gcc/arm-none-eabi/13.2.1/thumb/v7e-m+fp/hard\libgcc.a(_arm_cmpdf2.o)
                0x080009ec                __gtdf2
                0x080009ec                __gedf2
                0x080009f4                __ltdf2
                0x080009f4                __ledf2
                0x080009fc                __nedf2
                0x080009fc                __eqdf2
                0x080009fc                __cmpdf2
                0x08000a78                __aeabi_cdrcmple
                0x08000a88                __aeabi_cdcmpeq
                0x08000a88                __aeabi_cdcmple
                0x08000a98                __aeabi_dcmpeq
                0x08000aac                __aeabi_dcmplt
                0x08000ac0                __aeabi_dcmple
                0x08000ad4                __aeabi_dcmpge
                0x08000ae8                __aeabi_dcmpgt
 .text          0x08000afc       0x2c C:/Users/Daiana/Desktop/Tools/GCC/xpack-arm-none-eabi-gcc-13.2.1-1.1/bin/../lib/gcc/arm-none-eabi/13.2.1/thumb/v7e-m+fp/hard\libgcc.a(_arm_unorddf2.o)
                0x08000afc                __unorddf2
                0x08000afc                __aeabi_dcmpun
 .text          0x08000b28       0x50 C:/Users/Daiana/Desktop/Tools/GCC/xpack-arm-none-eabi-gcc-13.2.1-1.1/bin/../lib/gcc/arm-none-eabi/13.2.1/thumb/v7e-m+fp/hard\libgcc.a(_arm_fixdfsi.o)
                0x08000b28                __aeabi_d2iz
                0x08000b28                __fixdfsi
 *(.text*)
 .text.__do_global_dtors_aux
                0x08000b78       0x24 C:/Users/Daiana/Desktop/Tools/GCC/xpack-arm-none-eabi-gcc-13.2.1-1.1/bin/../lib/gcc/arm-none-eabi/13.2.1/thumb/v7e-m+fp/hard/crtbegin.o
 .text.frame_dummy
                0x08000b9c       0x1c C:/Users/Daiana/Desktop/Tools/GCC/xpack-arm-none-eabi-gcc-13.2.1-1.1/bin/../lib/gcc/arm-none-eabi/13.2.1/thumb/v7e-m+fp/hard/crtbegin.o
 .text.SystemInit
                0x08000bb8       0x14 build_F411RE/system_stm32f4xx.o
                0x08000bb8                SystemInit
 .text._getpid  0x08000bcc        0x4 build_F411RE/syscalls.o
                0x08000bcc                _getpid
 .text._kill    0x08000bd0       0x10 build_F411RE/syscalls.o
                0x08000bd0                _kill
 .text._exit    0x08000be0        0xc build_F411RE/syscalls.o
                0x08000be0                _exit
 .text._read    0x08000bec       0x20 build_F411RE/syscalls.o
                0x08000bec                _read
 .text._write   0x08000c0c       0x1c build_F411RE/syscalls.o
                0x08000c0c                _write
 .text._close   0x08000c28        0x6 build_F411RE/syscalls.o
                0x08000c28                _close
 .text._fstat   0x08000c2e        0xa build_F411RE/syscalls.o
                0x08000c2e                _fstat
 .text._isatty  0x08000c38        0x4 build_F411RE/syscalls.o
                0x08000c38                _isatty
 .text._lseek   0x08000c3c        0x4 build_F411RE/syscalls.o
                0x08000c3c                _lseek
 .text._sbrk    0x08000c40       0x48 build_F411RE/sysmem.o
                0x08000c40                _sbrk
 .text.main     0x08000c88       0x1a build_F411RE/main.o
                0x08000c88                main
 *fill*         0x08000ca2        0x2 
 .text.GPIO_init
                0x08000ca4      0x120 build_F411RE/init.o
                0x08000ca4                GPIO_init
 .text.RCC_init
                0x08000dc4       0xac build_F411RE/init.o
                0x08000dc4                RCC_init
 .text.TIMER2_init
                0x08000e70       0x60 build_F411RE/init.o
                0x08000e70                TIMER2_init
 .text.SysTick_init
                0x08000ed0       0x3c build_F411RE/init.o
                0x08000ed0                SysTick_init
 .text.left_motor
                0x08000f0c       0x48 build_F411RE/motor.o
                0x08000f0c                left_motor
 .text.right_motor
                0x08000f54       0x5c build_F411RE/motor.o
                0x08000f54                right_motor
 .text.led_toggle
                0x08000fb0       0x10 build_F411RE/interrupt.o
 .text.SysTick_Handler
                0x08000fc0       0x44 build_F411RE/interrupt.o
                0x08000fc0                SysTick_Handler
 .text.button_interrupt_init
                0x08001004       0x50 build_F411RE/interrupt.o
                0x08001004                button_interrupt_init
 .text.EXTI15_10_IRQHandler
                0x08001054       0x58 build_F411RE/interrupt.o
                0x08001054                EXTI15_10_IRQHandler
 .text.TIM2_IRQHandler
                0x080010ac      0x130 build_F411RE/interrupt.o
                0x080010ac                TIM2_IRQHandler
 .text.read_left_sensor
                0x080011dc       0x10 build_F411RE/sensors.o
                0x080011dc                read_left_sensor
 .text.read_middle_sensor
                0x080011ec       0x18 build_F411RE/sensors.o
                0x080011ec                read_middle_sensor
 .text.read_right_sensor
                0x08001204       0x18 build_F411RE/sensors.o
                0x08001204                read_right_sensor
 .text.Reset_Handler
                0x0800121c       0x50 build_F411RE/startup_stm32f411xe.o
                0x0800121c                Reset_Handler
 .text.Default_Handler
                0x0800126c        0x2 build_F411RE/startup_stm32f411xe.o
                0x0800126c                RTC_Alarm_IRQHandler
                0x0800126c                EXTI2_IRQHandler
                0x0800126c                DebugMon_Handler
                0x0800126c                SPI4_IRQHandler
                0x0800126c                TIM1_CC_IRQHandler
                0x0800126c                DMA2_Stream5_IRQHandler
                0x0800126c                HardFault_Handler
                0x0800126c                DMA1_Stream5_IRQHandler
                0x0800126c                PVD_IRQHandler
                0x0800126c                SDIO_IRQHandler
                0x0800126c                TAMP_STAMP_IRQHandler
                0x0800126c                PendSV_Handler
                0x0800126c                NMI_Handler
                0x0800126c                EXTI3_IRQHandler
                0x0800126c                TIM1_UP_TIM10_IRQHandler
                0x0800126c                I2C3_ER_IRQHandler
                0x0800126c                EXTI0_IRQHandler
                0x0800126c                I2C2_EV_IRQHandler
                0x0800126c                DMA1_Stream2_IRQHandler
                0x0800126c                FPU_IRQHandler
                0x0800126c                UsageFault_Handler
                0x0800126c                DMA2_Stream2_IRQHandler
                0x0800126c                SPI1_IRQHandler
                0x0800126c                TIM1_BRK_TIM9_IRQHandler
                0x0800126c                DMA2_Stream3_IRQHandler
                0x0800126c                USART6_IRQHandler
                0x0800126c                DMA2_Stream0_IRQHandler
                0x0800126c                TIM4_IRQHandler
                0x0800126c                I2C1_EV_IRQHandler
                0x0800126c                DMA1_Stream6_IRQHandler
                0x0800126c                DMA1_Stream1_IRQHandler
                0x0800126c                TIM3_IRQHandler
                0x0800126c                RCC_IRQHandler
                0x0800126c                Default_Handler
                0x0800126c                ADC_IRQHandler
                0x0800126c                DMA1_Stream7_IRQHandler
                0x0800126c                SPI5_IRQHandler
                0x0800126c                TIM5_IRQHandler
                0x0800126c                DMA2_Stream7_IRQHandler
                0x0800126c                I2C3_EV_IRQHandler
                0x0800126c                EXTI9_5_IRQHandler
                0x0800126c                RTC_WKUP_IRQHandler
                0x0800126c                SPI2_IRQHandler
                0x0800126c                MemManage_Handler
                0x0800126c                DMA1_Stream0_IRQHandler
                0x0800126c                SVC_Handler
                0x0800126c                EXTI4_IRQHandler
                0x0800126c                WWDG_IRQHandler
                0x0800126c                OTG_FS_WKUP_IRQHandler
                0x0800126c                TIM1_TRG_COM_TIM11_IRQHandler
                0x0800126c                EXTI1_IRQHandler
                0x0800126c                USART2_IRQHandler
                0x0800126c                I2C2_ER_IRQHandler
                0x0800126c                DMA2_Stream1_IRQHandler
                0x0800126c                FLASH_IRQHandler
                0x0800126c                DMA2_Stream4_IRQHandler
                0x0800126c                BusFault_Handler
                0x0800126c                USART1_IRQHandler
                0x0800126c                OTG_FS_IRQHandler
                0x0800126c                SPI3_IRQHandler
                0x0800126c                DMA1_Stream4_IRQHandler
                0x0800126c                I2C1_ER_IRQHandler
                0x0800126c                DMA2_Stream6_IRQHandler
                0x0800126c                DMA1_Stream3_IRQHandler
 .text.__cvt    0x0800126e       0xca C:/Users/Daiana/Desktop/Tools/GCC/xpack-arm-none-eabi-gcc-13.2.1-1.1/bin/../lib/gcc/arm-none-eabi/13.2.1/../../../../arm-none-eabi/lib/thumb/v7e-m+fp/hard\libc_nano.a(libc_a-nano-vfprintf_float.o)
                0x0800126e                __cvt
 .text.__exponent
                0x08001338       0x74 C:/Users/Daiana/Desktop/Tools/GCC/xpack-arm-none-eabi-gcc-13.2.1-1.1/bin/../lib/gcc/arm-none-eabi/13.2.1/../../../../arm-none-eabi/lib/thumb/v7e-m+fp/hard\libc_nano.a(libc_a-nano-vfprintf_float.o)
                0x08001338                __exponent
 .text._printf_float
                0x080013ac      0x454 C:/Users/Daiana/Desktop/Tools/GCC/xpack-arm-none-eabi-gcc-13.2.1-1.1/bin/../lib/gcc/arm-none-eabi/13.2.1/../../../../arm-none-eabi/lib/thumb/v7e-m+fp/hard\libc_nano.a(libc_a-nano-vfprintf_float.o)
                0x080013ac                _printf_float
 .text._printf_common
                0x08001800       0xda C:/Users/Daiana/Desktop/Tools/GCC/xpack-arm-none-eabi-gcc-13.2.1-1.1/bin/../lib/gcc/arm-none-eabi/13.2.1/../../../../arm-none-eabi/lib/thumb/v7e-m+fp/hard\libc_nano.a(libc_a-nano-vfprintf_i.o)
                0x08001800                _printf_common
 *fill*         0x080018da        0x2 
 .text._printf_i
                0x080018dc      0x23c C:/Users/Daiana/Desktop/Tools/GCC/xpack-arm-none-eabi-gcc-13.2.1-1.1/bin/../lib/gcc/arm-none-eabi/13.2.1/../../../../arm-none-eabi/lib/thumb/v7e-m+fp/hard\libc_nano.a(libc_a-nano-vfprintf_i.o)
                0x080018dc                _printf_i
 .text.std      0x08001b18       0x6c C:/Users/Daiana/Desktop/Tools/GCC/xpack-arm-none-eabi-gcc-13.2.1-1.1/bin/../lib/gcc/arm-none-eabi/13.2.1/../../../../arm-none-eabi/lib/thumb/v7e-m+fp/hard\libc_nano.a(libc_a-findfp.o)
 .text.stdio_exit_handler
                0x08001b84       0x18 C:/Users/Daiana/Desktop/Tools/GCC/xpack-arm-none-eabi-gcc-13.2.1-1.1/bin/../lib/gcc/arm-none-eabi/13.2.1/../../../../arm-none-eabi/lib/thumb/v7e-m+fp/hard\libc_nano.a(libc_a-findfp.o)
 .text.cleanup_stdio
                0x08001b9c       0x40 C:/Users/Daiana/Desktop/Tools/GCC/xpack-arm-none-eabi-gcc-13.2.1-1.1/bin/../lib/gcc/arm-none-eabi/13.2.1/../../../../arm-none-eabi/lib/thumb/v7e-m+fp/hard\libc_nano.a(libc_a-findfp.o)
 .text.global_stdio_init.part.0
                0x08001bdc       0x3c C:/Users/Daiana/Desktop/Tools/GCC/xpack-arm-none-eabi-gcc-13.2.1-1.1/bin/../lib/gcc/arm-none-eabi/13.2.1/../../../../arm-none-eabi/lib/thumb/v7e-m+fp/hard\libc_nano.a(libc_a-findfp.o)
 .text.__sfp_lock_acquire
                0x08001c18        0xc C:/Users/Daiana/Desktop/Tools/GCC/xpack-arm-none-eabi-gcc-13.2.1-1.1/bin/../lib/gcc/arm-none-eabi/13.2.1/../../../../arm-none-eabi/lib/thumb/v7e-m+fp/hard\libc_nano.a(libc_a-findfp.o)
                0x08001c18                __sfp_lock_acquire
 .text.__sfp_lock_release
                0x08001c24        0xc C:/Users/Daiana/Desktop/Tools/GCC/xpack-arm-none-eabi-gcc-13.2.1-1.1/bin/../lib/gcc/arm-none-eabi/13.2.1/../../../../arm-none-eabi/lib/thumb/v7e-m+fp/hard\libc_nano.a(libc_a-findfp.o)
                0x08001c24                __sfp_lock_release
 .text.__sinit  0x08001c30       0x30 C:/Users/Daiana/Desktop/Tools/GCC/xpack-arm-none-eabi-gcc-13.2.1-1.1/bin/../lib/gcc/arm-none-eabi/13.2.1/../../../../arm-none-eabi/lib/thumb/v7e-m+fp/hard\libc_nano.a(libc_a-findfp.o)
                0x08001c30                __sinit
 .text._fwalk_sglue
                0x08001c60       0x3c C:/Users/Daiana/Desktop/Tools/GCC/xpack-arm-none-eabi-gcc-13.2.1-1.1/bin/../lib/gcc/arm-none-eabi/13.2.1/../../../../arm-none-eabi/lib/thumb/v7e-m+fp/hard\libc_nano.a(libc_a-fwalk.o)
                0x08001c60                _fwalk_sglue
 .text.__sread  0x08001c9c       0x22 C:/Users/Daiana/Desktop/Tools/GCC/xpack-arm-none-eabi-gcc-13.2.1-1.1/bin/../lib/gcc/arm-none-eabi/13.2.1/../../../../arm-none-eabi/lib/thumb/v7e-m+fp/hard\libc_nano.a(libc_a-stdio.o)
                0x08001c9c                __sread
 .text.__swrite
                0x08001cbe       0x38 C:/Users/Daiana/Desktop/Tools/GCC/xpack-arm-none-eabi-gcc-13.2.1-1.1/bin/../lib/gcc/arm-none-eabi/13.2.1/../../../../arm-none-eabi/lib/thumb/v7e-m+fp/hard\libc_nano.a(libc_a-stdio.o)
                0x08001cbe                __swrite
 .text.__sseek  0x08001cf6       0x24 C:/Users/Daiana/Desktop/Tools/GCC/xpack-arm-none-eabi-gcc-13.2.1-1.1/bin/../lib/gcc/arm-none-eabi/13.2.1/../../../../arm-none-eabi/lib/thumb/v7e-m+fp/hard\libc_nano.a(libc_a-stdio.o)
                0x08001cf6                __sseek
 .text.__sclose
                0x08001d1a        0x8 C:/Users/Daiana/Desktop/Tools/GCC/xpack-arm-none-eabi-gcc-13.2.1-1.1/bin/../lib/gcc/arm-none-eabi/13.2.1/../../../../arm-none-eabi/lib/thumb/v7e-m+fp/hard\libc_nano.a(libc_a-stdio.o)
                0x08001d1a                __sclose
 .text.memset   0x08001d22       0x10 C:/Users/Daiana/Desktop/Tools/GCC/xpack-arm-none-eabi-gcc-13.2.1-1.1/bin/../lib/gcc/arm-none-eabi/13.2.1/../../../../arm-none-eabi/lib/thumb/v7e-m+fp/hard\libc_nano.a(libc_a-memset.o)
                0x08001d22                memset
 *fill*         0x08001d32        0x2 
 .text._localeconv_r
                0x08001d34        0x8 C:/Users/Daiana/Desktop/Tools/GCC/xpack-arm-none-eabi-gcc-13.2.1-1.1/bin/../lib/gcc/arm-none-eabi/13.2.1/../../../../arm-none-eabi/lib/thumb/v7e-m+fp/hard\libc_nano.a(libc_a-localeconv.o)
                0x08001d34                _localeconv_r
 .text._close_r
                0x08001d3c       0x20 C:/Users/Daiana/Desktop/Tools/GCC/xpack-arm-none-eabi-gcc-13.2.1-1.1/bin/../lib/gcc/arm-none-eabi/13.2.1/../../../../arm-none-eabi/lib/thumb/v7e-m+fp/hard\libc_nano.a(libc_a-closer.o)
                0x08001d3c                _close_r
 .text._lseek_r
                0x08001d5c       0x24 C:/Users/Daiana/Desktop/Tools/GCC/xpack-arm-none-eabi-gcc-13.2.1-1.1/bin/../lib/gcc/arm-none-eabi/13.2.1/../../../../arm-none-eabi/lib/thumb/v7e-m+fp/hard\libc_nano.a(libc_a-lseekr.o)
                0x08001d5c                _lseek_r
 .text._read_r  0x08001d80       0x24 C:/Users/Daiana/Desktop/Tools/GCC/xpack-arm-none-eabi-gcc-13.2.1-1.1/bin/../lib/gcc/arm-none-eabi/13.2.1/../../../../arm-none-eabi/lib/thumb/v7e-m+fp/hard\libc_nano.a(libc_a-readr.o)
                0x08001d80                _read_r
 .text._write_r
                0x08001da4       0x24 C:/Users/Daiana/Desktop/Tools/GCC/xpack-arm-none-eabi-gcc-13.2.1-1.1/bin/../lib/gcc/arm-none-eabi/13.2.1/../../../../arm-none-eabi/lib/thumb/v7e-m+fp/hard\libc_nano.a(libc_a-writer.o)
                0x08001da4                _write_r
 .text.__errno  0x08001dc8        0xc C:/Users/Daiana/Desktop/Tools/GCC/xpack-arm-none-eabi-gcc-13.2.1-1.1/bin/../lib/gcc/arm-none-eabi/13.2.1/../../../../arm-none-eabi/lib/thumb/v7e-m+fp/hard\libc_nano.a(libc_a-errno.o)
                0x08001dc8                __errno
 .text.__libc_init_array
                0x08001dd4       0x48 C:/Users/Daiana/Desktop/Tools/GCC/xpack-arm-none-eabi-gcc-13.2.1-1.1/bin/../lib/gcc/arm-none-eabi/13.2.1/../../../../arm-none-eabi/lib/thumb/v7e-m+fp/hard\libc_nano.a(libc_a-init.o)
                0x08001dd4                __libc_init_array
 .text.__retarget_lock_init_recursive
                0x08001e1c        0x2 C:/Users/Daiana/Desktop/Tools/GCC/xpack-arm-none-eabi-gcc-13.2.1-1.1/bin/../lib/gcc/arm-none-eabi/13.2.1/../../../../arm-none-eabi/lib/thumb/v7e-m+fp/hard\libc_nano.a(libc_a-lock.o)
                0x08001e1c                __retarget_lock_init_recursive
 .text.__retarget_lock_acquire_recursive
                0x08001e1e        0x2 C:/Users/Daiana/Desktop/Tools/GCC/xpack-arm-none-eabi-gcc-13.2.1-1.1/bin/../lib/gcc/arm-none-eabi/13.2.1/../../../../arm-none-eabi/lib/thumb/v7e-m+fp/hard\libc_nano.a(libc_a-lock.o)
                0x08001e1e                __retarget_lock_acquire_recursive
 .text.__retarget_lock_release_recursive
                0x08001e20        0x2 C:/Users/Daiana/Desktop/Tools/GCC/xpack-arm-none-eabi-gcc-13.2.1-1.1/bin/../lib/gcc/arm-none-eabi/13.2.1/../../../../arm-none-eabi/lib/thumb/v7e-m+fp/hard\libc_nano.a(libc_a-lock.o)
                0x08001e20                __retarget_lock_release_recursive
 .text.quorem   0x08001e22      0x110 C:/Users/Daiana/Desktop/Tools/GCC/xpack-arm-none-eabi-gcc-13.2.1-1.1/bin/../lib/gcc/arm-none-eabi/13.2.1/../../../../arm-none-eabi/lib/thumb/v7e-m+fp/hard\libc_nano.a(libc_a-dtoa.o)
 *fill*         0x08001f32        0x6 
 .text._dtoa_r  0x08001f38      0xb74 C:/Users/Daiana/Desktop/Tools/GCC/xpack-arm-none-eabi-gcc-13.2.1-1.1/bin/../lib/gcc/arm-none-eabi/13.2.1/../../../../arm-none-eabi/lib/thumb/v7e-m+fp/hard\libc_nano.a(libc_a-dtoa.o)
                0x08001f38                _dtoa_r
 .text._free_r  0x08002aac       0x94 C:/Users/Daiana/Desktop/Tools/GCC/xpack-arm-none-eabi-gcc-13.2.1-1.1/bin/../lib/gcc/arm-none-eabi/13.2.1/../../../../arm-none-eabi/lib/thumb/v7e-m+fp/hard\libc_nano.a(libc_a-freer.o)
                0x08002aac                _free_r
 .text.malloc   0x08002b40       0x10 C:/Users/Daiana/Desktop/Tools/GCC/xpack-arm-none-eabi-gcc-13.2.1-1.1/bin/../lib/gcc/arm-none-eabi/13.2.1/../../../../arm-none-eabi/lib/thumb/v7e-m+fp/hard\libc_nano.a(libc_a-malloc.o)
                0x08002b40                malloc
 .text.sbrk_aligned
                0x08002b50       0x44 C:/Users/Daiana/Desktop/Tools/GCC/xpack-arm-none-eabi-gcc-13.2.1-1.1/bin/../lib/gcc/arm-none-eabi/13.2.1/../../../../arm-none-eabi/lib/thumb/v7e-m+fp/hard\libc_nano.a(libc_a-mallocr.o)
 .text._malloc_r
                0x08002b94      0x100 C:/Users/Daiana/Desktop/Tools/GCC/xpack-arm-none-eabi-gcc-13.2.1-1.1/bin/../lib/gcc/arm-none-eabi/13.2.1/../../../../arm-none-eabi/lib/thumb/v7e-m+fp/hard\libc_nano.a(libc_a-mallocr.o)
                0x08002b94                _malloc_r
 .text.__malloc_lock
                0x08002c94        0xc C:/Users/Daiana/Desktop/Tools/GCC/xpack-arm-none-eabi-gcc-13.2.1-1.1/bin/../lib/gcc/arm-none-eabi/13.2.1/../../../../arm-none-eabi/lib/thumb/v7e-m+fp/hard\libc_nano.a(libc_a-mlock.o)
                0x08002c94                __malloc_lock
 .text.__malloc_unlock
                0x08002ca0        0xc C:/Users/Daiana/Desktop/Tools/GCC/xpack-arm-none-eabi-gcc-13.2.1-1.1/bin/../lib/gcc/arm-none-eabi/13.2.1/../../../../arm-none-eabi/lib/thumb/v7e-m+fp/hard\libc_nano.a(libc_a-mlock.o)
                0x08002ca0                __malloc_unlock
 .text._Balloc  0x08002cac       0x80 C:/Users/Daiana/Desktop/Tools/GCC/xpack-arm-none-eabi-gcc-13.2.1-1.1/bin/../lib/gcc/arm-none-eabi/13.2.1/../../../../arm-none-eabi/lib/thumb/v7e-m+fp/hard\libc_nano.a(libc_a-mprec.o)
                0x08002cac                _Balloc
 .text._Bfree   0x08002d2c       0x44 C:/Users/Daiana/Desktop/Tools/GCC/xpack-arm-none-eabi-gcc-13.2.1-1.1/bin/../lib/gcc/arm-none-eabi/13.2.1/../../../../arm-none-eabi/lib/thumb/v7e-m+fp/hard\libc_nano.a(libc_a-mprec.o)
                0x08002d2c                _Bfree
 .text.__multadd
                0x08002d70       0x8c C:/Users/Daiana/Desktop/Tools/GCC/xpack-arm-none-eabi-gcc-13.2.1-1.1/bin/../lib/gcc/arm-none-eabi/13.2.1/../../../../arm-none-eabi/lib/thumb/v7e-m+fp/hard\libc_nano.a(libc_a-mprec.o)
                0x08002d70                __multadd
 .text.__hi0bits
                0x08002dfc       0x3e C:/Users/Daiana/Desktop/Tools/GCC/xpack-arm-none-eabi-gcc-13.2.1-1.1/bin/../lib/gcc/arm-none-eabi/13.2.1/../../../../arm-none-eabi/lib/thumb/v7e-m+fp/hard\libc_nano.a(libc_a-mprec.o)
                0x08002dfc                __hi0bits
 .text.__lo0bits
                0x08002e3a       0x5a C:/Users/Daiana/Desktop/Tools/GCC/xpack-arm-none-eabi-gcc-13.2.1-1.1/bin/../lib/gcc/arm-none-eabi/13.2.1/../../../../arm-none-eabi/lib/thumb/v7e-m+fp/hard\libc_nano.a(libc_a-mprec.o)
                0x08002e3a                __lo0bits
 .text.__i2b    0x08002e94       0x2c C:/Users/Daiana/Desktop/Tools/GCC/xpack-arm-none-eabi-gcc-13.2.1-1.1/bin/../lib/gcc/arm-none-eabi/13.2.1/../../../../arm-none-eabi/lib/thumb/v7e-m+fp/hard\libc_nano.a(libc_a-mprec.o)
                0x08002e94                __i2b
 .text.__multiply
                0x08002ec0      0x144 C:/Users/Daiana/Desktop/Tools/GCC/xpack-arm-none-eabi-gcc-13.2.1-1.1/bin/../lib/gcc/arm-none-eabi/13.2.1/../../../../arm-none-eabi/lib/thumb/v7e-m+fp/hard\libc_nano.a(libc_a-mprec.o)
                0x08002ec0                __multiply
 .text.__pow5mult
                0x08003004       0xb4 C:/Users/Daiana/Desktop/Tools/GCC/xpack-arm-none-eabi-gcc-13.2.1-1.1/bin/../lib/gcc/arm-none-eabi/13.2.1/../../../../arm-none-eabi/lib/thumb/v7e-m+fp/hard\libc_nano.a(libc_a-mprec.o)
                0x08003004                __pow5mult
 .text.__lshift
                0x080030b8       0xd8 C:/Users/Daiana/Desktop/Tools/GCC/xpack-arm-none-eabi-gcc-13.2.1-1.1/bin/../lib/gcc/arm-none-eabi/13.2.1/../../../../arm-none-eabi/lib/thumb/v7e-m+fp/hard\libc_nano.a(libc_a-mprec.o)
                0x080030b8                __lshift
 .text.__mcmp   0x08003190       0x36 C:/Users/Daiana/Desktop/Tools/GCC/xpack-arm-none-eabi-gcc-13.2.1-1.1/bin/../lib/gcc/arm-none-eabi/13.2.1/../../../../arm-none-eabi/lib/thumb/v7e-m+fp/hard\libc_nano.a(libc_a-mprec.o)
                0x08003190                __mcmp
 *fill*         0x080031c6        0x2 
 .text.__mdiff  0x080031c8      0x128 C:/Users/Daiana/Desktop/Tools/GCC/xpack-arm-none-eabi-gcc-13.2.1-1.1/bin/../lib/gcc/arm-none-eabi/13.2.1/../../../../arm-none-eabi/lib/thumb/v7e-m+fp/hard\libc_nano.a(libc_a-mprec.o)
                0x080031c8                __mdiff
 .text.__d2b    0x080032f0       0xb0 C:/Users/Daiana/Desktop/Tools/GCC/xpack-arm-none-eabi-gcc-13.2.1-1.1/bin/../lib/gcc/arm-none-eabi/13.2.1/../../../../arm-none-eabi/lib/thumb/v7e-m+fp/hard\libc_nano.a(libc_a-mprec.o)
                0x080032f0                __d2b
 .text.__sflush_r
                0x080033a0      0x108 C:/Users/Daiana/Desktop/Tools/GCC/xpack-arm-none-eabi-gcc-13.2.1-1.1/bin/../lib/gcc/arm-none-eabi/13.2.1/../../../../arm-none-eabi/lib/thumb/v7e-m+fp/hard\libc_nano.a(libc_a-fflush.o)
                0x080033a0                __sflush_r
 .text._fflush_r
                0x080034a8       0x50 C:/Users/Daiana/Desktop/Tools/GCC/xpack-arm-none-eabi-gcc-13.2.1-1.1/bin/../lib/gcc/arm-none-eabi/13.2.1/../../../../arm-none-eabi/lib/thumb/v7e-m+fp/hard\libc_nano.a(libc_a-fflush.o)
                0x080034a8                _fflush_r
 .text._sbrk_r  0x080034f8       0x20 C:/Users/Daiana/Desktop/Tools/GCC/xpack-arm-none-eabi-gcc-13.2.1-1.1/bin/../lib/gcc/arm-none-eabi/13.2.1/../../../../arm-none-eabi/lib/thumb/v7e-m+fp/hard\libc_nano.a(libc_a-sbrkr.o)
                0x080034f8                _sbrk_r
 .text.memcpy   0x08003518       0x1c C:/Users/Daiana/Desktop/Tools/GCC/xpack-arm-none-eabi-gcc-13.2.1-1.1/bin/../lib/gcc/arm-none-eabi/13.2.1/../../../../arm-none-eabi/lib/thumb/v7e-m+fp/hard\libc_nano.a(libc_a-memcpy-stub.o)
                0x08003518                memcpy
 .text.__assert_func
                0x08003534       0x3c C:/Users/Daiana/Desktop/Tools/GCC/xpack-arm-none-eabi-gcc-13.2.1-1.1/bin/../lib/gcc/arm-none-eabi/13.2.1/../../../../arm-none-eabi/lib/thumb/v7e-m+fp/hard\libc_nano.a(libc_a-assert.o)
                0x08003534                __assert_func
 .text._calloc_r
                0x08003570       0x28 C:/Users/Daiana/Desktop/Tools/GCC/xpack-arm-none-eabi-gcc-13.2.1-1.1/bin/../lib/gcc/arm-none-eabi/13.2.1/../../../../arm-none-eabi/lib/thumb/v7e-m+fp/hard\libc_nano.a(libc_a-callocr.o)
                0x08003570                _calloc_r
 .text.__ascii_mbtowc
                0x08003598       0x24 C:/Users/Daiana/Desktop/Tools/GCC/xpack-arm-none-eabi-gcc-13.2.1-1.1/bin/../lib/gcc/arm-none-eabi/13.2.1/../../../../arm-none-eabi/lib/thumb/v7e-m+fp/hard\libc_nano.a(libc_a-mbtowc_r.o)
                0x08003598                __ascii_mbtowc
 .text.__ascii_wctomb
                0x080035bc       0x1a C:/Users/Daiana/Desktop/Tools/GCC/xpack-arm-none-eabi-gcc-13.2.1-1.1/bin/../lib/gcc/arm-none-eabi/13.2.1/../../../../arm-none-eabi/lib/thumb/v7e-m+fp/hard\libc_nano.a(libc_a-wctomb_r.o)
                0x080035bc                __ascii_wctomb
 *fill*         0x080035d6        0x2 
 .text.fprintf  0x080035d8       0x24 C:/Users/Daiana/Desktop/Tools/GCC/xpack-arm-none-eabi-gcc-13.2.1-1.1/bin/../lib/gcc/arm-none-eabi/13.2.1/../../../../arm-none-eabi/lib/thumb/v7e-m+fp/hard\libc_nano.a(libc_a-fprintf.o)
                0x080035d8                fiprintf
                0x080035d8                fprintf
 .text.abort    0x080035fc        0xe C:/Users/Daiana/Desktop/Tools/GCC/xpack-arm-none-eabi-gcc-13.2.1-1.1/bin/../lib/gcc/arm-none-eabi/13.2.1/../../../../arm-none-eabi/lib/thumb/v7e-m+fp/hard\libc_nano.a(libc_a-abort.o)
                0x080035fc                abort
 .text.__sfputc_r
                0x0800360a       0x2e C:/Users/Daiana/Desktop/Tools/GCC/xpack-arm-none-eabi-gcc-13.2.1-1.1/bin/../lib/gcc/arm-none-eabi/13.2.1/../../../../arm-none-eabi/lib/thumb/v7e-m+fp/hard\libc_nano.a(libc_a-nano-vfprintf.o)
 .text.__sfputs_r
                0x08003638       0x24 C:/Users/Daiana/Desktop/Tools/GCC/xpack-arm-none-eabi-gcc-13.2.1-1.1/bin/../lib/gcc/arm-none-eabi/13.2.1/../../../../arm-none-eabi/lib/thumb/v7e-m+fp/hard\libc_nano.a(libc_a-nano-vfprintf.o)
                0x08003638                __sfputs_r
 .text._vfprintf_r
                0x0800365c      0x230 C:/Users/Daiana/Desktop/Tools/GCC/xpack-arm-none-eabi-gcc-13.2.1-1.1/bin/../lib/gcc/arm-none-eabi/13.2.1/../../../../arm-none-eabi/lib/thumb/v7e-m+fp/hard\libc_nano.a(libc_a-nano-vfprintf.o)
                0x0800365c                _vfprintf_r
                0x0800365c                _vfiprintf_r
 .text.__swbuf_r
                0x0800388c       0x7c C:/Users/Daiana/Desktop/Tools/GCC/xpack-arm-none-eabi-gcc-13.2.1-1.1/bin/../lib/gcc/arm-none-eabi/13.2.1/../../../../arm-none-eabi/lib/thumb/v7e-m+fp/hard\libc_nano.a(libc_a-wbuf.o)
                0x0800388c                __swbuf_r
 .text.__swsetup_r
                0x08003908       0xac C:/Users/Daiana/Desktop/Tools/GCC/xpack-arm-none-eabi-gcc-13.2.1-1.1/bin/../lib/gcc/arm-none-eabi/13.2.1/../../../../arm-none-eabi/lib/thumb/v7e-m+fp/hard\libc_nano.a(libc_a-wsetup.o)
                0x08003908                __swsetup_r
 .text._raise_r
                0x080039b4       0x50 C:/Users/Daiana/Desktop/Tools/GCC/xpack-arm-none-eabi-gcc-13.2.1-1.1/bin/../lib/gcc/arm-none-eabi/13.2.1/../../../../arm-none-eabi/lib/thumb/v7e-m+fp/hard\libc_nano.a(libc_a-signal.o)
                0x080039b4                _raise_r
 .text.raise    0x08003a04       0x10 C:/Users/Daiana/Desktop/Tools/GCC/xpack-arm-none-eabi-gcc-13.2.1-1.1/bin/../lib/gcc/arm-none-eabi/13.2.1/../../../../arm-none-eabi/lib/thumb/v7e-m+fp/hard\libc_nano.a(libc_a-signal.o)
                0x08003a04                raise
 .text._kill_r  0x08003a14       0x24 C:/Users/Daiana/Desktop/Tools/GCC/xpack-arm-none-eabi-gcc-13.2.1-1.1/bin/../lib/gcc/arm-none-eabi/13.2.1/../../../../arm-none-eabi/lib/thumb/v7e-m+fp/hard\libc_nano.a(libc_a-signalr.o)
                0x08003a14                _kill_r
 .text._getpid_r
                0x08003a38        0x4 C:/Users/Daiana/Desktop/Tools/GCC/xpack-arm-none-eabi-gcc-13.2.1-1.1/bin/../lib/gcc/arm-none-eabi/13.2.1/../../../../arm-none-eabi/lib/thumb/v7e-m+fp/hard\libc_nano.a(libc_a-signalr.o)
                0x08003a38                _getpid_r
 .text.__swhatbuf_r
                0x08003a3c       0x4c C:/Users/Daiana/Desktop/Tools/GCC/xpack-arm-none-eabi-gcc-13.2.1-1.1/bin/../lib/gcc/arm-none-eabi/13.2.1/../../../../arm-none-eabi/lib/thumb/v7e-m+fp/hard\libc_nano.a(libc_a-makebuf.o)
                0x08003a3c                __swhatbuf_r
 .text.__smakebuf_r
                0x08003a88       0x78 C:/Users/Daiana/Desktop/Tools/GCC/xpack-arm-none-eabi-gcc-13.2.1-1.1/bin/../lib/gcc/arm-none-eabi/13.2.1/../../../../arm-none-eabi/lib/thumb/v7e-m+fp/hard\libc_nano.a(libc_a-makebuf.o)
                0x08003a88                __smakebuf_r
 .text._fstat_r
                0x08003b00       0x24 C:/Users/Daiana/Desktop/Tools/GCC/xpack-arm-none-eabi-gcc-13.2.1-1.1/bin/../lib/gcc/arm-none-eabi/13.2.1/../../../../arm-none-eabi/lib/thumb/v7e-m+fp/hard\libc_nano.a(libc_a-fstatr.o)
                0x08003b00                _fstat_r
 .text._isatty_r
                0x08003b24       0x20 C:/Users/Daiana/Desktop/Tools/GCC/xpack-arm-none-eabi-gcc-13.2.1-1.1/bin/../lib/gcc/arm-none-eabi/13.2.1/../../../../arm-none-eabi/lib/thumb/v7e-m+fp/hard\libc_nano.a(libc_a-isattyr.o)
                0x08003b24                _isatty_r
 *(.glue_7)
 .glue_7        0x08003b44        0x0 linker stubs
 *(.glue_7t)
 .glue_7t       0x08003b44        0x0 linker stubs
 *(.eh_frame)
 .eh_frame      0x08003b44        0x0 C:/Users/Daiana/Desktop/Tools/GCC/xpack-arm-none-eabi-gcc-13.2.1-1.1/bin/../lib/gcc/arm-none-eabi/13.2.1/thumb/v7e-m+fp/hard/crtbegin.o
 *(.init)
 .init          0x08003b44        0x4 C:/Users/Daiana/Desktop/Tools/GCC/xpack-arm-none-eabi-gcc-13.2.1-1.1/bin/../lib/gcc/arm-none-eabi/13.2.1/thumb/v7e-m+fp/hard/crti.o
                0x08003b44                _init
 .init          0x08003b48        0x8 C:/Users/Daiana/Desktop/Tools/GCC/xpack-arm-none-eabi-gcc-13.2.1-1.1/bin/../lib/gcc/arm-none-eabi/13.2.1/thumb/v7e-m+fp/hard/crtn.o
 *(.fini)
 .fini          0x08003b50        0x4 C:/Users/Daiana/Desktop/Tools/GCC/xpack-arm-none-eabi-gcc-13.2.1-1.1/bin/../lib/gcc/arm-none-eabi/13.2.1/thumb/v7e-m+fp/hard/crti.o
                0x08003b50                _fini
 .fini          0x08003b54        0x8 C:/Users/Daiana/Desktop/Tools/GCC/xpack-arm-none-eabi-gcc-13.2.1-1.1/bin/../lib/gcc/arm-none-eabi/13.2.1/thumb/v7e-m+fp/hard/crtn.o
                0x08003b5c                        . = ALIGN (0x4)
                0x08003b5c                        _etext = .

.vfp11_veneer   0x08003b5c        0x0
 .vfp11_veneer  0x08003b5c        0x0 linker stubs

.v4_bx          0x08003b5c        0x0
 .v4_bx         0x08003b5c        0x0 linker stubs

.iplt           0x08003b5c        0x0
 .iplt          0x08003b5c        0x0 C:/Users/Daiana/Desktop/Tools/GCC/xpack-arm-none-eabi-gcc-13.2.1-1.1/bin/../lib/gcc/arm-none-eabi/13.2.1/thumb/v7e-m+fp/hard/crtbegin.o

.rodata         0x08003b60      0x3ac
                0x08003b60                        . = ALIGN (0x4)
 *(.rodata)
 *(.rodata*)
 .rodata._printf_float.str1.1
                0x08003b60      0x1ab C:/Users/Daiana/Desktop/Tools/GCC/xpack-arm-none-eabi-gcc-13.2.1-1.1/bin/../lib/gcc/arm-none-eabi/13.2.1/../../../../arm-none-eabi/lib/thumb/v7e-m+fp/hard\libc_nano.a(libc_a-nano-vfprintf_float.o)
                                 0x12 (size before relaxing)
 .rodata._printf_i.str1.1
                0x08003d0b       0x22 C:/Users/Daiana/Desktop/Tools/GCC/xpack-arm-none-eabi-gcc-13.2.1-1.1/bin/../lib/gcc/arm-none-eabi/13.2.1/../../../../arm-none-eabi/lib/thumb/v7e-m+fp/hard\libc_nano.a(libc_a-nano-vfprintf_i.o)
 .rodata._dtoa_r.str1.1
                0x08003d0b       0xac C:/Users/Daiana/Desktop/Tools/GCC/xpack-arm-none-eabi-gcc-13.2.1-1.1/bin/../lib/gcc/arm-none-eabi/13.2.1/../../../../arm-none-eabi/lib/thumb/v7e-m+fp/hard\libc_nano.a(libc_a-dtoa.o)
 .rodata._Balloc.str1.1
                0x08003d0b       0x8d C:/Users/Daiana/Desktop/Tools/GCC/xpack-arm-none-eabi-gcc-13.2.1-1.1/bin/../lib/gcc/arm-none-eabi/13.2.1/../../../../arm-none-eabi/lib/thumb/v7e-m+fp/hard\libc_nano.a(libc_a-mprec.o)
 .rodata.__multadd.str1.1
                0x08003d0b       0x11 C:/Users/Daiana/Desktop/Tools/GCC/xpack-arm-none-eabi-gcc-13.2.1-1.1/bin/../lib/gcc/arm-none-eabi/13.2.1/../../../../arm-none-eabi/lib/thumb/v7e-m+fp/hard\libc_nano.a(libc_a-mprec.o)
 *fill*         0x08003d0b        0x1 
 .rodata.p05.0  0x08003d0c        0xc C:/Users/Daiana/Desktop/Tools/GCC/xpack-arm-none-eabi-gcc-13.2.1-1.1/bin/../lib/gcc/arm-none-eabi/13.2.1/../../../../arm-none-eabi/lib/thumb/v7e-m+fp/hard\libc_nano.a(libc_a-mprec.o)
 .rodata.__mprec_bigtens
                0x08003d18       0x28 C:/Users/Daiana/Desktop/Tools/GCC/xpack-arm-none-eabi-gcc-13.2.1-1.1/bin/../lib/gcc/arm-none-eabi/13.2.1/../../../../arm-none-eabi/lib/thumb/v7e-m+fp/hard\libc_nano.a(libc_a-mprec.o)
                0x08003d18                __mprec_bigtens
 .rodata.__mprec_tens
                0x08003d40       0xc8 C:/Users/Daiana/Desktop/Tools/GCC/xpack-arm-none-eabi-gcc-13.2.1-1.1/bin/../lib/gcc/arm-none-eabi/13.2.1/../../../../arm-none-eabi/lib/thumb/v7e-m+fp/hard\libc_nano.a(libc_a-mprec.o)
                0x08003d40                __mprec_tens
 .rodata._setlocale_r.str1.1
                0x08003e08        0x9 C:/Users/Daiana/Desktop/Tools/GCC/xpack-arm-none-eabi-gcc-13.2.1-1.1/bin/../lib/gcc/arm-none-eabi/13.2.1/../../../../arm-none-eabi/lib/thumb/v7e-m+fp/hard\libc_nano.a(libc_a-locale.o)
 .rodata.str1.1
                0x08003e08        0x2 C:/Users/Daiana/Desktop/Tools/GCC/xpack-arm-none-eabi-gcc-13.2.1-1.1/bin/../lib/gcc/arm-none-eabi/13.2.1/../../../../arm-none-eabi/lib/thumb/v7e-m+fp/hard\libc_nano.a(libc_a-locale.o)
 .rodata.__assert_func.str1.1
                0x08003e08       0x3d C:/Users/Daiana/Desktop/Tools/GCC/xpack-arm-none-eabi-gcc-13.2.1-1.1/bin/../lib/gcc/arm-none-eabi/13.2.1/../../../../arm-none-eabi/lib/thumb/v7e-m+fp/hard\libc_nano.a(libc_a-assert.o)
 .rodata._ctype_
                0x08003e08      0x101 C:/Users/Daiana/Desktop/Tools/GCC/xpack-arm-none-eabi-gcc-13.2.1-1.1/bin/../lib/gcc/arm-none-eabi/13.2.1/../../../../arm-none-eabi/lib/thumb/v7e-m+fp/hard\libc_nano.a(libc_a-ctype_.o)
                0x08003e08                _ctype_
 .rodata._vfprintf_r.str1.1
                0x08003f09       0x11 C:/Users/Daiana/Desktop/Tools/GCC/xpack-arm-none-eabi-gcc-13.2.1-1.1/bin/../lib/gcc/arm-none-eabi/13.2.1/../../../../arm-none-eabi/lib/thumb/v7e-m+fp/hard\libc_nano.a(libc_a-nano-vfprintf.o)
                0x08003f1c                        . = ALIGN (0x4)
 *fill*         0x08003f09        0x3 

.ARM.extab
 *(.ARM.extab* .gnu.linkonce.armextab.*)

.ARM            0x08003f0c        0x8
                0x08003f0c                        __exidx_start = .
 *(.ARM.exidx*)
 .ARM.exidx     0x08003f0c        0x8 C:/Users/Daiana/Desktop/Tools/GCC/xpack-arm-none-eabi-gcc-13.2.1-1.1/bin/../lib/gcc/arm-none-eabi/13.2.1/../../../../arm-none-eabi/lib/thumb/v7e-m+fp/hard\libc_nano.a(libc_a-memchr.o)
 .ARM.exidx     0x08003f14        0x0 C:/Users/Daiana/Desktop/Tools/GCC/xpack-arm-none-eabi-gcc-13.2.1-1.1/bin/../lib/gcc/arm-none-eabi/13.2.1/../../../../arm-none-eabi/lib/thumb/v7e-m+fp/hard\libc_nano.a(libc_a-strlen.o)
                                  0x8 (size before relaxing)
                0x08003f14                        __exidx_end = .

.rel.dyn        0x08003f14        0x0
 .rel.iplt      0x08003f14        0x0 C:/Users/Daiana/Desktop/Tools/GCC/xpack-arm-none-eabi-gcc-13.2.1-1.1/bin/../lib/gcc/arm-none-eabi/13.2.1/thumb/v7e-m+fp/hard/crtbegin.o

.preinit_array  0x08003f14        0x0
                0x08003f14                        PROVIDE (__preinit_array_start = .)
 *(.preinit_array*)
                0x08003f14                        PROVIDE (__preinit_array_end = .)

.init_array     0x08003f14        0x4
                0x08003f14                        PROVIDE (__init_array_start = .)
 *(SORT_BY_NAME(.init_array.*))
 *(.init_array*)
 .init_array    0x08003f14        0x4 C:/Users/Daiana/Desktop/Tools/GCC/xpack-arm-none-eabi-gcc-13.2.1-1.1/bin/../lib/gcc/arm-none-eabi/13.2.1/thumb/v7e-m+fp/hard/crtbegin.o
                0x08003f18                        PROVIDE (__init_array_end = .)

.fini_array     0x08003f18        0x4
                0x08003f18                        PROVIDE (__fini_array_start = .)
 *(SORT_BY_NAME(.fini_array.*))
 *(.fini_array*)
 .fini_array    0x08003f18        0x4 C:/Users/Daiana/Desktop/Tools/GCC/xpack-arm-none-eabi-gcc-13.2.1-1.1/bin/../lib/gcc/arm-none-eabi/13.2.1/thumb/v7e-m+fp/hard/crtbegin.o
                0x08003f1c                        PROVIDE (__fini_array_end = .)
                0x08003f1c                        _sidata = LOADADDR (.data)

.data           0x20000000      0x1cc load address 0x08003f1c
                0x20000000                        . = ALIGN (0x4)
                0x20000000                        _sdata = .
 *(.data)
 *(.data*)
 .data.SystemCoreClock
                0x20000000        0x4 build_F411RE/system_stm32f4xx.o
                0x20000000                SystemCoreClock
 .data.__sglue  0x20000004        0xc C:/Users/Daiana/Desktop/Tools/GCC/xpack-arm-none-eabi-gcc-13.2.1-1.1/bin/../lib/gcc/arm-none-eabi/13.2.1/../../../../arm-none-eabi/lib/thumb/v7e-m+fp/hard\libc_nano.a(libc_a-findfp.o)
                0x20000004                __sglue
 .data._impure_ptr
                0x20000010        0x4 C:/Users/Daiana/Desktop/Tools/GCC/xpack-arm-none-eabi-gcc-13.2.1-1.1/bin/../lib/gcc/arm-none-eabi/13.2.1/../../../../arm-none-eabi/lib/thumb/v7e-m+fp/hard\libc_nano.a(libc_a-impure.o)
                0x20000010                _impure_ptr
 .data._impure_data
                0x20000014       0x4c C:/Users/Daiana/Desktop/Tools/GCC/xpack-arm-none-eabi-gcc-13.2.1-1.1/bin/../lib/gcc/arm-none-eabi/13.2.1/../../../../arm-none-eabi/lib/thumb/v7e-m+fp/hard\libc_nano.a(libc_a-impure.o)
                0x20000014                _impure_data
 .data.__global_locale
                0x20000060      0x16c C:/Users/Daiana/Desktop/Tools/GCC/xpack-arm-none-eabi-gcc-13.2.1-1.1/bin/../lib/gcc/arm-none-eabi/13.2.1/../../../../arm-none-eabi/lib/thumb/v7e-m+fp/hard\libc_nano.a(libc_a-locale.o)
                0x20000060                __global_locale
                0x200001cc                        . = ALIGN (0x4)
                0x200001cc                        _edata = .

.igot.plt       0x200001cc        0x0 load address 0x080040e8
 .igot.plt      0x200001cc        0x0 C:/Users/Daiana/Desktop/Tools/GCC/xpack-arm-none-eabi-gcc-13.2.1-1.1/bin/../lib/gcc/arm-none-eabi/13.2.1/thumb/v7e-m+fp/hard/crtbegin.o
                0x200001cc                        . = ALIGN (0x4)

.bss            0x200001cc      0x17c load address 0x080040e8
                0x200001cc                        _sbss = .
                0x200001cc                        __bss_start__ = _sbss
 *(.bss)
 *(.bss*)
 .bss.completed.1
                0x200001cc        0x1 C:/Users/Daiana/Desktop/Tools/GCC/xpack-arm-none-eabi-gcc-13.2.1-1.1/bin/../lib/gcc/arm-none-eabi/13.2.1/thumb/v7e-m+fp/hard/crtbegin.o
 *fill*         0x200001cd        0x3 
 .bss.object.0  0x200001d0       0x18 C:/Users/Daiana/Desktop/Tools/GCC/xpack-arm-none-eabi-gcc-13.2.1-1.1/bin/../lib/gcc/arm-none-eabi/13.2.1/thumb/v7e-m+fp/hard/crtbegin.o
 .bss.__sbrk_heap_end
                0x200001e8        0x4 build_F411RE/sysmem.o
 .bss.led_counter.0
                0x200001ec        0x4 build_F411RE/interrupt.o
 .bss.last_state
                0x200001f0        0x1 build_F411RE/interrupt.o
 .bss.tim2_flag
                0x200001f1        0x1 build_F411RE/interrupt.o
 .bss.button_permission
                0x200001f2        0x1 build_F411RE/interrupt.o
 *fill*         0x200001f3        0x1 
 .bss.press_time
                0x200001f4        0x4 build_F411RE/interrupt.o
 .bss.ticks     0x200001f8        0x4 build_F411RE/interrupt.o
 .bss.__sf      0x200001fc      0x138 C:/Users/Daiana/Desktop/Tools/GCC/xpack-arm-none-eabi-gcc-13.2.1-1.1/bin/../lib/gcc/arm-none-eabi/13.2.1/../../../../arm-none-eabi/lib/thumb/v7e-m+fp/hard\libc_nano.a(libc_a-findfp.o)
                0x200001fc                __sf
 .bss.__stdio_exit_handler
                0x20000334        0x4 C:/Users/Daiana/Desktop/Tools/GCC/xpack-arm-none-eabi-gcc-13.2.1-1.1/bin/../lib/gcc/arm-none-eabi/13.2.1/../../../../arm-none-eabi/lib/thumb/v7e-m+fp/hard\libc_nano.a(libc_a-findfp.o)
                0x20000334                __stdio_exit_handler
 .bss.errno     0x20000338        0x4 C:/Users/Daiana/Desktop/Tools/GCC/xpack-arm-none-eabi-gcc-13.2.1-1.1/bin/../lib/gcc/arm-none-eabi/13.2.1/../../../../arm-none-eabi/lib/thumb/v7e-m+fp/hard\libc_nano.a(libc_a-reent.o)
                0x20000338                errno
 .bss.__lock___malloc_recursive_mutex
                0x2000033c        0x1 C:/Users/Daiana/Desktop/Tools/GCC/xpack-arm-none-eabi-gcc-13.2.1-1.1/bin/../lib/gcc/arm-none-eabi/13.2.1/../../../../arm-none-eabi/lib/thumb/v7e-m+fp/hard\libc_nano.a(libc_a-lock.o)
                0x2000033c                __lock___malloc_recursive_mutex
 .bss.__lock___sfp_recursive_mutex
                0x2000033d        0x1 C:/Users/Daiana/Desktop/Tools/GCC/xpack-arm-none-eabi-gcc-13.2.1-1.1/bin/../lib/gcc/arm-none-eabi/13.2.1/../../../../arm-none-eabi/lib/thumb/v7e-m+fp/hard\libc_nano.a(libc_a-lock.o)
                0x2000033d                __lock___sfp_recursive_mutex
 *fill*         0x2000033e        0x2 
 .bss.__malloc_sbrk_start
                0x20000340        0x4 C:/Users/Daiana/Desktop/Tools/GCC/xpack-arm-none-eabi-gcc-13.2.1-1.1/bin/../lib/gcc/arm-none-eabi/13.2.1/../../../../arm-none-eabi/lib/thumb/v7e-m+fp/hard\libc_nano.a(libc_a-mallocr.o)
                0x20000340                __malloc_sbrk_start
 .bss.__malloc_free_list
                0x20000344        0x4 C:/Users/Daiana/Desktop/Tools/GCC/xpack-arm-none-eabi-gcc-13.2.1-1.1/bin/../lib/gcc/arm-none-eabi/13.2.1/../../../../arm-none-eabi/lib/thumb/v7e-m+fp/hard\libc_nano.a(libc_a-mallocr.o)
                0x20000344                __malloc_free_list
 *(COMMON)
                0x20000348                        . = ALIGN (0x4)
                0x20000348                        _ebss = .
                0x20000348                        __bss_end__ = _ebss

._user_heap_stack
                0x20000348      0x600 load address 0x080040e8
                0x20000348                        . = ALIGN (0x8)
                [!provide]                        PROVIDE (end = .)
                0x20000348                        PROVIDE (_end = .)
                0x20000548                        . = (. + _Min_Heap_Size)
 *fill*         0x20000348      0x200 
                0x20000948                        . = (. + _Min_Stack_Size)
 *fill*         0x20000548      0x400 
                0x20000948                        . = ALIGN (0x8)

/DISCARD/
 libc.a(*)
 libm.a(*)
 libgcc.a(*)

.ARM.attributes
                0x00000000       0x30
 *(.ARM.attributes)
 .ARM.attributes
                0x00000000       0x22 C:/Users/Daiana/Desktop/Tools/GCC/xpack-arm-none-eabi-gcc-13.2.1-1.1/bin/../lib/gcc/arm-none-eabi/13.2.1/thumb/v7e-m+fp/hard/crti.o
 .ARM.attributes
                0x00000022       0x34 C:/Users/Daiana/Desktop/Tools/GCC/xpack-arm-none-eabi-gcc-13.2.1-1.1/bin/../lib/gcc/arm-none-eabi/13.2.1/thumb/v7e-m+fp/hard/crtbegin.o
 .ARM.attributes
                0x00000056       0x34 build_F411RE/system_stm32f4xx.o
 .ARM.attributes
                0x0000008a       0x34 build_F411RE/syscalls.o
 .ARM.attributes
                0x000000be       0x34 build_F411RE/sysmem.o
 .ARM.attributes
                0x000000f2       0x34 build_F411RE/main.o
 .ARM.attributes
                0x00000126       0x34 build_F411RE/init.o
 .ARM.attributes
                0x0000015a       0x34 build_F411RE/motor.o
 .ARM.attributes
                0x0000018e       0x34 build_F411RE/interrupt.o
 .ARM.attributes
                0x000001c2       0x34 build_F411RE/sensors.o
 .ARM.attributes
                0x000001f6       0x21 build_F411RE/startup_stm32f411xe.o
 .ARM.attributes
                0x00000217       0x34 C:/Users/Daiana/Desktop/Tools/GCC/xpack-arm-none-eabi-gcc-13.2.1-1.1/bin/../lib/gcc/arm-none-eabi/13.2.1/../../../../arm-none-eabi/lib/thumb/v7e-m+fp/hard\libc_nano.a(libc_a-nano-vfprintf_float.o)
 .ARM.attributes
                0x0000024b       0x34 C:/Users/Daiana/Desktop/Tools/GCC/xpack-arm-none-eabi-gcc-13.2.1-1.1/bin/../lib/gcc/arm-none-eabi/13.2.1/../../../../arm-none-eabi/lib/thumb/v7e-m+fp/hard\libc_nano.a(libc_a-nano-vfprintf_i.o)
 .ARM.attributes
                0x0000027f       0x34 C:/Users/Daiana/Desktop/Tools/GCC/xpack-arm-none-eabi-gcc-13.2.1-1.1/bin/../lib/gcc/arm-none-eabi/13.2.1/../../../../arm-none-eabi/lib/thumb/v7e-m+fp/hard\libc_nano.a(libc_a-findfp.o)
 .ARM.attributes
                0x000002b3       0x34 C:/Users/Daiana/Desktop/Tools/GCC/xpack-arm-none-eabi-gcc-13.2.1-1.1/bin/../lib/gcc/arm-none-eabi/13.2.1/../../../../arm-none-eabi/lib/thumb/v7e-m+fp/hard\libc_nano.a(libc_a-fwalk.o)
 .ARM.attributes
                0x000002e7       0x34 C:/Users/Daiana/Desktop/Tools/GCC/xpack-arm-none-eabi-gcc-13.2.1-1.1/bin/../lib/gcc/arm-none-eabi/13.2.1/../../../../arm-none-eabi/lib/thumb/v7e-m+fp/hard\libc_nano.a(libc_a-stdio.o)
 .ARM.attributes
                0x0000031b       0x34 C:/Users/Daiana/Desktop/Tools/GCC/xpack-arm-none-eabi-gcc-13.2.1-1.1/bin/../lib/gcc/arm-none-eabi/13.2.1/../../../../arm-none-eabi/lib/thumb/v7e-m+fp/hard\libc_nano.a(libc_a-memset.o)
 .ARM.attributes
                0x0000034f       0x34 C:/Users/Daiana/Desktop/Tools/GCC/xpack-arm-none-eabi-gcc-13.2.1-1.1/bin/../lib/gcc/arm-none-eabi/13.2.1/../../../../arm-none-eabi/lib/thumb/v7e-m+fp/hard\libc_nano.a(libc_a-localeconv.o)
 .ARM.attributes
                0x00000383       0x34 C:/Users/Daiana/Desktop/Tools/GCC/xpack-arm-none-eabi-gcc-13.2.1-1.1/bin/../lib/gcc/arm-none-eabi/13.2.1/../../../../arm-none-eabi/lib/thumb/v7e-m+fp/hard\libc_nano.a(libc_a-closer.o)
 .ARM.attributes
                0x000003b7       0x34 C:/Users/Daiana/Desktop/Tools/GCC/xpack-arm-none-eabi-gcc-13.2.1-1.1/bin/../lib/gcc/arm-none-eabi/13.2.1/../../../../arm-none-eabi/lib/thumb/v7e-m+fp/hard\libc_nano.a(libc_a-reent.o)
 .ARM.attributes
                0x000003eb       0x34 C:/Users/Daiana/Desktop/Tools/GCC/xpack-arm-none-eabi-gcc-13.2.1-1.1/bin/../lib/gcc/arm-none-eabi/13.2.1/../../../../arm-none-eabi/lib/thumb/v7e-m+fp/hard\libc_nano.a(libc_a-impure.o)
 .ARM.attributes
                0x0000041f       0x34 C:/Users/Daiana/Desktop/Tools/GCC/xpack-arm-none-eabi-gcc-13.2.1-1.1/bin/../lib/gcc/arm-none-eabi/13.2.1/../../../../arm-none-eabi/lib/thumb/v7e-m+fp/hard\libc_nano.a(libc_a-lseekr.o)
 .ARM.attributes
                0x00000453       0x34 C:/Users/Daiana/Desktop/Tools/GCC/xpack-arm-none-eabi-gcc-13.2.1-1.1/bin/../lib/gcc/arm-none-eabi/13.2.1/../../../../arm-none-eabi/lib/thumb/v7e-m+fp/hard\libc_nano.a(libc_a-readr.o)
 .ARM.attributes
                0x00000487       0x34 C:/Users/Daiana/Desktop/Tools/GCC/xpack-arm-none-eabi-gcc-13.2.1-1.1/bin/../lib/gcc/arm-none-eabi/13.2.1/../../../../arm-none-eabi/lib/thumb/v7e-m+fp/hard\libc_nano.a(libc_a-writer.o)
 .ARM.attributes
                0x000004bb       0x34 C:/Users/Daiana/Desktop/Tools/GCC/xpack-arm-none-eabi-gcc-13.2.1-1.1/bin/../lib/gcc/arm-none-eabi/13.2.1/../../../../arm-none-eabi/lib/thumb/v7e-m+fp/hard\libc_nano.a(libc_a-errno.o)
 .ARM.attributes
                0x000004ef       0x34 C:/Users/Daiana/Desktop/Tools/GCC/xpack-arm-none-eabi-gcc-13.2.1-1.1/bin/../lib/gcc/arm-none-eabi/13.2.1/../../../../arm-none-eabi/lib/thumb/v7e-m+fp/hard\libc_nano.a(libc_a-init.o)
 .ARM.attributes
                0x00000523       0x34 C:/Users/Daiana/Desktop/Tools/GCC/xpack-arm-none-eabi-gcc-13.2.1-1.1/bin/../lib/gcc/arm-none-eabi/13.2.1/../../../../arm-none-eabi/lib/thumb/v7e-m+fp/hard\libc_nano.a(libc_a-lock.o)
 .ARM.attributes
                0x00000557       0x1c C:/Users/Daiana/Desktop/Tools/GCC/xpack-arm-none-eabi-gcc-13.2.1-1.1/bin/../lib/gcc/arm-none-eabi/13.2.1/../../../../arm-none-eabi/lib/thumb/v7e-m+fp/hard\libc_nano.a(libc_a-memchr.o)
 .ARM.attributes
                0x00000573       0x17 C:/Users/Daiana/Desktop/Tools/GCC/xpack-arm-none-eabi-gcc-13.2.1-1.1/bin/../lib/gcc/arm-none-eabi/13.2.1/../../../../arm-none-eabi/lib/thumb/v7e-m+fp/hard\libc_nano.a(libc_a-strlen.o)
 .ARM.attributes
                0x0000058a       0x34 C:/Users/Daiana/Desktop/Tools/GCC/xpack-arm-none-eabi-gcc-13.2.1-1.1/bin/../lib/gcc/arm-none-eabi/13.2.1/../../../../arm-none-eabi/lib/thumb/v7e-m+fp/hard\libc_nano.a(libc_a-dtoa.o)
 .ARM.attributes
                0x000005be       0x34 C:/Users/Daiana/Desktop/Tools/GCC/xpack-arm-none-eabi-gcc-13.2.1-1.1/bin/../lib/gcc/arm-none-eabi/13.2.1/../../../../arm-none-eabi/lib/thumb/v7e-m+fp/hard\libc_nano.a(libc_a-freer.o)
 .ARM.attributes
                0x000005f2       0x34 C:/Users/Daiana/Desktop/Tools/GCC/xpack-arm-none-eabi-gcc-13.2.1-1.1/bin/../lib/gcc/arm-none-eabi/13.2.1/../../../../arm-none-eabi/lib/thumb/v7e-m+fp/hard\libc_nano.a(libc_a-malloc.o)
 .ARM.attributes
                0x00000626       0x34 C:/Users/Daiana/Desktop/Tools/GCC/xpack-arm-none-eabi-gcc-13.2.1-1.1/bin/../lib/gcc/arm-none-eabi/13.2.1/../../../../arm-none-eabi/lib/thumb/v7e-m+fp/hard\libc_nano.a(libc_a-mallocr.o)
 .ARM.attributes
                0x0000065a       0x34 C:/Users/Daiana/Desktop/Tools/GCC/xpack-arm-none-eabi-gcc-13.2.1-1.1/bin/../lib/gcc/arm-none-eabi/13.2.1/../../../../arm-none-eabi/lib/thumb/v7e-m+fp/hard\libc_nano.a(libc_a-mlock.o)
 .ARM.attributes
                0x0000068e       0x34 C:/Users/Daiana/Desktop/Tools/GCC/xpack-arm-none-eabi-gcc-13.2.1-1.1/bin/../lib/gcc/arm-none-eabi/13.2.1/../../../../arm-none-eabi/lib/thumb/v7e-m+fp/hard\libc_nano.a(libc_a-mprec.o)
 .ARM.attributes
                0x000006c2       0x34 C:/Users/Daiana/Desktop/Tools/GCC/xpack-arm-none-eabi-gcc-13.2.1-1.1/bin/../lib/gcc/arm-none-eabi/13.2.1/../../../../arm-none-eabi/lib/thumb/v7e-m+fp/hard\libc_nano.a(libc_a-fflush.o)
 .ARM.attributes
                0x000006f6       0x34 C:/Users/Daiana/Desktop/Tools/GCC/xpack-arm-none-eabi-gcc-13.2.1-1.1/bin/../lib/gcc/arm-none-eabi/13.2.1/../../../../arm-none-eabi/lib/thumb/v7e-m+fp/hard\libc_nano.a(libc_a-locale.o)
 .ARM.attributes
                0x0000072a       0x34 C:/Users/Daiana/Desktop/Tools/GCC/xpack-arm-none-eabi-gcc-13.2.1-1.1/bin/../lib/gcc/arm-none-eabi/13.2.1/../../../../arm-none-eabi/lib/thumb/v7e-m+fp/hard\libc_nano.a(libc_a-sbrkr.o)
 .ARM.attributes
                0x0000075e       0x34 C:/Users/Daiana/Desktop/Tools/GCC/xpack-arm-none-eabi-gcc-13.2.1-1.1/bin/../lib/gcc/arm-none-eabi/13.2.1/../../../../arm-none-eabi/lib/thumb/v7e-m+fp/hard\libc_nano.a(libc_a-memcpy-stub.o)
 .ARM.attributes
                0x00000792       0x34 C:/Users/Daiana/Desktop/Tools/GCC/xpack-arm-none-eabi-gcc-13.2.1-1.1/bin/../lib/gcc/arm-none-eabi/13.2.1/../../../../arm-none-eabi/lib/thumb/v7e-m+fp/hard\libc_nano.a(libc_a-assert.o)
 .ARM.attributes
                0x000007c6       0x34 C:/Users/Daiana/Desktop/Tools/GCC/xpack-arm-none-eabi-gcc-13.2.1-1.1/bin/../lib/gcc/arm-none-eabi/13.2.1/../../../../arm-none-eabi/lib/thumb/v7e-m+fp/hard\libc_nano.a(libc_a-callocr.o)
 .ARM.attributes
                0x000007fa       0x34 C:/Users/Daiana/Desktop/Tools/GCC/xpack-arm-none-eabi-gcc-13.2.1-1.1/bin/../lib/gcc/arm-none-eabi/13.2.1/../../../../arm-none-eabi/lib/thumb/v7e-m+fp/hard\libc_nano.a(libc_a-mbtowc_r.o)
 .ARM.attributes
                0x0000082e       0x34 C:/Users/Daiana/Desktop/Tools/GCC/xpack-arm-none-eabi-gcc-13.2.1-1.1/bin/../lib/gcc/arm-none-eabi/13.2.1/../../../../arm-none-eabi/lib/thumb/v7e-m+fp/hard\libc_nano.a(libc_a-wctomb_r.o)
 .ARM.attributes
                0x00000862       0x34 C:/Users/Daiana/Desktop/Tools/GCC/xpack-arm-none-eabi-gcc-13.2.1-1.1/bin/../lib/gcc/arm-none-eabi/13.2.1/../../../../arm-none-eabi/lib/thumb/v7e-m+fp/hard\libc_nano.a(libc_a-ctype_.o)
 .ARM.attributes
                0x00000896       0x34 C:/Users/Daiana/Desktop/Tools/GCC/xpack-arm-none-eabi-gcc-13.2.1-1.1/bin/../lib/gcc/arm-none-eabi/13.2.1/../../../../arm-none-eabi/lib/thumb/v7e-m+fp/hard\libc_nano.a(libc_a-fprintf.o)
 .ARM.attributes
                0x000008ca       0x34 C:/Users/Daiana/Desktop/Tools/GCC/xpack-arm-none-eabi-gcc-13.2.1-1.1/bin/../lib/gcc/arm-none-eabi/13.2.1/../../../../arm-none-eabi/lib/thumb/v7e-m+fp/hard\libc_nano.a(libc_a-abort.o)
 .ARM.attributes
                0x000008fe       0x34 C:/Users/Daiana/Desktop/Tools/GCC/xpack-arm-none-eabi-gcc-13.2.1-1.1/bin/../lib/gcc/arm-none-eabi/13.2.1/../../../../arm-none-eabi/lib/thumb/v7e-m+fp/hard\libc_nano.a(libc_a-nano-vfprintf.o)
 .ARM.attributes
                0x00000932       0x34 C:/Users/Daiana/Desktop/Tools/GCC/xpack-arm-none-eabi-gcc-13.2.1-1.1/bin/../lib/gcc/arm-none-eabi/13.2.1/../../../../arm-none-eabi/lib/thumb/v7e-m+fp/hard\libc_nano.a(libc_a-wbuf.o)
 .ARM.attributes
                0x00000966       0x34 C:/Users/Daiana/Desktop/Tools/GCC/xpack-arm-none-eabi-gcc-13.2.1-1.1/bin/../lib/gcc/arm-none-eabi/13.2.1/../../../../arm-none-eabi/lib/thumb/v7e-m+fp/hard\libc_nano.a(libc_a-wsetup.o)
 .ARM.attributes
                0x0000099a       0x34 C:/Users/Daiana/Desktop/Tools/GCC/xpack-arm-none-eabi-gcc-13.2.1-1.1/bin/../lib/gcc/arm-none-eabi/13.2.1/../../../../arm-none-eabi/lib/thumb/v7e-m+fp/hard\libc_nano.a(libc_a-signal.o)
 .ARM.attributes
                0x000009ce       0x34 C:/Users/Daiana/Desktop/Tools/GCC/xpack-arm-none-eabi-gcc-13.2.1-1.1/bin/../lib/gcc/arm-none-eabi/13.2.1/../../../../arm-none-eabi/lib/thumb/v7e-m+fp/hard\libc_nano.a(libc_a-signalr.o)
 .ARM.attributes
                0x00000a02       0x34 C:/Users/Daiana/Desktop/Tools/GCC/xpack-arm-none-eabi-gcc-13.2.1-1.1/bin/../lib/gcc/arm-none-eabi/13.2.1/../../../../arm-none-eabi/lib/thumb/v7e-m+fp/hard\libc_nano.a(libc_a-makebuf.o)
 .ARM.attributes
                0x00000a36       0x34 C:/Users/Daiana/Desktop/Tools/GCC/xpack-arm-none-eabi-gcc-13.2.1-1.1/bin/../lib/gcc/arm-none-eabi/13.2.1/../../../../arm-none-eabi/lib/thumb/v7e-m+fp/hard\libc_nano.a(libc_a-fstatr.o)
 .ARM.attributes
                0x00000a6a       0x34 C:/Users/Daiana/Desktop/Tools/GCC/xpack-arm-none-eabi-gcc-13.2.1-1.1/bin/../lib/gcc/arm-none-eabi/13.2.1/../../../../arm-none-eabi/lib/thumb/v7e-m+fp/hard\libc_nano.a(libc_a-isattyr.o)
 .ARM.attributes
                0x00000a9e       0x22 C:/Users/Daiana/Desktop/Tools/GCC/xpack-arm-none-eabi-gcc-13.2.1-1.1/bin/../lib/gcc/arm-none-eabi/13.2.1/thumb/v7e-m+fp/hard\libgcc.a(_arm_addsubdf3.o)
 .ARM.attributes
                0x00000ac0       0x22 C:/Users/Daiana/Desktop/Tools/GCC/xpack-arm-none-eabi-gcc-13.2.1-1.1/bin/../lib/gcc/arm-none-eabi/13.2.1/thumb/v7e-m+fp/hard\libgcc.a(_arm_muldivdf3.o)
 .ARM.attributes
                0x00000ae2       0x22 C:/Users/Daiana/Desktop/Tools/GCC/xpack-arm-none-eabi-gcc-13.2.1-1.1/bin/../lib/gcc/arm-none-eabi/13.2.1/thumb/v7e-m+fp/hard\libgcc.a(_arm_cmpdf2.o)
 .ARM.attributes
                0x00000b04       0x22 C:/Users/Daiana/Desktop/Tools/GCC/xpack-arm-none-eabi-gcc-13.2.1-1.1/bin/../lib/gcc/arm-none-eabi/13.2.1/thumb/v7e-m+fp/hard\libgcc.a(_arm_unorddf2.o)
 .ARM.attributes
                0x00000b26       0x22 C:/Users/Daiana/Desktop/Tools/GCC/xpack-arm-none-eabi-gcc-13.2.1-1.1/bin/../lib/gcc/arm-none-eabi/13.2.1/thumb/v7e-m+fp/hard\libgcc.a(_arm_fixdfsi.o)
 .ARM.attributes
                0x00000b48       0x22 C:/Users/Daiana/Desktop/Tools/GCC/xpack-arm-none-eabi-gcc-13.2.1-1.1/bin/../lib/gcc/arm-none-eabi/13.2.1/thumb/v7e-m+fp/hard/crtn.o
OUTPUT(build_F411RE/STM32F411RE.elf elf32-littlearm)
LOAD linker stubs
LOAD C:/Users/Daiana/Desktop/Tools/GCC/xpack-arm-none-eabi-gcc-13.2.1-1.1/bin/../lib/gcc/arm-none-eabi/13.2.1/../../../../arm-none-eabi/lib/thumb/v7e-m+fp/hard\libc.a
LOAD C:/Users/Daiana/Desktop/Tools/GCC/xpack-arm-none-eabi-gcc-13.2.1-1.1/bin/../lib/gcc/arm-none-eabi/13.2.1/../../../../arm-none-eabi/lib/thumb/v7e-m+fp/hard\libm.a
LOAD C:/Users/Daiana/Desktop/Tools/GCC/xpack-arm-none-eabi-gcc-13.2.1-1.1/bin/../lib/gcc/arm-none-eabi/13.2.1/thumb/v7e-m+fp/hard\libgcc.a

.comment        0x00000000       0x39
 .comment       0x00000000       0x39 C:/Users/Daiana/Desktop/Tools/GCC/xpack-arm-none-eabi-gcc-13.2.1-1.1/bin/../lib/gcc/arm-none-eabi/13.2.1/thumb/v7e-m+fp/hard/crtbegin.o
                                 0x3a (size before relaxing)
 .comment       0x00000039       0x3a build_F411RE/system_stm32f4xx.o
 .comment       0x00000039       0x3a build_F411RE/syscalls.o
 .comment       0x00000039       0x3a build_F411RE/sysmem.o
 .comment       0x00000039       0x3a build_F411RE/main.o
 .comment       0x00000039       0x3a build_F411RE/init.o
 .comment       0x00000039       0x3a build_F411RE/motor.o
 .comment       0x00000039       0x3a build_F411RE/interrupt.o
 .comment       0x00000039       0x3a build_F411RE/sensors.o
 .comment       0x00000039       0x3a C:/Users/Daiana/Desktop/Tools/GCC/xpack-arm-none-eabi-gcc-13.2.1-1.1/bin/../lib/gcc/arm-none-eabi/13.2.1/../../../../arm-none-eabi/lib/thumb/v7e-m+fp/hard\libc_nano.a(libc_a-nano-vfprintf_float.o)
 .comment       0x00000039       0x3a C:/Users/Daiana/Desktop/Tools/GCC/xpack-arm-none-eabi-gcc-13.2.1-1.1/bin/../lib/gcc/arm-none-eabi/13.2.1/../../../../arm-none-eabi/lib/thumb/v7e-m+fp/hard\libc_nano.a(libc_a-nano-vfprintf_i.o)
 .comment       0x00000039       0x3a C:/Users/Daiana/Desktop/Tools/GCC/xpack-arm-none-eabi-gcc-13.2.1-1.1/bin/../lib/gcc/arm-none-eabi/13.2.1/../../../../arm-none-eabi/lib/thumb/v7e-m+fp/hard\libc_nano.a(libc_a-findfp.o)
 .comment       0x00000039       0x3a C:/Users/Daiana/Desktop/Tools/GCC/xpack-arm-none-eabi-gcc-13.2.1-1.1/bin/../lib/gcc/arm-none-eabi/13.2.1/../../../../arm-none-eabi/lib/thumb/v7e-m+fp/hard\libc_nano.a(libc_a-fwalk.o)
 .comment       0x00000039       0x3a C:/Users/Daiana/Desktop/Tools/GCC/xpack-arm-none-eabi-gcc-13.2.1-1.1/bin/../lib/gcc/arm-none-eabi/13.2.1/../../../../arm-none-eabi/lib/thumb/v7e-m+fp/hard\libc_nano.a(libc_a-stdio.o)
 .comment       0x00000039       0x3a C:/Users/Daiana/Desktop/Tools/GCC/xpack-arm-none-eabi-gcc-13.2.1-1.1/bin/../lib/gcc/arm-none-eabi/13.2.1/../../../../arm-none-eabi/lib/thumb/v7e-m+fp/hard\libc_nano.a(libc_a-memset.o)
 .comment       0x00000039       0x3a C:/Users/Daiana/Desktop/Tools/GCC/xpack-arm-none-eabi-gcc-13.2.1-1.1/bin/../lib/gcc/arm-none-eabi/13.2.1/../../../../arm-none-eabi/lib/thumb/v7e-m+fp/hard\libc_nano.a(libc_a-localeconv.o)
 .comment       0x00000039       0x3a C:/Users/Daiana/Desktop/Tools/GCC/xpack-arm-none-eabi-gcc-13.2.1-1.1/bin/../lib/gcc/arm-none-eabi/13.2.1/../../../../arm-none-eabi/lib/thumb/v7e-m+fp/hard\libc_nano.a(libc_a-closer.o)
 .comment       0x00000039       0x3a C:/Users/Daiana/Desktop/Tools/GCC/xpack-arm-none-eabi-gcc-13.2.1-1.1/bin/../lib/gcc/arm-none-eabi/13.2.1/../../../../arm-none-eabi/lib/thumb/v7e-m+fp/hard\libc_nano.a(libc_a-reent.o)
 .comment       0x00000039       0x3a C:/Users/Daiana/Desktop/Tools/GCC/xpack-arm-none-eabi-gcc-13.2.1-1.1/bin/../lib/gcc/arm-none-eabi/13.2.1/../../../../arm-none-eabi/lib/thumb/v7e-m+fp/hard\libc_nano.a(libc_a-impure.o)
 .comment       0x00000039       0x3a C:/Users/Daiana/Desktop/Tools/GCC/xpack-arm-none-eabi-gcc-13.2.1-1.1/bin/../lib/gcc/arm-none-eabi/13.2.1/../../../../arm-none-eabi/lib/thumb/v7e-m+fp/hard\libc_nano.a(libc_a-lseekr.o)
 .comment       0x00000039       0x3a C:/Users/Daiana/Desktop/Tools/GCC/xpack-arm-none-eabi-gcc-13.2.1-1.1/bin/../lib/gcc/arm-none-eabi/13.2.1/../../../../arm-none-eabi/lib/thumb/v7e-m+fp/hard\libc_nano.a(libc_a-readr.o)
 .comment       0x00000039       0x3a C:/Users/Daiana/Desktop/Tools/GCC/xpack-arm-none-eabi-gcc-13.2.1-1.1/bin/../lib/gcc/arm-none-eabi/13.2.1/../../../../arm-none-eabi/lib/thumb/v7e-m+fp/hard\libc_nano.a(libc_a-writer.o)
 .comment       0x00000039       0x3a C:/Users/Daiana/Desktop/Tools/GCC/xpack-arm-none-eabi-gcc-13.2.1-1.1/bin/../lib/gcc/arm-none-eabi/13.2.1/../../../../arm-none-eabi/lib/thumb/v7e-m+fp/hard\libc_nano.a(libc_a-errno.o)
 .comment       0x00000039       0x3a C:/Users/Daiana/Desktop/Tools/GCC/xpack-arm-none-eabi-gcc-13.2.1-1.1/bin/../lib/gcc/arm-none-eabi/13.2.1/../../../../arm-none-eabi/lib/thumb/v7e-m+fp/hard\libc_nano.a(libc_a-init.o)
 .comment       0x00000039       0x3a C:/Users/Daiana/Desktop/Tools/GCC/xpack-arm-none-eabi-gcc-13.2.1-1.1/bin/../lib/gcc/arm-none-eabi/13.2.1/../../../../arm-none-eabi/lib/thumb/v7e-m+fp/hard\libc_nano.a(libc_a-lock.o)
 .comment       0x00000039       0x3a C:/Users/Daiana/Desktop/Tools/GCC/xpack-arm-none-eabi-gcc-13.2.1-1.1/bin/../lib/gcc/arm-none-eabi/13.2.1/../../../../arm-none-eabi/lib/thumb/v7e-m+fp/hard\libc_nano.a(libc_a-dtoa.o)
 .comment       0x00000039       0x3a C:/Users/Daiana/Desktop/Tools/GCC/xpack-arm-none-eabi-gcc-13.2.1-1.1/bin/../lib/gcc/arm-none-eabi/13.2.1/../../../../arm-none-eabi/lib/thumb/v7e-m+fp/hard\libc_nano.a(libc_a-freer.o)
 .comment       0x00000039       0x3a C:/Users/Daiana/Desktop/Tools/GCC/xpack-arm-none-eabi-gcc-13.2.1-1.1/bin/../lib/gcc/arm-none-eabi/13.2.1/../../../../arm-none-eabi/lib/thumb/v7e-m+fp/hard\libc_nano.a(libc_a-malloc.o)
 .comment       0x00000039       0x3a C:/Users/Daiana/Desktop/Tools/GCC/xpack-arm-none-eabi-gcc-13.2.1-1.1/bin/../lib/gcc/arm-none-eabi/13.2.1/../../../../arm-none-eabi/lib/thumb/v7e-m+fp/hard\libc_nano.a(libc_a-mallocr.o)
 .comment       0x00000039       0x3a C:/Users/Daiana/Desktop/Tools/GCC/xpack-arm-none-eabi-gcc-13.2.1-1.1/bin/../lib/gcc/arm-none-eabi/13.2.1/../../../../arm-none-eabi/lib/thumb/v7e-m+fp/hard\libc_nano.a(libc_a-mlock.o)
 .comment       0x00000039       0x3a C:/Users/Daiana/Desktop/Tools/GCC/xpack-arm-none-eabi-gcc-13.2.1-1.1/bin/../lib/gcc/arm-none-eabi/13.2.1/../../../../arm-none-eabi/lib/thumb/v7e-m+fp/hard\libc_nano.a(libc_a-mprec.o)
 .comment       0x00000039       0x3a C:/Users/Daiana/Desktop/Tools/GCC/xpack-arm-none-eabi-gcc-13.2.1-1.1/bin/../lib/gcc/arm-none-eabi/13.2.1/../../../../arm-none-eabi/lib/thumb/v7e-m+fp/hard\libc_nano.a(libc_a-fflush.o)
 .comment       0x00000039       0x3a C:/Users/Daiana/Desktop/Tools/GCC/xpack-arm-none-eabi-gcc-13.2.1-1.1/bin/../lib/gcc/arm-none-eabi/13.2.1/../../../../arm-none-eabi/lib/thumb/v7e-m+fp/hard\libc_nano.a(libc_a-locale.o)
 .comment       0x00000039       0x3a C:/Users/Daiana/Desktop/Tools/GCC/xpack-arm-none-eabi-gcc-13.2.1-1.1/bin/../lib/gcc/arm-none-eabi/13.2.1/../../../../arm-none-eabi/lib/thumb/v7e-m+fp/hard\libc_nano.a(libc_a-sbrkr.o)
 .comment       0x00000039       0x3a C:/Users/Daiana/Desktop/Tools/GCC/xpack-arm-none-eabi-gcc-13.2.1-1.1/bin/../lib/gcc/arm-none-eabi/13.2.1/../../../../arm-none-eabi/lib/thumb/v7e-m+fp/hard\libc_nano.a(libc_a-memcpy-stub.o)
 .comment       0x00000039       0x3a C:/Users/Daiana/Desktop/Tools/GCC/xpack-arm-none-eabi-gcc-13.2.1-1.1/bin/../lib/gcc/arm-none-eabi/13.2.1/../../../../arm-none-eabi/lib/thumb/v7e-m+fp/hard\libc_nano.a(libc_a-assert.o)
 .comment       0x00000039       0x3a C:/Users/Daiana/Desktop/Tools/GCC/xpack-arm-none-eabi-gcc-13.2.1-1.1/bin/../lib/gcc/arm-none-eabi/13.2.1/../../../../arm-none-eabi/lib/thumb/v7e-m+fp/hard\libc_nano.a(libc_a-callocr.o)
 .comment       0x00000039       0x3a C:/Users/Daiana/Desktop/Tools/GCC/xpack-arm-none-eabi-gcc-13.2.1-1.1/bin/../lib/gcc/arm-none-eabi/13.2.1/../../../../arm-none-eabi/lib/thumb/v7e-m+fp/hard\libc_nano.a(libc_a-mbtowc_r.o)
 .comment       0x00000039       0x3a C:/Users/Daiana/Desktop/Tools/GCC/xpack-arm-none-eabi-gcc-13.2.1-1.1/bin/../lib/gcc/arm-none-eabi/13.2.1/../../../../arm-none-eabi/lib/thumb/v7e-m+fp/hard\libc_nano.a(libc_a-wctomb_r.o)
 .comment       0x00000039       0x3a C:/Users/Daiana/Desktop/Tools/GCC/xpack-arm-none-eabi-gcc-13.2.1-1.1/bin/../lib/gcc/arm-none-eabi/13.2.1/../../../../arm-none-eabi/lib/thumb/v7e-m+fp/hard\libc_nano.a(libc_a-ctype_.o)
 .comment       0x00000039       0x3a C:/Users/Daiana/Desktop/Tools/GCC/xpack-arm-none-eabi-gcc-13.2.1-1.1/bin/../lib/gcc/arm-none-eabi/13.2.1/../../../../arm-none-eabi/lib/thumb/v7e-m+fp/hard\libc_nano.a(libc_a-fprintf.o)
 .comment       0x00000039       0x3a C:/Users/Daiana/Desktop/Tools/GCC/xpack-arm-none-eabi-gcc-13.2.1-1.1/bin/../lib/gcc/arm-none-eabi/13.2.1/../../../../arm-none-eabi/lib/thumb/v7e-m+fp/hard\libc_nano.a(libc_a-abort.o)
 .comment       0x00000039       0x3a C:/Users/Daiana/Desktop/Tools/GCC/xpack-arm-none-eabi-gcc-13.2.1-1.1/bin/../lib/gcc/arm-none-eabi/13.2.1/../../../../arm-none-eabi/lib/thumb/v7e-m+fp/hard\libc_nano.a(libc_a-nano-vfprintf.o)
 .comment       0x00000039       0x3a C:/Users/Daiana/Desktop/Tools/GCC/xpack-arm-none-eabi-gcc-13.2.1-1.1/bin/../lib/gcc/arm-none-eabi/13.2.1/../../../../arm-none-eabi/lib/thumb/v7e-m+fp/hard\libc_nano.a(libc_a-wbuf.o)
 .comment       0x00000039       0x3a C:/Users/Daiana/Desktop/Tools/GCC/xpack-arm-none-eabi-gcc-13.2.1-1.1/bin/../lib/gcc/arm-none-eabi/13.2.1/../../../../arm-none-eabi/lib/thumb/v7e-m+fp/hard\libc_nano.a(libc_a-wsetup.o)
 .comment       0x00000039       0x3a C:/Users/Daiana/Desktop/Tools/GCC/xpack-arm-none-eabi-gcc-13.2.1-1.1/bin/../lib/gcc/arm-none-eabi/13.2.1/../../../../arm-none-eabi/lib/thumb/v7e-m+fp/hard\libc_nano.a(libc_a-signal.o)
 .comment       0x00000039       0x3a C:/Users/Daiana/Desktop/Tools/GCC/xpack-arm-none-eabi-gcc-13.2.1-1.1/bin/../lib/gcc/arm-none-eabi/13.2.1/../../../../arm-none-eabi/lib/thumb/v7e-m+fp/hard\libc_nano.a(libc_a-signalr.o)
 .comment       0x00000039       0x3a C:/Users/Daiana/Desktop/Tools/GCC/xpack-arm-none-eabi-gcc-13.2.1-1.1/bin/../lib/gcc/arm-none-eabi/13.2.1/../../../../arm-none-eabi/lib/thumb/v7e-m+fp/hard\libc_nano.a(libc_a-makebuf.o)
 .comment       0x00000039       0x3a C:/Users/Daiana/Desktop/Tools/GCC/xpack-arm-none-eabi-gcc-13.2.1-1.1/bin/../lib/gcc/arm-none-eabi/13.2.1/../../../../arm-none-eabi/lib/thumb/v7e-m+fp/hard\libc_nano.a(libc_a-fstatr.o)
 .comment       0x00000039       0x3a C:/Users/Daiana/Desktop/Tools/GCC/xpack-arm-none-eabi-gcc-13.2.1-1.1/bin/../lib/gcc/arm-none-eabi/13.2.1/../../../../arm-none-eabi/lib/thumb/v7e-m+fp/hard\libc_nano.a(libc_a-isattyr.o)

.debug_info     0x00000000     0x338d
 .debug_info    0x00000000      0x5de build_F411RE/system_stm32f4xx.o
 .debug_info    0x000005de      0x848 build_F411RE/syscalls.o
 .debug_info    0x00000e26      0x18c build_F411RE/sysmem.o
 .debug_info    0x00000fb2       0xf0 build_F411RE/main.o
 .debug_info    0x000010a2      0xc05 build_F411RE/init.o
 .debug_info    0x00001ca7      0x322 build_F411RE/motor.o
 .debug_info    0x00001fc9      0xf63 build_F411RE/interrupt.o
 .debug_info    0x00002f2c      0x1b0 build_F411RE/sensors.o
 .debug_info    0x000030dc       0x30 build_F411RE/startup_stm32f411xe.o
 .debug_info    0x0000310c       0xd3 C:/Users/Daiana/Desktop/Tools/GCC/xpack-arm-none-eabi-gcc-13.2.1-1.1/bin/../lib/gcc/arm-none-eabi/13.2.1/thumb/v7e-m+fp/hard\libgcc.a(_arm_addsubdf3.o)
 .debug_info    0x000031df       0x57 C:/Users/Daiana/Desktop/Tools/GCC/xpack-arm-none-eabi-gcc-13.2.1-1.1/bin/../lib/gcc/arm-none-eabi/13.2.1/thumb/v7e-m+fp/hard\libgcc.a(_arm_muldivdf3.o)
 .debug_info    0x00003236       0xdf C:/Users/Daiana/Desktop/Tools/GCC/xpack-arm-none-eabi-gcc-13.2.1-1.1/bin/../lib/gcc/arm-none-eabi/13.2.1/thumb/v7e-m+fp/hard\libgcc.a(_arm_cmpdf2.o)
 .debug_info    0x00003315       0x3c C:/Users/Daiana/Desktop/Tools/GCC/xpack-arm-none-eabi-gcc-13.2.1-1.1/bin/../lib/gcc/arm-none-eabi/13.2.1/thumb/v7e-m+fp/hard\libgcc.a(_arm_unorddf2.o)
 .debug_info    0x00003351       0x3c C:/Users/Daiana/Desktop/Tools/GCC/xpack-arm-none-eabi-gcc-13.2.1-1.1/bin/../lib/gcc/arm-none-eabi/13.2.1/thumb/v7e-m+fp/hard\libgcc.a(_arm_fixdfsi.o)

.debug_abbrev   0x00000000      0xb09
 .debug_abbrev  0x00000000      0x11b build_F411RE/system_stm32f4xx.o
 .debug_abbrev  0x0000011b      0x1e3 build_F411RE/syscalls.o
 .debug_abbrev  0x000002fe       0xeb build_F411RE/sysmem.o
 .debug_abbrev  0x000003e9       0x66 build_F411RE/main.o
 .debug_abbrev  0x0000044f      0x1bf build_F411RE/init.o
 .debug_abbrev  0x0000060e       0xde build_F411RE/motor.o
 .debug_abbrev  0x000006ec      0x288 build_F411RE/interrupt.o
 .debug_abbrev  0x00000974       0xb0 build_F411RE/sensors.o
 .debug_abbrev  0x00000a24       0x1d build_F411RE/startup_stm32f411xe.o
 .debug_abbrev  0x00000a41       0x28 C:/Users/Daiana/Desktop/Tools/GCC/xpack-arm-none-eabi-gcc-13.2.1-1.1/bin/../lib/gcc/arm-none-eabi/13.2.1/thumb/v7e-m+fp/hard\libgcc.a(_arm_addsubdf3.o)
 .debug_abbrev  0x00000a69       0x28 C:/Users/Daiana/Desktop/Tools/GCC/xpack-arm-none-eabi-gcc-13.2.1-1.1/bin/../lib/gcc/arm-none-eabi/13.2.1/thumb/v7e-m+fp/hard\libgcc.a(_arm_muldivdf3.o)
 .debug_abbrev  0x00000a91       0x28 C:/Users/Daiana/Desktop/Tools/GCC/xpack-arm-none-eabi-gcc-13.2.1-1.1/bin/../lib/gcc/arm-none-eabi/13.2.1/thumb/v7e-m+fp/hard\libgcc.a(_arm_cmpdf2.o)
 .debug_abbrev  0x00000ab9       0x28 C:/Users/Daiana/Desktop/Tools/GCC/xpack-arm-none-eabi-gcc-13.2.1-1.1/bin/../lib/gcc/arm-none-eabi/13.2.1/thumb/v7e-m+fp/hard\libgcc.a(_arm_unorddf2.o)
 .debug_abbrev  0x00000ae1       0x28 C:/Users/Daiana/Desktop/Tools/GCC/xpack-arm-none-eabi-gcc-13.2.1-1.1/bin/../lib/gcc/arm-none-eabi/13.2.1/thumb/v7e-m+fp/hard\libgcc.a(_arm_fixdfsi.o)

.debug_loc      0x00000000      0x9d6
 .debug_loc     0x00000000      0x181 build_F411RE/system_stm32f4xx.o
 .debug_loc     0x00000181      0x583 build_F411RE/syscalls.o
 .debug_loc     0x00000704       0x90 build_F411RE/sysmem.o
 .debug_loc     0x00000794       0x20 build_F411RE/main.o
 .debug_loc     0x000007b4       0x42 build_F411RE/init.o
 .debug_loc     0x000007f6       0x64 build_F411RE/motor.o
 .debug_loc     0x0000085a      0x17c build_F411RE/interrupt.o

.debug_aranges  0x00000000      0x2c8
 .debug_aranges
                0x00000000       0x28 build_F411RE/system_stm32f4xx.o
 .debug_aranges
                0x00000028       0xa8 build_F411RE/syscalls.o
 .debug_aranges
                0x000000d0       0x20 build_F411RE/sysmem.o
 .debug_aranges
                0x000000f0       0x20 build_F411RE/main.o
 .debug_aranges
                0x00000110       0x38 build_F411RE/init.o
 .debug_aranges
                0x00000148       0x28 build_F411RE/motor.o
 .debug_aranges
                0x00000170       0x60 build_F411RE/interrupt.o
 .debug_aranges
                0x000001d0       0x30 build_F411RE/sensors.o
 .debug_aranges
                0x00000200       0x28 build_F411RE/startup_stm32f411xe.o
 .debug_aranges
                0x00000228       0x20 C:/Users/Daiana/Desktop/Tools/GCC/xpack-arm-none-eabi-gcc-13.2.1-1.1/bin/../lib/gcc/arm-none-eabi/13.2.1/thumb/v7e-m+fp/hard\libgcc.a(_arm_addsubdf3.o)
 .debug_aranges
                0x00000248       0x20 C:/Users/Daiana/Desktop/Tools/GCC/xpack-arm-none-eabi-gcc-13.2.1-1.1/bin/../lib/gcc/arm-none-eabi/13.2.1/thumb/v7e-m+fp/hard\libgcc.a(_arm_muldivdf3.o)
 .debug_aranges
                0x00000268       0x20 C:/Users/Daiana/Desktop/Tools/GCC/xpack-arm-none-eabi-gcc-13.2.1-1.1/bin/../lib/gcc/arm-none-eabi/13.2.1/thumb/v7e-m+fp/hard\libgcc.a(_arm_cmpdf2.o)
 .debug_aranges
                0x00000288       0x20 C:/Users/Daiana/Desktop/Tools/GCC/xpack-arm-none-eabi-gcc-13.2.1-1.1/bin/../lib/gcc/arm-none-eabi/13.2.1/thumb/v7e-m+fp/hard\libgcc.a(_arm_unorddf2.o)
 .debug_aranges
                0x000002a8       0x20 C:/Users/Daiana/Desktop/Tools/GCC/xpack-arm-none-eabi-gcc-13.2.1-1.1/bin/../lib/gcc/arm-none-eabi/13.2.1/thumb/v7e-m+fp/hard\libgcc.a(_arm_fixdfsi.o)

.debug_ranges   0x00000000      0x1b8
 .debug_ranges  0x00000000       0x18 build_F411RE/system_stm32f4xx.o
 .debug_ranges  0x00000018       0x98 build_F411RE/syscalls.o
 .debug_ranges  0x000000b0       0x10 build_F411RE/sysmem.o
 .debug_ranges  0x000000c0       0x10 build_F411RE/main.o
 .debug_ranges  0x000000d0       0x28 build_F411RE/init.o
 .debug_ranges  0x000000f8       0x18 build_F411RE/motor.o
 .debug_ranges  0x00000110       0x68 build_F411RE/interrupt.o
 .debug_ranges  0x00000178       0x20 build_F411RE/sensors.o
 .debug_ranges  0x00000198       0x20 build_F411RE/startup_stm32f411xe.o

.debug_line     0x00000000     0x18d1
 .debug_line    0x00000000      0x2a9 build_F411RE/system_stm32f4xx.o
 .debug_line    0x000002a9      0x417 build_F411RE/syscalls.o
 .debug_line    0x000006c0      0x21a build_F411RE/sysmem.o
 .debug_line    0x000008da       0x73 build_F411RE/main.o
 .debug_line    0x0000094d      0x2b9 build_F411RE/init.o
 .debug_line    0x00000c06      0x1cc build_F411RE/motor.o
 .debug_line    0x00000dd2      0x46b build_F411RE/interrupt.o
 .debug_line    0x0000123d      0x1b8 build_F411RE/sensors.o
 .debug_line    0x000013f5       0x8a build_F411RE/startup_stm32f411xe.o
 .debug_line    0x0000147f      0x16f C:/Users/Daiana/Desktop/Tools/GCC/xpack-arm-none-eabi-gcc-13.2.1-1.1/bin/../lib/gcc/arm-none-eabi/13.2.1/thumb/v7e-m+fp/hard\libgcc.a(_arm_addsubdf3.o)
 .debug_line    0x000015ee      0x184 C:/Users/Daiana/Desktop/Tools/GCC/xpack-arm-none-eabi-gcc-13.2.1-1.1/bin/../lib/gcc/arm-none-eabi/13.2.1/thumb/v7e-m+fp/hard\libgcc.a(_arm_muldivdf3.o)
 .debug_line    0x00001772       0xa6 C:/Users/Daiana/Desktop/Tools/GCC/xpack-arm-none-eabi-gcc-13.2.1-1.1/bin/../lib/gcc/arm-none-eabi/13.2.1/thumb/v7e-m+fp/hard\libgcc.a(_arm_cmpdf2.o)
 .debug_line    0x00001818       0x57 C:/Users/Daiana/Desktop/Tools/GCC/xpack-arm-none-eabi-gcc-13.2.1-1.1/bin/../lib/gcc/arm-none-eabi/13.2.1/thumb/v7e-m+fp/hard\libgcc.a(_arm_unorddf2.o)
 .debug_line    0x0000186f       0x62 C:/Users/Daiana/Desktop/Tools/GCC/xpack-arm-none-eabi-gcc-13.2.1-1.1/bin/../lib/gcc/arm-none-eabi/13.2.1/thumb/v7e-m+fp/hard\libgcc.a(_arm_fixdfsi.o)

.debug_str      0x00000000      0xfed
 .debug_str     0x00000000      0xfed build_F411RE/system_stm32f4xx.o
                                0x35e (size before relaxing)
 .debug_str     0x00000fed      0x3d2 build_F411RE/syscalls.o
 .debug_str     0x00000fed      0x1fe build_F411RE/sysmem.o
 .debug_str     0x00000fed      0x19a build_F411RE/main.o
 .debug_str     0x00000fed      0x7f4 build_F411RE/init.o
 .debug_str     0x00000fed      0x20e build_F411RE/motor.o
 .debug_str     0x00000fed      0x925 build_F411RE/interrupt.o
 .debug_str     0x00000fed      0x1e4 build_F411RE/sensors.o
 .debug_str     0x00000fed       0x69 build_F411RE/startup_stm32f411xe.o
 .debug_str     0x00000fed      0x1d1 C:/Users/Daiana/Desktop/Tools/GCC/xpack-arm-none-eabi-gcc-13.2.1-1.1/bin/../lib/gcc/arm-none-eabi/13.2.1/thumb/v7e-m+fp/hard\libgcc.a(_arm_addsubdf3.o)
 .debug_str     0x00000fed      0x151 C:/Users/Daiana/Desktop/Tools/GCC/xpack-arm-none-eabi-gcc-13.2.1-1.1/bin/../lib/gcc/arm-none-eabi/13.2.1/thumb/v7e-m+fp/hard\libgcc.a(_arm_muldivdf3.o)
 .debug_str     0x00000fed      0x1da C:/Users/Daiana/Desktop/Tools/GCC/xpack-arm-none-eabi-gcc-13.2.1-1.1/bin/../lib/gcc/arm-none-eabi/13.2.1/thumb/v7e-m+fp/hard\libgcc.a(_arm_cmpdf2.o)
 .debug_str     0x00000fed      0x13f C:/Users/Daiana/Desktop/Tools/GCC/xpack-arm-none-eabi-gcc-13.2.1-1.1/bin/../lib/gcc/arm-none-eabi/13.2.1/thumb/v7e-m+fp/hard\libgcc.a(_arm_unorddf2.o)
 .debug_str     0x00000fed      0x13c C:/Users/Daiana/Desktop/Tools/GCC/xpack-arm-none-eabi-gcc-13.2.1-1.1/bin/../lib/gcc/arm-none-eabi/13.2.1/thumb/v7e-m+fp/hard\libgcc.a(_arm_fixdfsi.o)

.debug_frame    0x00000000      0x588
 .debug_frame   0x00000000       0x30 build_F411RE/system_stm32f4xx.o
 .debug_frame   0x00000030      0x190 build_F411RE/syscalls.o
 .debug_frame   0x000001c0       0x28 build_F411RE/sysmem.o
 .debug_frame   0x000001e8       0x28 build_F411RE/main.o
 .debug_frame   0x00000210       0x50 build_F411RE/init.o
 .debug_frame   0x00000260       0x30 build_F411RE/motor.o
 .debug_frame   0x00000290       0xb4 build_F411RE/interrupt.o
 .debug_frame   0x00000344       0x40 build_F411RE/sensors.o
 .debug_frame   0x00000384       0xac C:/Users/Daiana/Desktop/Tools/GCC/xpack-arm-none-eabi-gcc-13.2.1-1.1/bin/../lib/gcc/arm-none-eabi/13.2.1/thumb/v7e-m+fp/hard\libgcc.a(_arm_addsubdf3.o)
 .debug_frame   0x00000430       0x50 C:/Users/Daiana/Desktop/Tools/GCC/xpack-arm-none-eabi-gcc-13.2.1-1.1/bin/../lib/gcc/arm-none-eabi/13.2.1/thumb/v7e-m+fp/hard\libgcc.a(_arm_muldivdf3.o)
 .debug_frame   0x00000480       0xc4 C:/Users/Daiana/Desktop/Tools/GCC/xpack-arm-none-eabi-gcc-13.2.1-1.1/bin/../lib/gcc/arm-none-eabi/13.2.1/thumb/v7e-m+fp/hard\libgcc.a(_arm_cmpdf2.o)
 .debug_frame   0x00000544       0x20 C:/Users/Daiana/Desktop/Tools/GCC/xpack-arm-none-eabi-gcc-13.2.1-1.1/bin/../lib/gcc/arm-none-eabi/13.2.1/thumb/v7e-m+fp/hard\libgcc.a(_arm_unorddf2.o)
 .debug_frame   0x00000564       0x24 C:/Users/Daiana/Desktop/Tools/GCC/xpack-arm-none-eabi-gcc-13.2.1-1.1/bin/../lib/gcc/arm-none-eabi/13.2.1/thumb/v7e-m+fp/hard\libgcc.a(_arm_fixdfsi.o)

.debug_line_str
                0x00000000      0x117
 .debug_line_str
                0x00000000      0x117 C:/Users/Daiana/Desktop/Tools/GCC/xpack-arm-none-eabi-gcc-13.2.1-1.1/bin/../lib/gcc/arm-none-eabi/13.2.1/thumb/v7e-m+fp/hard\libgcc.a(_arm_addsubdf3.o)
 .debug_line_str
                0x00000117      0x117 C:/Users/Daiana/Desktop/Tools/GCC/xpack-arm-none-eabi-gcc-13.2.1-1.1/bin/../lib/gcc/arm-none-eabi/13.2.1/thumb/v7e-m+fp/hard\libgcc.a(_arm_muldivdf3.o)
 .debug_line_str
                0x00000117      0x117 C:/Users/Daiana/Desktop/Tools/GCC/xpack-arm-none-eabi-gcc-13.2.1-1.1/bin/../lib/gcc/arm-none-eabi/13.2.1/thumb/v7e-m+fp/hard\libgcc.a(_arm_cmpdf2.o)
 .debug_line_str
                0x00000117      0x117 C:/Users/Daiana/Desktop/Tools/GCC/xpack-arm-none-eabi-gcc-13.2.1-1.1/bin/../lib/gcc/arm-none-eabi/13.2.1/thumb/v7e-m+fp/hard\libgcc.a(_arm_unorddf2.o)
 .debug_line_str
                0x00000117      0x117 C:/Users/Daiana/Desktop/Tools/GCC/xpack-arm-none-eabi-gcc-13.2.1-1.1/bin/../lib/gcc/arm-none-eabi/13.2.1/thumb/v7e-m+fp/hard\libgcc.a(_arm_fixdfsi.o)

Cross Reference Table

Symbol                                            File
ADC_IRQHandler                                    build_F411RE/startup_stm32f411xe.o
AHBPrescTable                                     build_F411RE/system_stm32f4xx.o
APBPrescTable                                     build_F411RE/system_stm32f4xx.o
BusFault_Handler                                  build_F411RE/startup_stm32f411xe.o
DMA1_Stream0_IRQHandler                           build_F411RE/startup_stm32f411xe.o
DMA1_Stream1_IRQHandler                           build_F411RE/startup_stm32f411xe.o
DMA1_Stream2_IRQHandler                           build_F411RE/startup_stm32f411xe.o
DMA1_Stream3_IRQHandler                           build_F411RE/startup_stm32f411xe.o
DMA1_Stream4_IRQHandler                           build_F411RE/startup_stm32f411xe.o
DMA1_Stream5_IRQHandler                           build_F411RE/startup_stm32f411xe.o
DMA1_Stream6_IRQHandler                           build_F411RE/startup_stm32f411xe.o
DMA1_Stream7_IRQHandler                           build_F411RE/startup_stm32f411xe.o
DMA2_Stream0_IRQHandler                           build_F411RE/startup_stm32f411xe.o
DMA2_Stream1_IRQHandler                           build_F411RE/startup_stm32f411xe.o
DMA2_Stream2_IRQHandler                           build_F411RE/startup_stm32f411xe.o
DMA2_Stream3_IRQHandler                           build_F411RE/startup_stm32f411xe.o
DMA2_Stream4_IRQHandler                           build_F411RE/startup_stm32f411xe.o
DMA2_Stream5_IRQHandler                           build_F411RE/startup_stm32f411xe.o
DMA2_Stream6_IRQHandler                           build_F411RE/startup_stm32f411xe.o
DMA2_Stream7_IRQHandler                           build_F411RE/startup_stm32f411xe.o
DebugMon_Handler                                  build_F411RE/startup_stm32f411xe.o
Default_Handler                                   build_F411RE/startup_stm32f411xe.o
EXTI0_IRQHandler                                  build_F411RE/startup_stm32f411xe.o
EXTI15_10_IRQHandler                              build_F411RE/interrupt.o
EXTI1_IRQHandler                                  build_F411RE/startup_stm32f411xe.o
EXTI2_IRQHandler                                  build_F411RE/startup_stm32f411xe.o
EXTI3_IRQHandler                                  build_F411RE/startup_stm32f411xe.o
EXTI4_IRQHandler                                  build_F411RE/startup_stm32f411xe.o
EXTI9_5_IRQHandler                                build_F411RE/startup_stm32f411xe.o
FLASH_IRQHandler                                  build_F411RE/startup_stm32f411xe.o
FPU_IRQHandler                                    build_F411RE/startup_stm32f411xe.o
GPIO_init                                         build_F411RE/init.o
                                                  build_F411RE/main.o
HardFault_Handler                                 build_F411RE/startup_stm32f411xe.o
I2C1_ER_IRQHandler                                build_F411RE/startup_stm32f411xe.o
I2C1_EV_IRQHandler                                build_F411RE/startup_stm32f411xe.o
I2C2_ER_IRQHandler                                build_F411RE/startup_stm32f411xe.o
I2C2_EV_IRQHandler                                build_F411RE/startup_stm32f411xe.o
I2C3_ER_IRQHandler                                build_F411RE/startup_stm32f411xe.o
I2C3_EV_IRQHandler                                build_F411RE/startup_stm32f411xe.o
MemManage_Handler                                 build_F411RE/startup_stm32f411xe.o
NMI_Handler                                       build_F411RE/startup_stm32f411xe.o
OTG_FS_IRQHandler                                 build_F411RE/startup_stm32f411xe.o
OTG_FS_WKUP_IRQHandler                            build_F411RE/startup_stm32f411xe.o
PVD_IRQHandler                                    build_F411RE/startup_stm32f411xe.o
PendSV_Handler                                    build_F411RE/startup_stm32f411xe.o
RCC_IRQHandler                                    build_F411RE/startup_stm32f411xe.o
RCC_init                                          build_F411RE/init.o
                                                  build_F411RE/main.o
RTC_Alarm_IRQHandler                              build_F411RE/startup_stm32f411xe.o
RTC_WKUP_IRQHandler                               build_F411RE/startup_stm32f411xe.o
Reset_Handler                                     build_F411RE/startup_stm32f411xe.o
SDIO_IRQHandler                                   build_F411RE/startup_stm32f411xe.o
SPI1_IRQHandler                                   build_F411RE/startup_stm32f411xe.o
SPI2_IRQHandler                                   build_F411RE/startup_stm32f411xe.o
SPI3_IRQHandler                                   build_F411RE/startup_stm32f411xe.o
SPI4_IRQHandler                                   build_F411RE/startup_stm32f411xe.o
SPI5_IRQHandler                                   build_F411RE/startup_stm32f411xe.o
SVC_Handler                                       build_F411RE/startup_stm32f411xe.o
SysTick_Handler                                   build_F411RE/interrupt.o
SysTick_init                                      build_F411RE/init.o
                                                  build_F411RE/main.o
SystemCoreClock                                   build_F411RE/system_stm32f4xx.o
                                                  build_F411RE/init.o
SystemCoreClockUpdate                             build_F411RE/system_stm32f4xx.o
SystemInit                                        build_F411RE/system_stm32f4xx.o
                                                  build_F411RE/startup_stm32f411xe.o
TAMP_STAMP_IRQHandler                             build_F411RE/startup_stm32f411xe.o
TIM1_BRK_TIM9_IRQHandler                          build_F411RE/startup_stm32f411xe.o
TIM1_CC_IRQHandler                                build_F411RE/startup_stm32f411xe.o
TIM1_TRG_COM_TIM11_IRQHandler                     build_F411RE/startup_stm32f411xe.o
TIM1_UP_TIM10_IRQHandler                          build_F411RE/startup_stm32f411xe.o
TIM2_IRQHandler                                   build_F411RE/interrupt.o
TIM3_IRQHandler                                   build_F411RE/startup_stm32f411xe.o
TIM4_IRQHandler                                   build_F411RE/startup_stm32f411xe.o
TIM5_IRQHandler                                   build_F411RE/startup_stm32f411xe.o
TIMER2_init                                       build_F411RE/init.o
                                                  build_F411RE/main.o
USART1_IRQHandler                                 build_F411RE/startup_stm32f411xe.o
USART2_IRQHandler                                 build_F411RE/startup_stm32f411xe.o
USART6_IRQHandler                                 build_F411RE/startup_stm32f411xe.o
UsageFault_Handler                                build_F411RE/startup_stm32f411xe.o
WWDG_IRQHandler                                   build_F411RE/startup_stm32f411xe.o
_Balloc                                           C:/Users/Daiana/Desktop/Tools/GCC/xpack-arm-none-eabi-gcc-13.2.1-1.1/bin/../lib/gcc/arm-none-eabi/13.2.1/../../../../arm-none-eabi/lib/thumb/v7e-m+fp/hard\libc_nano.a(libc_a-mprec.o)
                                                  C:/Users/Daiana/Desktop/Tools/GCC/xpack-arm-none-eabi-gcc-13.2.1-1.1/bin/../lib/gcc/arm-none-eabi/13.2.1/../../../../arm-none-eabi/lib/thumb/v7e-m+fp/hard\libc_nano.a(libc_a-dtoa.o)
_Bfree                                            C:/Users/Daiana/Desktop/Tools/GCC/xpack-arm-none-eabi-gcc-13.2.1-1.1/bin/../lib/gcc/arm-none-eabi/13.2.1/../../../../arm-none-eabi/lib/thumb/v7e-m+fp/hard\libc_nano.a(libc_a-mprec.o)
                                                  C:/Users/Daiana/Desktop/Tools/GCC/xpack-arm-none-eabi-gcc-13.2.1-1.1/bin/../lib/gcc/arm-none-eabi/13.2.1/../../../../arm-none-eabi/lib/thumb/v7e-m+fp/hard\libc_nano.a(libc_a-dtoa.o)
_Min_Stack_Size                                   build_F411RE/sysmem.o
_PathLocale                                       C:/Users/Daiana/Desktop/Tools/GCC/xpack-arm-none-eabi-gcc-13.2.1-1.1/bin/../lib/gcc/arm-none-eabi/13.2.1/../../../../arm-none-eabi/lib/thumb/v7e-m+fp/hard\libc_nano.a(libc_a-locale.o)
__adddf3                                          C:/Users/Daiana/Desktop/Tools/GCC/xpack-arm-none-eabi-gcc-13.2.1-1.1/bin/../lib/gcc/arm-none-eabi/13.2.1/thumb/v7e-m+fp/hard\libgcc.a(_arm_addsubdf3.o)
__aeabi_cdcmpeq                                   C:/Users/Daiana/Desktop/Tools/GCC/xpack-arm-none-eabi-gcc-13.2.1-1.1/bin/../lib/gcc/arm-none-eabi/13.2.1/thumb/v7e-m+fp/hard\libgcc.a(_arm_cmpdf2.o)
__aeabi_cdcmple                                   C:/Users/Daiana/Desktop/Tools/GCC/xpack-arm-none-eabi-gcc-13.2.1-1.1/bin/../lib/gcc/arm-none-eabi/13.2.1/thumb/v7e-m+fp/hard\libgcc.a(_arm_cmpdf2.o)
__aeabi_cdrcmple                                  C:/Users/Daiana/Desktop/Tools/GCC/xpack-arm-none-eabi-gcc-13.2.1-1.1/bin/../lib/gcc/arm-none-eabi/13.2.1/thumb/v7e-m+fp/hard\libgcc.a(_arm_cmpdf2.o)
__aeabi_d2iz                                      C:/Users/Daiana/Desktop/Tools/GCC/xpack-arm-none-eabi-gcc-13.2.1-1.1/bin/../lib/gcc/arm-none-eabi/13.2.1/thumb/v7e-m+fp/hard\libgcc.a(_arm_fixdfsi.o)
                                                  C:/Users/Daiana/Desktop/Tools/GCC/xpack-arm-none-eabi-gcc-13.2.1-1.1/bin/../lib/gcc/arm-none-eabi/13.2.1/../../../../arm-none-eabi/lib/thumb/v7e-m+fp/hard\libc_nano.a(libc_a-dtoa.o)
__aeabi_dadd                                      C:/Users/Daiana/Desktop/Tools/GCC/xpack-arm-none-eabi-gcc-13.2.1-1.1/bin/../lib/gcc/arm-none-eabi/13.2.1/thumb/v7e-m+fp/hard\libgcc.a(_arm_addsubdf3.o)
                                                  C:/Users/Daiana/Desktop/Tools/GCC/xpack-arm-none-eabi-gcc-13.2.1-1.1/bin/../lib/gcc/arm-none-eabi/13.2.1/../../../../arm-none-eabi/lib/thumb/v7e-m+fp/hard\libc_nano.a(libc_a-dtoa.o)
__aeabi_dcmpeq                                    C:/Users/Daiana/Desktop/Tools/GCC/xpack-arm-none-eabi-gcc-13.2.1-1.1/bin/../lib/gcc/arm-none-eabi/13.2.1/thumb/v7e-m+fp/hard\libgcc.a(_arm_cmpdf2.o)
                                                  C:/Users/Daiana/Desktop/Tools/GCC/xpack-arm-none-eabi-gcc-13.2.1-1.1/bin/../lib/gcc/arm-none-eabi/13.2.1/../../../../arm-none-eabi/lib/thumb/v7e-m+fp/hard\libc_nano.a(libc_a-dtoa.o)
                                                  C:/Users/Daiana/Desktop/Tools/GCC/xpack-arm-none-eabi-gcc-13.2.1-1.1/bin/../lib/gcc/arm-none-eabi/13.2.1/../../../../arm-none-eabi/lib/thumb/v7e-m+fp/hard\libc_nano.a(libc_a-nano-vfprintf_float.o)
__aeabi_dcmpge                                    C:/Users/Daiana/Desktop/Tools/GCC/xpack-arm-none-eabi-gcc-13.2.1-1.1/bin/../lib/gcc/arm-none-eabi/13.2.1/thumb/v7e-m+fp/hard\libgcc.a(_arm_cmpdf2.o)
                                                  C:/Users/Daiana/Desktop/Tools/GCC/xpack-arm-none-eabi-gcc-13.2.1-1.1/bin/../lib/gcc/arm-none-eabi/13.2.1/../../../../arm-none-eabi/lib/thumb/v7e-m+fp/hard\libc_nano.a(libc_a-dtoa.o)
__aeabi_dcmpgt                                    C:/Users/Daiana/Desktop/Tools/GCC/xpack-arm-none-eabi-gcc-13.2.1-1.1/bin/../lib/gcc/arm-none-eabi/13.2.1/thumb/v7e-m+fp/hard\libgcc.a(_arm_cmpdf2.o)
                                                  C:/Users/Daiana/Desktop/Tools/GCC/xpack-arm-none-eabi-gcc-13.2.1-1.1/bin/../lib/gcc/arm-none-eabi/13.2.1/../../../../arm-none-eabi/lib/thumb/v7e-m+fp/hard\libc_nano.a(libc_a-dtoa.o)